Archive member included to satisfy reference by file (symbol)

d:/software/embedded_tools/qp/qp/qtools/gnu_arm-none-eabi/bin/../lib/gcc/arm-none-eabi/10.3.1/../../../../arm-none-eabi/lib/thumb/v7-m/nofp\libg_nano.a(lib_a-exit.o)
                              d:/software/embedded_tools/qp/qp/qtools/gnu_arm-none-eabi/bin/../lib/gcc/arm-none-eabi/10.3.1/../../../../arm-none-eabi/lib/thumb/v7-m/nofp/crt0.o (exit)
d:/software/embedded_tools/qp/qp/qtools/gnu_arm-none-eabi/bin/../lib/gcc/arm-none-eabi/10.3.1/../../../../arm-none-eabi/lib/thumb/v7-m/nofp\libg_nano.a(lib_a-impure.o)
                              d:/software/embedded_tools/qp/qp/qtools/gnu_arm-none-eabi/bin/../lib/gcc/arm-none-eabi/10.3.1/../../../../arm-none-eabi/lib/thumb/v7-m/nofp\libg_nano.a(lib_a-exit.o) (_global_impure_ptr)
d:/software/embedded_tools/qp/qp/qtools/gnu_arm-none-eabi/bin/../lib/gcc/arm-none-eabi/10.3.1/../../../../arm-none-eabi/lib/thumb/v7-m/nofp\libg_nano.a(lib_a-init.o)
                              d:/software/embedded_tools/qp/qp/qtools/gnu_arm-none-eabi/bin/../lib/gcc/arm-none-eabi/10.3.1/../../../../arm-none-eabi/lib/thumb/v7-m/nofp/crt0.o (__libc_init_array)
d:/software/embedded_tools/qp/qp/qtools/gnu_arm-none-eabi/bin/../lib/gcc/arm-none-eabi/10.3.1/../../../../arm-none-eabi/lib/thumb/v7-m/nofp\libg_nano.a(lib_a-memset.o)
                              d:/software/embedded_tools/qp/qp/qtools/gnu_arm-none-eabi/bin/../lib/gcc/arm-none-eabi/10.3.1/../../../../arm-none-eabi/lib/thumb/v7-m/nofp/crt0.o (memset)
d:/software/embedded_tools/qp/qp/qtools/gnu_arm-none-eabi/bin/../lib/gcc/arm-none-eabi/10.3.1/../../../../arm-none-eabi/lib/thumb/v7-m/nofp\libnosys.a(_exit.o)
                              d:/software/embedded_tools/qp/qp/qtools/gnu_arm-none-eabi/bin/../lib/gcc/arm-none-eabi/10.3.1/../../../../arm-none-eabi/lib/thumb/v7-m/nofp\libg_nano.a(lib_a-exit.o) (_exit)

Discarded input sections

 .text          0x00000000        0x0 d:/software/embedded_tools/qp/qp/qtools/gnu_arm-none-eabi/bin/../lib/gcc/arm-none-eabi/10.3.1/thumb/v7-m/nofp/crti.o
 .data          0x00000000        0x0 d:/software/embedded_tools/qp/qp/qtools/gnu_arm-none-eabi/bin/../lib/gcc/arm-none-eabi/10.3.1/thumb/v7-m/nofp/crti.o
 .bss           0x00000000        0x0 d:/software/embedded_tools/qp/qp/qtools/gnu_arm-none-eabi/bin/../lib/gcc/arm-none-eabi/10.3.1/thumb/v7-m/nofp/crti.o
 .data          0x00000000        0x4 d:/software/embedded_tools/qp/qp/qtools/gnu_arm-none-eabi/bin/../lib/gcc/arm-none-eabi/10.3.1/thumb/v7-m/nofp/crtbegin.o
 .rodata        0x00000000       0x24 d:/software/embedded_tools/qp/qp/qtools/gnu_arm-none-eabi/bin/../lib/gcc/arm-none-eabi/10.3.1/thumb/v7-m/nofp/crtbegin.o
 .text          0x00000000       0x7c d:/software/embedded_tools/qp/qp/qtools/gnu_arm-none-eabi/bin/../lib/gcc/arm-none-eabi/10.3.1/../../../../arm-none-eabi/lib/thumb/v7-m/nofp/crt0.o
 .data          0x00000000        0x0 d:/software/embedded_tools/qp/qp/qtools/gnu_arm-none-eabi/bin/../lib/gcc/arm-none-eabi/10.3.1/../../../../arm-none-eabi/lib/thumb/v7-m/nofp/crt0.o
 .bss           0x00000000        0x0 d:/software/embedded_tools/qp/qp/qtools/gnu_arm-none-eabi/bin/../lib/gcc/arm-none-eabi/10.3.1/../../../../arm-none-eabi/lib/thumb/v7-m/nofp/crt0.o
 .ARM.extab     0x00000000        0x0 d:/software/embedded_tools/qp/qp/qtools/gnu_arm-none-eabi/bin/../lib/gcc/arm-none-eabi/10.3.1/../../../../arm-none-eabi/lib/thumb/v7-m/nofp/crt0.o
 .ARM.exidx     0x00000000       0x10 d:/software/embedded_tools/qp/qp/qtools/gnu_arm-none-eabi/bin/../lib/gcc/arm-none-eabi/10.3.1/../../../../arm-none-eabi/lib/thumb/v7-m/nofp/crt0.o
 .ARM.attributes
                0x00000000       0x1b d:/software/embedded_tools/qp/qp/qtools/gnu_arm-none-eabi/bin/../lib/gcc/arm-none-eabi/10.3.1/../../../../arm-none-eabi/lib/thumb/v7-m/nofp/crt0.o
 .group         0x00000000        0xc CMakeFiles/Template.dir/app/main.c.obj
 .group         0x00000000        0xc CMakeFiles/Template.dir/app/main.c.obj
 .group         0x00000000        0xc CMakeFiles/Template.dir/app/main.c.obj
 .group         0x00000000        0xc CMakeFiles/Template.dir/app/main.c.obj
 .group         0x00000000        0xc CMakeFiles/Template.dir/app/main.c.obj
 .group         0x00000000        0xc CMakeFiles/Template.dir/app/main.c.obj
 .group         0x00000000        0xc CMakeFiles/Template.dir/app/main.c.obj
 .group         0x00000000        0xc CMakeFiles/Template.dir/app/main.c.obj
 .group         0x00000000        0xc CMakeFiles/Template.dir/app/main.c.obj
 .group         0x00000000        0xc CMakeFiles/Template.dir/app/main.c.obj
 .group         0x00000000        0xc CMakeFiles/Template.dir/app/main.c.obj
 .group         0x00000000        0xc CMakeFiles/Template.dir/app/main.c.obj
 .group         0x00000000        0xc CMakeFiles/Template.dir/app/main.c.obj
 .group         0x00000000        0xc CMakeFiles/Template.dir/app/main.c.obj
 .group         0x00000000        0xc CMakeFiles/Template.dir/app/main.c.obj
[...]
Memory Configuration

Name             Origin             Length             Attributes
RAM              0x20000000         0x00010000         xrw
FLASH            0x08000000         0x00080000         xr
*default*        0x00000000         0xffffffff

Linker script and memory map

LOAD d:/software/embedded_tools/qp/qp/qtools/gnu_arm-none-eabi/bin/../lib/gcc/arm-none-eabi/10.3.1/thumb/v7-m/nofp/crti.o
LOAD d:/software/embedded_tools/qp/qp/qtools/gnu_arm-none-eabi/bin/../lib/gcc/arm-none-eabi/10.3.1/thumb/v7-m/nofp/crtbegin.o
LOAD d:/software/embedded_tools/qp/qp/qtools/gnu_arm-none-eabi/bin/../lib/gcc/arm-none-eabi/10.3.1/../../../../arm-none-eabi/lib/thumb/v7-m/nofp/crt0.o
LOAD CMakeFiles/Template.dir/app/main.c.obj
LOAD CMakeFiles/Template.dir/platform/mcu/stm32f103ze/bsp/delay/delay.c.obj
LOAD CMakeFiles/Template.dir/platform/mcu/stm32f103ze/bsp/it/stm32f1xx_it.c.obj
LOAD CMakeFiles/Template.dir/platform/mcu/stm32f103ze/bsp/sys/sys.c.obj
LOAD CMakeFiles/Template.dir/platform/mcu/stm32f103ze/libraries/STM32F1xx_HAL_Driver/Src/stm32f1xx_hal.c.obj
LOAD CMakeFiles/Template.dir/platform/mcu/stm32f103ze/libraries/STM32F1xx_HAL_Driver/Src/stm32f1xx_hal_cortex.c.obj
LOAD CMakeFiles/Template.dir/platform/mcu/stm32f103ze/libraries/STM32F1xx_HAL_Driver/Src/stm32f1xx_hal_dma.c.obj
LOAD CMakeFiles/Template.dir/platform/mcu/stm32f103ze/libraries/STM32F1xx_HAL_Driver/Src/stm32f1xx_hal_exti.c.obj
LOAD CMakeFiles/Template.dir/platform/mcu/stm32f103ze/libraries/STM32F1xx_HAL_Driver/Src/stm32f1xx_hal_flash.c.obj
LOAD CMakeFiles/Template.dir/platform/mcu/stm32f103ze/libraries/STM32F1xx_HAL_Driver/Src/stm32f1xx_hal_flash_ex.c.obj
LOAD CMakeFiles/Template.dir/platform/mcu/stm32f103ze/libraries/STM32F1xx_HAL_Driver/Src/stm32f1xx_hal_gpio.c.obj
LOAD CMakeFiles/Template.dir/platform/mcu/stm32f103ze/libraries/STM32F1xx_HAL_Driver/Src/stm32f1xx_hal_gpio_ex.c.obj
LOAD CMakeFiles/Template.dir/platform/mcu/stm32f103ze/libraries/STM32F1xx_HAL_Driver/Src/stm32f1xx_hal_pwr.c.obj
LOAD CMakeFiles/Template.dir/platform/mcu/stm32f103ze/libraries/STM32F1xx_HAL_Driver/Src/stm32f1xx_hal_rcc.c.obj
LOAD CMakeFiles/Template.dir/platform/mcu/stm32f103ze/libraries/STM32F1xx_HAL_Driver/Src/stm32f1xx_hal_rcc_ex.c.obj
LOAD CMakeFiles/Template.dir/platform/mcu/stm32f103ze/libraries/STM32F1xx_HAL_Driver/Src/stm32f1xx_hal_tim.c.obj
LOAD CMakeFiles/Template.dir/platform/mcu/stm32f103ze/libraries/STM32F1xx_HAL_Driver/Src/stm32f1xx_hal_tim_ex.c.obj
LOAD CMakeFiles/Template.dir/platform/mcu/stm32f103ze/libraries/STM32F1xx_HAL_Driver/Src/stm32f1xx_hal_uart.c.obj
LOAD CMakeFiles/Template.dir/platform/mcu/stm32f103ze/core/system_stm32f1xx.c.obj
LOAD CMakeFiles/Template.dir/platform/mcu/stm32f103ze/core/GCC/startup_stm32f103xe.s.obj
LOAD platform\mcu\stm32f103ze\bsp\libbsp.a
LOAD platform\mcu\stm32f103ze\libraries\libstm32f10x_hal.a
START GROUP
LOAD d:/software/embedded_tools/qp/qp/qtools/gnu_arm-none-eabi/bin/../lib/gcc/arm-none-eabi/10.3.1/thumb/v7-m/nofp\libgcc.a
LOAD d:/software/embedded_tools/qp/qp/qtools/gnu_arm-none-eabi/bin/../lib/gcc/arm-none-eabi/10.3.1/../../../../arm-none-eabi/lib/thumb/v7-m/nofp\libg_nano.a
LOAD d:/software/embedded_tools/qp/qp/qtools/gnu_arm-none-eabi/bin/../lib/gcc/arm-none-eabi/10.3.1/../../../../arm-none-eabi/lib/thumb/v7-m/nofp\libc_nano.a
END GROUP
START GROUP
LOAD d:/software/embedded_tools/qp/qp/qtools/gnu_arm-none-eabi/bin/../lib/gcc/arm-none-eabi/10.3.1/thumb/v7-m/nofp\libgcc.a
LOAD d:/software/embedded_tools/qp/qp/qtools/gnu_arm-none-eabi/bin/../lib/gcc/arm-none-eabi/10.3.1/../../../../arm-none-eabi/lib/thumb/v7-m/nofp\libc_nano.a
LOAD d:/software/embedded_tools/qp/qp/qtools/gnu_arm-none-eabi/bin/../lib/gcc/arm-none-eabi/10.3.1/../../../../arm-none-eabi/lib/thumb/v7-m/nofp\libnosys.a
END GROUP
START GROUP
LOAD d:/software/embedded_tools/qp/qp/qtools/gnu_arm-none-eabi/bin/../lib/gcc/arm-none-eabi/10.3.1/thumb/v7-m/nofp\libgcc.a
LOAD d:/software/embedded_tools/qp/qp/qtools/gnu_arm-none-eabi/bin/../lib/gcc/arm-none-eabi/10.3.1/../../../../arm-none-eabi/lib/thumb/v7-m/nofp\libc_nano.a
LOAD d:/software/embedded_tools/qp/qp/qtools/gnu_arm-none-eabi/bin/../lib/gcc/arm-none-eabi/10.3.1/../../../../arm-none-eabi/lib/thumb/v7-m/nofp\libnosys.a
END GROUP
LOAD d:/software/embedded_tools/qp/qp/qtools/gnu_arm-none-eabi/bin/../lib/gcc/arm-none-eabi/10.3.1/thumb/v7-m/nofp/crtend.o
LOAD d:/software/embedded_tools/qp/qp/qtools/gnu_arm-none-eabi/bin/../lib/gcc/arm-none-eabi/10.3.1/thumb/v7-m/nofp/crtn.o
                0x20010000                _estack = (ORIGIN (RAM) + LENGTH (RAM))
                0x00000200                _Min_Heap_Size = 0x200
                0x00004000                _Min_Stack_Size = 0x4000

.isr_vector     0x08000000      0x1e4
                0x08000000                . = ALIGN (0x4)
 *(.isr_vector)
 .isr_vector    0x08000000      0x1e4 CMakeFiles/Template.dir/platform/mcu/stm32f103ze/core/GCC/startup_stm32f103xe.s.obj
                0x08000000                g_pfnVectors
                0x080001e4                . = ALIGN (0x4)

.text           0x080001e4      0xc34
                0x080001e4                . = ALIGN (0x4)
 *(.text)
 .text          0x080001e4       0x40 d:/software/embedded_tools/qp/qp/qtools/gnu_arm-none-eabi/bin/../lib/gcc/arm-none-eabi/10.3.1/thumb/v7-m/nofp/crtbegin.o
 *(.text*)
 .text.main     0x08000224       0xc0 CMakeFiles/Template.dir/app/main.c.obj
                0x08000224                main
 .text.delay_init
                0x080002e4       0x14 CMakeFiles/Template.dir/platform/mcu/stm32f103ze/bsp/delay/delay.c.obj
                0x080002e4                delay_init
 .text.delay_us
                0x080002f8       0x3c CMakeFiles/Template.dir/platform/mcu/stm32f103ze/bsp/delay/delay.c.obj
                0x080002f8                delay_us
 .text.delay_ms
                0x08000334       0x18 CMakeFiles/Template.dir/platform/mcu/stm32f103ze/bsp/delay/delay.c.obj
                0x08000334                delay_ms
 .text.NMI_Handler
                0x0800034c        0x2 CMakeFiles/Template.dir/platform/mcu/stm32f103ze/bsp/it/stm32f1xx_it.c.obj
                0x0800034c                NMI_Handler
 .text.HardFault_Handler
                0x0800034e        0x2 CMakeFiles/Template.dir/platform/mcu/stm32f103ze/bsp/it/stm32f1xx_it.c.obj
                0x0800034e                HardFault_Handler
 .text.MemManage_Handler
                0x08000350        0x2 CMakeFiles/Template.dir/platform/mcu/stm32f103ze/bsp/it/stm32f1xx_it.c.obj
                0x08000350                MemManage_Handler
 .text.BusFault_Handler
                0x08000352        0x2 CMakeFiles/Template.dir/platform/mcu/stm32f103ze/bsp/it/stm32f1xx_it.c.obj
                0x08000352                BusFault_Handler
 .text.UsageFault_Handler
                0x08000354        0x2 CMakeFiles/Template.dir/platform/mcu/stm32f103ze/bsp/it/stm32f1xx_it.c.obj
                0x08000354                UsageFault_Handler
 .text.SVC_Handler
                0x08000356        0x2 CMakeFiles/Template.dir/platform/mcu/stm32f103ze/bsp/it/stm32f1xx_it.c.obj
                0x08000356                SVC_Handler
 .text.DebugMon_Handler
                0x08000358        0x2 CMakeFiles/Template.dir/platform/mcu/stm32f103ze/bsp/it/stm32f1xx_it.c.obj
                0x08000358                DebugMon_Handler
 .text.PendSV_Handler
                0x0800035a        0x2 CMakeFiles/Template.dir/platform/mcu/stm32f103ze/bsp/it/stm32f1xx_it.c.obj
                0x0800035a                PendSV_Handler
 .text.SysTick_Handler
                0x0800035c        0x8 CMakeFiles/Template.dir/platform/mcu/stm32f103ze/bsp/it/stm32f1xx_it.c.obj
                0x0800035c                SysTick_Handler
 .text.Stm32_Clock_Init
                0x08000364       0x48 CMakeFiles/Template.dir/platform/mcu/stm32f103ze/bsp/sys/sys.c.obj
                0x08000364                Stm32_Clock_Init
 .text.HAL_MspInit
                0x080003ac        0x2 CMakeFiles/Template.dir/platform/mcu/stm32f103ze/libraries/STM32F1xx_HAL_Driver/Src/stm32f1xx_hal.c.obj
                0x080003ac                HAL_MspInit
 *fill*         0x080003ae        0x2 
 .text.HAL_InitTick
                0x080003b0       0x4c CMakeFiles/Template.dir/platform/mcu/stm32f103ze/libraries/STM32F1xx_HAL_Driver/Src/stm32f1xx_hal.c.obj
                0x080003b0                HAL_InitTick
 .text.HAL_Init
                0x080003fc       0x24 CMakeFiles/Template.dir/platform/mcu/stm32f103ze/libraries/STM32F1xx_HAL_Driver/Src/stm32f1xx_hal.c.obj
                0x080003fc                HAL_Init
 .text.HAL_IncTick
                0x08000420       0x18 CMakeFiles/Template.dir/platform/mcu/stm32f103ze/libraries/STM32F1xx_HAL_Driver/Src/stm32f1xx_hal.c.obj
                0x08000420                HAL_IncTick
 .text.HAL_GetTick
                0x08000438        0xc CMakeFiles/Template.dir/platform/mcu/stm32f103ze/libraries/STM32F1xx_HAL_Driver/Src/stm32f1xx_hal.c.obj
                0x08000438                HAL_GetTick
 .text.HAL_NVIC_SetPriorityGrouping
                0x08000444       0x24 CMakeFiles/Template.dir/platform/mcu/stm32f103ze/libraries/STM32F1xx_HAL_Driver/Src/stm32f1xx_hal_cortex.c.obj
                0x08000444                HAL_NVIC_SetPriorityGrouping
 .text.HAL_NVIC_SetPriority
                0x08000468       0x70 CMakeFiles/Template.dir/platform/mcu/stm32f103ze/libraries/STM32F1xx_HAL_Driver/Src/stm32f1xx_hal_cortex.c.obj
                0x08000468                HAL_NVIC_SetPriority
 .text.HAL_SYSTICK_Config
                0x080004d8       0x28 CMakeFiles/Template.dir/platform/mcu/stm32f103ze/libraries/STM32F1xx_HAL_Driver/Src/stm32f1xx_hal_cortex.c.obj
                0x080004d8                HAL_SYSTICK_Config
 .text.HAL_SYSTICK_CLKSourceConfig
                0x08000500       0x20 CMakeFiles/Template.dir/platform/mcu/stm32f103ze/libraries/STM32F1xx_HAL_Driver/Src/stm32f1xx_hal_cortex.c.obj
                0x08000500                HAL_SYSTICK_CLKSourceConfig
 .text.HAL_GPIO_Init
                0x08000520      0x240 CMakeFiles/Template.dir/platform/mcu/stm32f103ze/libraries/STM32F1xx_HAL_Driver/Src/stm32f1xx_hal_gpio.c.obj
                0x08000520                HAL_GPIO_Init
 .text.HAL_GPIO_WritePin
                0x08000760        0xc CMakeFiles/Template.dir/platform/mcu/stm32f103ze/libraries/STM32F1xx_HAL_Driver/Src/stm32f1xx_hal_gpio.c.obj
                0x08000760                HAL_GPIO_WritePin
 .text.RCC_Delay
                0x0800076c       0x2c CMakeFiles/Template.dir/platform/mcu/stm32f103ze/libraries/STM32F1xx_HAL_Driver/Src/stm32f1xx_hal_rcc.c.obj
 .text.HAL_RCC_OscConfig
                0x08000798      0x410 CMakeFiles/Template.dir/platform/mcu/stm32f103ze/libraries/STM32F1xx_HAL_Driver/Src/stm32f1xx_hal_rcc.c.obj
                0x08000798                HAL_RCC_OscConfig
 .text.HAL_RCC_GetSysClockFreq
                0x08000ba8       0x54 CMakeFiles/Template.dir/platform/mcu/stm32f103ze/libraries/STM32F1xx_HAL_Driver/Src/stm32f1xx_hal_rcc.c.obj
                0x08000ba8                HAL_RCC_GetSysClockFreq
 .text.HAL_RCC_ClockConfig
                0x08000bfc      0x16c CMakeFiles/Template.dir/platform/mcu/stm32f103ze/libraries/STM32F1xx_HAL_Driver/Src/stm32f1xx_hal_rcc.c.obj
                0x08000bfc                HAL_RCC_ClockConfig
 .text.SystemInit
                0x08000d68        0x2 CMakeFiles/Template.dir/platform/mcu/stm32f103ze/core/system_stm32f1xx.c.obj
                0x08000d68                SystemInit
 *fill*         0x08000d6a        0x2 
 .text.Reset_Handler
                0x08000d6c       0x48 CMakeFiles/Template.dir/platform/mcu/stm32f103ze/core/GCC/startup_stm32f103xe.s.obj
                0x08000d6c                Reset_Handler
 .text.Default_Handler
                0x08000db4        0x2 CMakeFiles/Template.dir/platform/mcu/stm32f103ze/core/GCC/startup_stm32f103xe.s.obj
                0x08000db4                RTC_Alarm_IRQHandler
                0x08000db4                EXTI2_IRQHandler
                0x08000db4                TIM8_TRG_COM_IRQHandler
                0x08000db4                TIM8_CC_IRQHandler
                0x08000db4                TIM1_CC_IRQHandler
                0x08000db4                TIM6_IRQHandler
                0x08000db4                PVD_IRQHandler
                0x08000db4                SDIO_IRQHandler
                0x08000db4                EXTI3_IRQHandler
                0x08000db4                EXTI0_IRQHandler
                0x08000db4                I2C2_EV_IRQHandler
                0x08000db4                ADC1_2_IRQHandler
                0x08000db4                SPI1_IRQHandler
                0x08000db4                TAMPER_IRQHandler
                0x08000db4                TIM8_UP_IRQHandler
                0x08000db4                DMA2_Channel2_IRQHandler
                0x08000db4                DMA1_Channel4_IRQHandler
                0x08000db4                USART3_IRQHandler
                0x08000db4                RTC_IRQHandler
                0x08000db4                DMA1_Channel7_IRQHandler
                0x08000db4                CAN1_RX1_IRQHandler
                0x08000db4                UART5_IRQHandler
                0x08000db4                ADC3_IRQHandler
                0x08000db4                TIM4_IRQHandler
                0x08000db4                DMA2_Channel1_IRQHandler
                0x08000db4                I2C1_EV_IRQHandler
                0x08000db4                DMA1_Channel6_IRQHandler
                0x08000db4                UART4_IRQHandler
                0x08000db4                TIM3_IRQHandler
                0x08000db4                RCC_IRQHandler
                0x08000db4                TIM1_TRG_COM_IRQHandler
                0x08000db4                DMA1_Channel1_IRQHandler
                0x08000db4                Default_Handler
                0x08000db4                EXTI15_10_IRQHandler
                0x08000db4                TIM7_IRQHandler
                0x08000db4                TIM5_IRQHandler
                0x08000db4                EXTI9_5_IRQHandler
                0x08000db4                SPI2_IRQHandler
                0x08000db4                DMA1_Channel5_IRQHandler
                0x08000db4                EXTI4_IRQHandler
                0x08000db4                USB_LP_CAN1_RX0_IRQHandler
                0x08000db4                USB_HP_CAN1_TX_IRQHandler
                0x08000db4                DMA1_Channel3_IRQHandler
                0x08000db4                FSMC_IRQHandler
                0x08000db4                TIM1_UP_IRQHandler
                0x08000db4                WWDG_IRQHandler
                0x08000db4                TIM2_IRQHandler
                0x08000db4                TIM1_BRK_IRQHandler
                0x08000db4                EXTI1_IRQHandler
                0x08000db4                DMA2_Channel4_5_IRQHandler
                0x08000db4                USART2_IRQHandler
                0x08000db4                I2C2_ER_IRQHandler
                0x08000db4                DMA1_Channel2_IRQHandler
                0x08000db4                TIM8_BRK_IRQHandler
                0x08000db4                CAN1_SCE_IRQHandler
                0x08000db4                FLASH_IRQHandler
                0x08000db4                USART1_IRQHandler
                0x08000db4                SPI3_IRQHandler
                0x08000db4                I2C1_ER_IRQHandler
                0x08000db4                USBWakeUp_IRQHandler
                0x08000db4                DMA2_Channel3_IRQHandler
 *fill*         0x08000db6        0x2 
 .text.__libc_init_array
                0x08000db8       0x48 d:/software/embedded_tools/qp/qp/qtools/gnu_arm-none-eabi/bin/../lib/gcc/arm-none-eabi/10.3.1/../../../../arm-none-eabi/lib/thumb/v7-m/nofp\libg_nano.a(lib_a-init.o)
                0x08000db8                __libc_init_array
 *(.glue_7)
 .glue_7        0x08000e00        0x0 linker stubs
 *(.glue_7t)
 .glue_7t       0x08000e00        0x0 linker stubs
 *(.eh_frame)
 .eh_frame      0x08000e00        0x0 d:/software/embedded_tools/qp/qp/qtools/gnu_arm-none-eabi/bin/../lib/gcc/arm-none-eabi/10.3.1/thumb/v7-m/nofp/crtbegin.o
 *(.init)
 .init          0x08000e00        0x4 d:/software/embedded_tools/qp/qp/qtools/gnu_arm-none-eabi/bin/../lib/gcc/arm-none-eabi/10.3.1/thumb/v7-m/nofp/crti.o
                0x08000e00                _init
 .init          0x08000e04        0x8 d:/software/embedded_tools/qp/qp/qtools/gnu_arm-none-eabi/bin/../lib/gcc/arm-none-eabi/10.3.1/thumb/v7-m/nofp/crtn.o
 *(.fini)
 .fini          0x08000e0c        0x4 d:/software/embedded_tools/qp/qp/qtools/gnu_arm-none-eabi/bin/../lib/gcc/arm-none-eabi/10.3.1/thumb/v7-m/nofp/crti.o
                0x08000e0c                _fini
 .fini          0x08000e10        0x8 d:/software/embedded_tools/qp/qp/qtools/gnu_arm-none-eabi/bin/../lib/gcc/arm-none-eabi/10.3.1/thumb/v7-m/nofp/crtn.o
                0x08000e18                . = ALIGN (0x4)
                0x08000e18                _etext = .

.vfp11_veneer   0x08000e18        0x0
 .vfp11_veneer  0x08000e18        0x0 linker stubs

.v4_bx          0x08000e18        0x0
 .v4_bx         0x08000e18        0x0 linker stubs

.iplt           0x08000e18        0x0
 .iplt          0x08000e18        0x0 d:/software/embedded_tools/qp/qp/qtools/gnu_arm-none-eabi/bin/../lib/gcc/arm-none-eabi/10.3.1/thumb/v7-m/nofp/crtbegin.o

.rodata         0x08000e18       0x24
                0x08000e18                . = ALIGN (0x4)
 *(.rodata)
 *(.rodata*)
 .rodata.aPLLMULFactorTable.1
                0x08000e18       0x10 CMakeFiles/Template.dir/platform/mcu/stm32f103ze/libraries/STM32F1xx_HAL_Driver/Src/stm32f1xx_hal_rcc.c.obj
 .rodata.aPredivFactorTable.0
                0x08000e28        0x2 CMakeFiles/Template.dir/platform/mcu/stm32f103ze/libraries/STM32F1xx_HAL_Driver/Src/stm32f1xx_hal_rcc.c.obj
 *fill*         0x08000e2a        0x2 
 .rodata.AHBPrescTable
                0x08000e2c       0x10 CMakeFiles/Template.dir/platform/mcu/stm32f103ze/core/system_stm32f1xx.c.obj
                0x08000e2c                AHBPrescTable
                0x08000e3c                . = ALIGN (0x4)

.rel.dyn        0x08000e3c        0x0
 .rel.iplt      0x08000e3c        0x0 d:/software/embedded_tools/qp/qp/qtools/gnu_arm-none-eabi/bin/../lib/gcc/arm-none-eabi/10.3.1/thumb/v7-m/nofp/crtbegin.o

.ARM.extab
 *(.ARM.extab* .gnu.linkonce.armextab.*)

.ARM            0x08000e3c        0x0
                0x08000e3c                __exidx_start = .
 *(.ARM.exidx*)
                0x08000e3c                __exidx_end = .

.preinit_array  0x08000e3c        0x0
                0x08000e3c                PROVIDE (__preinit_array_start = .)
 *(.preinit_array*)
                0x08000e3c                PROVIDE (__preinit_array_end = .)

.init_array     0x08000e3c        0x4
                0x08000e3c                PROVIDE (__init_array_start = .)
 *(SORT_BY_NAME(.init_array.*))
 *(.init_array*)
 .init_array    0x08000e3c        0x4 d:/software/embedded_tools/qp/qp/qtools/gnu_arm-none-eabi/bin/../lib/gcc/arm-none-eabi/10.3.1/thumb/v7-m/nofp/crtbegin.o
                0x08000e40                PROVIDE (__init_array_end = .)

.fini_array     0x08000e40        0x4
                [!provide]                PROVIDE (__fini_array_start = .)
 *(SORT_BY_NAME(.fini_array.*))
 *(.fini_array*)
 .fini_array    0x08000e40        0x4 d:/software/embedded_tools/qp/qp/qtools/gnu_arm-none-eabi/bin/../lib/gcc/arm-none-eabi/10.3.1/thumb/v7-m/nofp/crtbegin.o
                [!provide]                PROVIDE (__fini_array_end = .)
                0x08000e44                _sidata = LOADADDR (.data)

.data           0x20000000        0xc load address 0x08000e44
                0x20000000                . = ALIGN (0x4)
                0x20000000                _sdata = .
 *(.data)
 *(.data*)
 .data.uwTickFreq
                0x20000000        0x1 CMakeFiles/Template.dir/platform/mcu/stm32f103ze/libraries/STM32F1xx_HAL_Driver/Src/stm32f1xx_hal.c.obj
                0x20000000                uwTickFreq
 *fill*         0x20000001        0x3 
 .data.uwTickPrio
                0x20000004        0x4 CMakeFiles/Template.dir/platform/mcu/stm32f103ze/libraries/STM32F1xx_HAL_Driver/Src/stm32f1xx_hal.c.obj
                0x20000004                uwTickPrio
 .data.SystemCoreClock
                0x20000008        0x4 CMakeFiles/Template.dir/platform/mcu/stm32f103ze/core/system_stm32f1xx.c.obj
                0x20000008                SystemCoreClock
                0x2000000c                . = ALIGN (0x4)
                0x2000000c                _edata = .

.igot.plt       0x2000000c        0x0 load address 0x08000e50
 .igot.plt      0x2000000c        0x0 d:/software/embedded_tools/qp/qp/qtools/gnu_arm-none-eabi/bin/../lib/gcc/arm-none-eabi/10.3.1/thumb/v7-m/nofp/crtbegin.o
                0x2000000c                . = ALIGN (0x4)

.bss            0x2000000c       0x24 load address 0x08000e50
                0x2000000c                _sbss = .
                0x2000000c                __bss_start__ = _sbss
 *(.bss)
 .bss           0x2000000c       0x1c d:/software/embedded_tools/qp/qp/qtools/gnu_arm-none-eabi/bin/../lib/gcc/arm-none-eabi/10.3.1/thumb/v7-m/nofp/crtbegin.o
 *(.bss*)
 .bss.fac_us    0x20000028        0x4 CMakeFiles/Template.dir/platform/mcu/stm32f103ze/bsp/delay/delay.c.obj
 .bss.uwTick    0x2000002c        0x4 CMakeFiles/Template.dir/platform/mcu/stm32f103ze/libraries/STM32F1xx_HAL_Driver/Src/stm32f1xx_hal.c.obj
                0x2000002c                uwTick
 *(COMMON)
                0x20000030                . = ALIGN (0x4)
                0x20000030                _ebss = .
                0x20000030                __bss_end__ = _ebss

._user_heap_stack
                0x20000030     0x4200 load address 0x08000e50
                0x20000030                . = ALIGN (0x8)
                [!provide]                PROVIDE (end = .)
                [!provide]                PROVIDE (_end = .)
                0x20000230                . = (. + _Min_Heap_Size)
 *fill*         0x20000030      0x200 
                0x20004230                . = (. + _Min_Stack_Size)
 *fill*         0x20000230     0x4000 
                0x20004230                . = ALIGN (0x8)

/DISCARD/
 libc.a(*)
 libm.a(*)
 libgcc.a(*)

.ARM.attributes
                0x00000000       0x29
 *(.ARM.attributes)
 .ARM.attributes
                0x00000000       0x1d d:/software/embedded_tools/qp/qp/qtools/gnu_arm-none-eabi/bin/../lib/gcc/arm-none-eabi/10.3.1/thumb/v7-m/nofp/crti.o
 .ARM.attributes
                0x0000001d       0x2d d:/software/embedded_tools/qp/qp/qtools/gnu_arm-none-eabi/bin/../lib/gcc/arm-none-eabi/10.3.1/thumb/v7-m/nofp/crtbegin.o
 .ARM.attributes
                0x0000004a       0x2d CMakeFiles/Template.dir/app/main.c.obj
 .ARM.attributes
                0x00000077       0x2d CMakeFiles/Template.dir/platform/mcu/stm32f103ze/bsp/delay/delay.c.obj
 .ARM.attributes
                0x000000a4       0x2d CMakeFiles/Template.dir/platform/mcu/stm32f103ze/bsp/it/stm32f1xx_it.c.obj
 .ARM.attributes
                0x000000d1       0x2d CMakeFiles/Template.dir/platform/mcu/stm32f103ze/bsp/sys/sys.c.obj
 .ARM.attributes
                0x000000fe       0x2d CMakeFiles/Template.dir/platform/mcu/stm32f103ze/libraries/STM32F1xx_HAL_Driver/Src/stm32f1xx_hal.c.obj
 .ARM.attributes
                0x0000012b       0x2d CMakeFiles/Template.dir/platform/mcu/stm32f103ze/libraries/STM32F1xx_HAL_Driver/Src/stm32f1xx_hal_cortex.c.obj
 .ARM.attributes
                0x00000158       0x2d CMakeFiles/Template.dir/platform/mcu/stm32f103ze/libraries/STM32F1xx_HAL_Driver/Src/stm32f1xx_hal_gpio.c.obj
 .ARM.attributes
                0x00000185       0x2d CMakeFiles/Template.dir/platform/mcu/stm32f103ze/libraries/STM32F1xx_HAL_Driver/Src/stm32f1xx_hal_rcc.c.obj
 .ARM.attributes
                0x000001b2       0x2d CMakeFiles/Template.dir/platform/mcu/stm32f103ze/core/system_stm32f1xx.c.obj
 .ARM.attributes
                0x000001df       0x21 CMakeFiles/Template.dir/platform/mcu/stm32f103ze/core/GCC/startup_stm32f103xe.s.obj
 .ARM.attributes
                0x00000200       0x2d d:/software/embedded_tools/qp/qp/qtools/gnu_arm-none-eabi/bin/../lib/gcc/arm-none-eabi/10.3.1/../../../../arm-none-eabi/lib/thumb/v7-m/nofp\libg_nano.a(lib_a-init.o)
 .ARM.attributes
                0x0000022d       0x1d d:/software/embedded_tools/qp/qp/qtools/gnu_arm-none-eabi/bin/../lib/gcc/arm-none-eabi/10.3.1/thumb/v7-m/nofp/crtn.o
OUTPUT(project\GCC\output\Template.elf elf32-littlearm)
LOAD linker stubs
LOAD d:/software/embedded_tools/qp/qp/qtools/gnu_arm-none-eabi/bin/../lib/gcc/arm-none-eabi/10.3.1/../../../../arm-none-eabi/lib/thumb/v7-m/nofp\libc.a
LOAD d:/software/embedded_tools/qp/qp/qtools/gnu_arm-none-eabi/bin/../lib/gcc/arm-none-eabi/10.3.1/../../../../arm-none-eabi/lib/thumb/v7-m/nofp\libm.a
LOAD d:/software/embedded_tools/qp/qp/qtools/gnu_arm-none-eabi/bin/../lib/gcc/arm-none-eabi/10.3.1/thumb/v7-m/nofp\libgcc.a

.debug_info     0x00000000     0x3333
 .debug_info    0x00000000      0x41c CMakeFiles/Template.dir/app/main.c.obj
 .debug_info    0x0000041c      0x26b CMakeFiles/Template.dir/platform/mcu/stm32f103ze/bsp/delay/delay.c.obj
 .debug_info    0x00000687      0x12d CMakeFiles/Template.dir/platform/mcu/stm32f103ze/bsp/it/stm32f1xx_it.c.obj
 .debug_info    0x000007b4      0x27c CMakeFiles/Template.dir/platform/mcu/stm32f103ze/bsp/sys/sys.c.obj
 .debug_info    0x00000a30      0x80b CMakeFiles/Template.dir/platform/mcu/stm32f103ze/libraries/STM32F1xx_HAL_Driver/Src/stm32f1xx_hal.c.obj
 .debug_info    0x0000123b      0xded CMakeFiles/Template.dir/platform/mcu/stm32f103ze/libraries/STM32F1xx_HAL_Driver/Src/stm32f1xx_hal_cortex.c.obj
 .debug_info    0x00002028      0x66c CMakeFiles/Template.dir/platform/mcu/stm32f103ze/libraries/STM32F1xx_HAL_Driver/Src/stm32f1xx_hal_gpio.c.obj
 .debug_info    0x00002694      0xa38 CMakeFiles/Template.dir/platform/mcu/stm32f103ze/libraries/STM32F1xx_HAL_Driver/Src/stm32f1xx_hal_rcc.c.obj
 .debug_info    0x000030cc      0x245 CMakeFiles/Template.dir/platform/mcu/stm32f103ze/core/system_stm32f1xx.c.obj
 .debug_info    0x00003311       0x22 CMakeFiles/Template.dir/platform/mcu/stm32f103ze/core/GCC/startup_stm32f103xe.s.obj

.debug_abbrev   0x00000000      0xf45
 .debug_abbrev  0x00000000      0x15d CMakeFiles/Template.dir/app/main.c.obj
 .debug_abbrev  0x0000015d      0x140 CMakeFiles/Template.dir/platform/mcu/stm32f103ze/bsp/delay/delay.c.obj
 .debug_abbrev  0x0000029d       0x81 CMakeFiles/Template.dir/platform/mcu/stm32f103ze/bsp/it/stm32f1xx_it.c.obj
 .debug_abbrev  0x0000031e      0x133 CMakeFiles/Template.dir/platform/mcu/stm32f103ze/bsp/sys/sys.c.obj
 .debug_abbrev  0x00000451      0x1f7 CMakeFiles/Template.dir/platform/mcu/stm32f103ze/libraries/STM32F1xx_HAL_Driver/Src/stm32f1xx_hal.c.obj
 .debug_abbrev  0x00000648      0x344 CMakeFiles/Template.dir/platform/mcu/stm32f103ze/libraries/STM32F1xx_HAL_Driver/Src/stm32f1xx_hal_cortex.c.obj
 .debug_abbrev  0x0000098c      0x1e9 CMakeFiles/Template.dir/platform/mcu/stm32f103ze/libraries/STM32F1xx_HAL_Driver/Src/stm32f1xx_hal_gpio.c.obj
 .debug_abbrev  0x00000b75      0x27d CMakeFiles/Template.dir/platform/mcu/stm32f103ze/libraries/STM32F1xx_HAL_Driver/Src/stm32f1xx_hal_rcc.c.obj
 .debug_abbrev  0x00000df2      0x141 CMakeFiles/Template.dir/platform/mcu/stm32f103ze/core/system_stm32f1xx.c.obj
 .debug_abbrev  0x00000f33       0x12 CMakeFiles/Template.dir/platform/mcu/stm32f103ze/core/GCC/startup_stm32f103xe.s.obj

.debug_aranges  0x00000000      0x378
 .debug_aranges
                0x00000000       0x20 CMakeFiles/Template.dir/app/main.c.obj
 .debug_aranges
                0x00000020       0x30 CMakeFiles/Template.dir/platform/mcu/stm32f103ze/bsp/delay/delay.c.obj
 .debug_aranges
                0x00000050       0x60 CMakeFiles/Template.dir/platform/mcu/stm32f103ze/bsp/it/stm32f1xx_it.c.obj
 .debug_aranges
                0x000000b0       0x20 CMakeFiles/Template.dir/platform/mcu/stm32f103ze/bsp/sys/sys.c.obj
 .debug_aranges
                0x000000d0       0xe0 CMakeFiles/Template.dir/platform/mcu/stm32f103ze/libraries/STM32F1xx_HAL_Driver/Src/stm32f1xx_hal.c.obj
 .debug_aranges
                0x000001b0       0x90 CMakeFiles/Template.dir/platform/mcu/stm32f103ze/libraries/STM32F1xx_HAL_Driver/Src/stm32f1xx_hal_cortex.c.obj
 .debug_aranges
                0x00000240       0x58 CMakeFiles/Template.dir/platform/mcu/stm32f103ze/libraries/STM32F1xx_HAL_Driver/Src/stm32f1xx_hal_gpio.c.obj
 .debug_aranges
                0x00000298       0x90 CMakeFiles/Template.dir/platform/mcu/stm32f103ze/libraries/STM32F1xx_HAL_Driver/Src/stm32f1xx_hal_rcc.c.obj
 .debug_aranges
                0x00000328       0x28 CMakeFiles/Template.dir/platform/mcu/stm32f103ze/core/system_stm32f1xx.c.obj
 .debug_aranges
                0x00000350       0x28 CMakeFiles/Template.dir/platform/mcu/stm32f103ze/core/GCC/startup_stm32f103xe.s.obj

.debug_ranges   0x00000000      0x360
 .debug_ranges  0x00000000       0x10 CMakeFiles/Template.dir/app/main.c.obj
 .debug_ranges  0x00000010       0x20 CMakeFiles/Template.dir/platform/mcu/stm32f103ze/bsp/delay/delay.c.obj
 .debug_ranges  0x00000030       0x50 CMakeFiles/Template.dir/platform/mcu/stm32f103ze/bsp/it/stm32f1xx_it.c.obj
 .debug_ranges  0x00000080       0x10 CMakeFiles/Template.dir/platform/mcu/stm32f103ze/bsp/sys/sys.c.obj
 .debug_ranges  0x00000090       0xd0 CMakeFiles/Template.dir/platform/mcu/stm32f103ze/libraries/STM32F1xx_HAL_Driver/Src/stm32f1xx_hal.c.obj
 .debug_ranges  0x00000160       0xe0 CMakeFiles/Template.dir/platform/mcu/stm32f103ze/libraries/STM32F1xx_HAL_Driver/Src/stm32f1xx_hal_cortex.c.obj
 .debug_ranges  0x00000240       0x48 CMakeFiles/Template.dir/platform/mcu/stm32f103ze/libraries/STM32F1xx_HAL_Driver/Src/stm32f1xx_hal_gpio.c.obj
 .debug_ranges  0x00000288       0xa0 CMakeFiles/Template.dir/platform/mcu/stm32f103ze/libraries/STM32F1xx_HAL_Driver/Src/stm32f1xx_hal_rcc.c.obj
 .debug_ranges  0x00000328       0x18 CMakeFiles/Template.dir/platform/mcu/stm32f103ze/core/system_stm32f1xx.c.obj
 .debug_ranges  0x00000340       0x20 CMakeFiles/Template.dir/platform/mcu/stm32f103ze/core/GCC/startup_stm32f103xe.s.obj

.debug_macro    0x00000000    0x17dd0
 .debug_macro   0x00000000      0x1a7 CMakeFiles/Template.dir/app/main.c.obj
 .debug_macro   0x000001a7      0xa66 CMakeFiles/Template.dir/app/main.c.obj
 .debug_macro   0x00000c0d       0x2e CMakeFiles/Template.dir/app/main.c.obj
 .debug_macro   0x00000c3b       0x22 CMakeFiles/Template.dir/app/main.c.obj
 .debug_macro   0x00000c5d       0x22 CMakeFiles/Template.dir/app/main.c.obj
 .debug_macro   0x00000c7f       0x8e CMakeFiles/Template.dir/app/main.c.obj
 .debug_macro   0x00000d0d       0x51 CMakeFiles/Template.dir/app/main.c.obj
 .debug_macro   0x00000d5e      0x103 CMakeFiles/Template.dir/app/main.c.obj
 .debug_macro   0x00000e61       0x6a CMakeFiles/Template.dir/app/main.c.obj
 .debug_macro   0x00000ecb      0x1df CMakeFiles/Template.dir/app/main.c.obj
 .debug_macro   0x000010aa       0x1c CMakeFiles/Template.dir/app/main.c.obj
 .debug_macro   0x000010c6       0x22 CMakeFiles/Template.dir/app/main.c.obj
 .debug_macro   0x000010e8       0xbd CMakeFiles/Template.dir/app/main.c.obj
 .debug_macro   0x000011a5      0xd23 CMakeFiles/Template.dir/app/main.c.obj
 .debug_macro   0x00001ec8     0xfd8c CMakeFiles/Template.dir/app/main.c.obj
 .debug_macro   0x00011c54       0x6d CMakeFiles/Template.dir/app/main.c.obj
 .debug_macro   0x00011cc1      0x215 CMakeFiles/Template.dir/app/main.c.obj
 .debug_macro   0x00011ed6     0x348d CMakeFiles/Template.dir/app/main.c.obj
 .debug_macro   0x00015363      0x16d CMakeFiles/Template.dir/app/main.c.obj
 .debug_macro   0x000154d0       0x5c CMakeFiles/Template.dir/app/main.c.obj
 .debug_macro   0x0001552c      0x5bc CMakeFiles/Template.dir/app/main.c.obj
 .debug_macro   0x00015ae8      0x4d5 CMakeFiles/Template.dir/app/main.c.obj
 .debug_macro   0x00015fbd      0x1cb CMakeFiles/Template.dir/app/main.c.obj
 .debug_macro   0x00016188      0x114 CMakeFiles/Template.dir/app/main.c.obj
 .debug_macro   0x0001629c      0x1ea CMakeFiles/Template.dir/app/main.c.obj
 .debug_macro   0x00016486       0x27 CMakeFiles/Template.dir/app/main.c.obj
 .debug_macro   0x000164ad      0x144 CMakeFiles/Template.dir/app/main.c.obj
 .debug_macro   0x000165f1      0x1bc CMakeFiles/Template.dir/app/main.c.obj
 .debug_macro   0x000167ad       0x30 CMakeFiles/Template.dir/app/main.c.obj
 .debug_macro   0x000167dd       0x3c CMakeFiles/Template.dir/app/main.c.obj
 .debug_macro   0x00016819       0x57 CMakeFiles/Template.dir/app/main.c.obj
 .debug_macro   0x00016870       0x87 CMakeFiles/Template.dir/app/main.c.obj
 .debug_macro   0x000168f7      0x24f CMakeFiles/Template.dir/app/main.c.obj
 .debug_macro   0x00016b46      0x140 CMakeFiles/Template.dir/app/main.c.obj
 .debug_macro   0x00016c86      0x28e CMakeFiles/Template.dir/app/main.c.obj
 .debug_macro   0x00016f14       0xb5 CMakeFiles/Template.dir/app/main.c.obj
 .debug_macro   0x00016fc9       0xc4 CMakeFiles/Template.dir/app/main.c.obj
 .debug_macro   0x0001708d      0x1a7 CMakeFiles/Template.dir/platform/mcu/stm32f103ze/bsp/delay/delay.c.obj
 .debug_macro   0x00017234      0x198 CMakeFiles/Template.dir/platform/mcu/stm32f103ze/bsp/it/stm32f1xx_it.c.obj
 .debug_macro   0x000173cc      0x19d CMakeFiles/Template.dir/platform/mcu/stm32f103ze/bsp/sys/sys.c.obj
 .debug_macro   0x00017569      0x1b2 CMakeFiles/Template.dir/platform/mcu/stm32f103ze/libraries/STM32F1xx_HAL_Driver/Src/stm32f1xx_hal.c.obj
 .debug_macro   0x0001771b      0x18e CMakeFiles/Template.dir/platform/mcu/stm32f103ze/libraries/STM32F1xx_HAL_Driver/Src/stm32f1xx_hal_cortex.c.obj
 .debug_macro   0x000178a9      0x1f9 CMakeFiles/Template.dir/platform/mcu/stm32f103ze/libraries/STM32F1xx_HAL_Driver/Src/stm32f1xx_hal_gpio.c.obj
 .debug_macro   0x00017aa2      0x1a0 CMakeFiles/Template.dir/platform/mcu/stm32f103ze/libraries/STM32F1xx_HAL_Driver/Src/stm32f1xx_hal_rcc.c.obj
 .debug_macro   0x00017c42      0x18e CMakeFiles/Template.dir/platform/mcu/stm32f103ze/core/system_stm32f1xx.c.obj

.debug_line     0x00000000     0x5940
 .debug_line    0x00000000      0x800 CMakeFiles/Template.dir/app/main.c.obj
 .debug_line    0x00000800      0x82c CMakeFiles/Template.dir/platform/mcu/stm32f103ze/bsp/delay/delay.c.obj
 .debug_line    0x0000102c      0x7c6 CMakeFiles/Template.dir/platform/mcu/stm32f103ze/bsp/it/stm32f1xx_it.c.obj
 .debug_line    0x000017f2      0x77d CMakeFiles/Template.dir/platform/mcu/stm32f103ze/bsp/sys/sys.c.obj
 .debug_line    0x00001f6f      0xa02 CMakeFiles/Template.dir/platform/mcu/stm32f103ze/libraries/STM32F1xx_HAL_Driver/Src/stm32f1xx_hal.c.obj
 .debug_line    0x00002971      0xb79 CMakeFiles/Template.dir/platform/mcu/stm32f103ze/libraries/STM32F1xx_HAL_Driver/Src/stm32f1xx_hal_cortex.c.obj
 .debug_line    0x000034ea      0xb18 CMakeFiles/Template.dir/platform/mcu/stm32f103ze/libraries/STM32F1xx_HAL_Driver/Src/stm32f1xx_hal_gpio.c.obj
 .debug_line    0x00004002     0x10d8 CMakeFiles/Template.dir/platform/mcu/stm32f103ze/libraries/STM32F1xx_HAL_Driver/Src/stm32f1xx_hal_rcc.c.obj
 .debug_line    0x000050da      0x78e CMakeFiles/Template.dir/platform/mcu/stm32f103ze/core/system_stm32f1xx.c.obj
 .debug_line    0x00005868       0xd8 CMakeFiles/Template.dir/platform/mcu/stm32f103ze/core/GCC/startup_stm32f103xe.s.obj

.debug_str      0x00000000    0x8c16a
 .debug_str     0x00000000    0x8ac29 CMakeFiles/Template.dir/app/main.c.obj
                              0x8b015 (size before relaxing)
 .debug_str     0x0008ac29       0xba CMakeFiles/Template.dir/platform/mcu/stm32f103ze/bsp/delay/delay.c.obj
                              0x8afcd (size before relaxing)
 .debug_str     0x0008ace3      0x11e CMakeFiles/Template.dir/platform/mcu/stm32f103ze/bsp/it/stm32f1xx_it.c.obj
                              0x8ab42 (size before relaxing)
 .debug_str     0x0008ae01      0x1dc CMakeFiles/Template.dir/platform/mcu/stm32f103ze/bsp/sys/sys.c.obj
                              0x8b09d (size before relaxing)
 .debug_str     0x0008afdd      0x6fc CMakeFiles/Template.dir/platform/mcu/stm32f103ze/libraries/STM32F1xx_HAL_Driver/Src/stm32f1xx_hal.c.obj
                              0x8b373 (size before relaxing)
 .debug_str     0x0008b6d9      0x322 CMakeFiles/Template.dir/platform/mcu/stm32f103ze/libraries/STM32F1xx_HAL_Driver/Src/stm32f1xx_hal_cortex.c.obj
                              0x8b2c9 (size before relaxing)
 .debug_str     0x0008b9fb      0x381 CMakeFiles/Template.dir/platform/mcu/stm32f103ze/libraries/STM32F1xx_HAL_Driver/Src/stm32f1xx_hal_gpio.c.obj
                              0x8aeec (size before relaxing)
 .debug_str     0x0008bd7c      0x2c2 CMakeFiles/Template.dir/platform/mcu/stm32f103ze/libraries/STM32F1xx_HAL_Driver/Src/stm32f1xx_hal_rcc.c.obj
                              0x8af95 (size before relaxing)
 .debug_str     0x0008c03e       0xa5 CMakeFiles/Template.dir/platform/mcu/stm32f103ze/core/system_stm32f1xx.c.obj
                              0x8ab60 (size before relaxing)
 .debug_str     0x0008c0e3       0x87 CMakeFiles/Template.dir/platform/mcu/stm32f103ze/core/GCC/startup_stm32f103xe.s.obj
                                 0xce (size before relaxing)

.comment        0x00000000       0x49
 .comment       0x00000000       0x49 CMakeFiles/Template.dir/app/main.c.obj
                                 0x4a (size before relaxing)
 .comment       0x00000049       0x4a CMakeFiles/Template.dir/platform/mcu/stm32f103ze/bsp/delay/delay.c.obj
 .comment       0x00000049       0x4a CMakeFiles/Template.dir/platform/mcu/stm32f103ze/bsp/it/stm32f1xx_it.c.obj
 .comment       0x00000049       0x4a CMakeFiles/Template.dir/platform/mcu/stm32f103ze/bsp/sys/sys.c.obj
 .comment       0x00000049       0x4a CMakeFiles/Template.dir/platform/mcu/stm32f103ze/libraries/STM32F1xx_HAL_Driver/Src/stm32f1xx_hal.c.obj
 .comment       0x00000049       0x4a CMakeFiles/Template.dir/platform/mcu/stm32f103ze/libraries/STM32F1xx_HAL_Driver/Src/stm32f1xx_hal_cortex.c.obj
 .comment       0x00000049       0x4a CMakeFiles/Template.dir/platform/mcu/stm32f103ze/libraries/STM32F1xx_HAL_Driver/Src/stm32f1xx_hal_gpio.c.obj
 .comment       0x00000049       0x4a CMakeFiles/Template.dir/platform/mcu/stm32f103ze/libraries/STM32F1xx_HAL_Driver/Src/stm32f1xx_hal_rcc.c.obj
 .comment       0x00000049       0x4a CMakeFiles/Template.dir/platform/mcu/stm32f103ze/core/system_stm32f1xx.c.obj

.debug_frame    0x00000000      0x708
 .debug_frame   0x00000000       0x2c CMakeFiles/Template.dir/app/main.c.obj
 .debug_frame   0x0000002c       0x60 CMakeFiles/Template.dir/platform/mcu/stm32f103ze/bsp/delay/delay.c.obj
 .debug_frame   0x0000008c       0xa8 CMakeFiles/Template.dir/platform/mcu/stm32f103ze/bsp/it/stm32f1xx_it.c.obj
 .debug_frame   0x00000134       0x2c CMakeFiles/Template.dir/platform/mcu/stm32f103ze/bsp/sys/sys.c.obj
 .debug_frame   0x00000160      0x1cc CMakeFiles/Template.dir/platform/mcu/stm32f103ze/libraries/STM32F1xx_HAL_Driver/Src/stm32f1xx_hal.c.obj
 .debug_frame   0x0000032c      0x118 CMakeFiles/Template.dir/platform/mcu/stm32f103ze/libraries/STM32F1xx_HAL_Driver/Src/stm32f1xx_hal_cortex.c.obj
 .debug_frame   0x00000444       0xe4 CMakeFiles/Template.dir/platform/mcu/stm32f103ze/libraries/STM32F1xx_HAL_Driver/Src/stm32f1xx_hal_gpio.c.obj
 .debug_frame   0x00000528      0x184 CMakeFiles/Template.dir/platform/mcu/stm32f103ze/libraries/STM32F1xx_HAL_Driver/Src/stm32f1xx_hal_rcc.c.obj
 .debug_frame   0x000006ac       0x30 CMakeFiles/Template.dir/platform/mcu/stm32f103ze/core/system_stm32f1xx.c.obj
 .debug_frame   0x000006dc       0x2c d:/software/embedded_tools/qp/qp/qtools/gnu_arm-none-eabi/bin/../lib/gcc/arm-none-eabi/10.3.1/../../../../arm-none-eabi/lib/thumb/v7-m/nofp\libg_nano.a(lib_a-init.o)

.debug_loc      0x00000000     0x15ae
 .debug_loc     0x00000000      0x157 CMakeFiles/Template.dir/platform/mcu/stm32f103ze/bsp/delay/delay.c.obj
 .debug_loc     0x00000157       0x63 CMakeFiles/Template.dir/platform/mcu/stm32f103ze/bsp/sys/sys.c.obj
 .debug_loc     0x000001ba      0x141 CMakeFiles/Template.dir/platform/mcu/stm32f103ze/libraries/STM32F1xx_HAL_Driver/Src/stm32f1xx_hal.c.obj
 .debug_loc     0x000002fb      0x71f CMakeFiles/Template.dir/platform/mcu/stm32f103ze/libraries/STM32F1xx_HAL_Driver/Src/stm32f1xx_hal_cortex.c.obj
 .debug_loc     0x00000a1a      0x47d CMakeFiles/Template.dir/platform/mcu/stm32f103ze/libraries/STM32F1xx_HAL_Driver/Src/stm32f1xx_hal_gpio.c.obj
 .debug_loc     0x00000e97      0x618 CMakeFiles/Template.dir/platform/mcu/stm32f103ze/libraries/STM32F1xx_HAL_Driver/Src/stm32f1xx_hal_rcc.c.obj
 .debug_loc     0x000014af       0xff CMakeFiles/Template.dir/platform/mcu/stm32f103ze/core/system_stm32f1xx.c.obj

Cross Reference Table

Symbol                                            File
ADC1_2_IRQHandler                                 CMakeFiles/Template.dir/platform/mcu/stm32f103ze/core/GCC/startup_stm32f103xe.s.obj
ADC3_IRQHandler                                   CMakeFiles/Template.dir/platform/mcu/stm32f103ze/core/GCC/startup_stm32f103xe.s.obj
AHBPrescTable                                     CMakeFiles/Template.dir/platform/mcu/stm32f103ze/core/system_stm32f1xx.c.obj
                                                  CMakeFiles/Template.dir/platform/mcu/stm32f103ze/libraries/STM32F1xx_HAL_Driver/Src/stm32f1xx_hal_rcc.c.obj
APBPrescTable                                     CMakeFiles/Template.dir/platform/mcu/stm32f103ze/core/system_stm32f1xx.c.obj
                                                  CMakeFiles/Template.dir/platform/mcu/stm32f103ze/libraries/STM32F1xx_HAL_Driver/Src/stm32f1xx_hal_rcc.c.obj
BusFault_Handler                                  CMakeFiles/Template.dir/platform/mcu/stm32f103ze/bsp/it/stm32f1xx_it.c.obj
CAN1_RX1_IRQHandler                               CMakeFiles/Template.dir/platform/mcu/stm32f103ze/core/GCC/startup_stm32f103xe.s.obj
CAN1_SCE_IRQHandler                               CMakeFiles/Template.dir/platform/mcu/stm32f103ze/core/GCC/startup_stm32f103xe.s.obj
DMA1_Channel1_IRQHandler                          CMakeFiles/Template.dir/platform/mcu/stm32f103ze/core/GCC/startup_stm32f103xe.s.obj
DMA1_Channel2_IRQHandler                          CMakeFiles/Template.dir/platform/mcu/stm32f103ze/core/GCC/startup_stm32f103xe.s.obj
DMA1_Channel3_IRQHandler                          CMakeFiles/Template.dir/platform/mcu/stm32f103ze/core/GCC/startup_stm32f103xe.s.obj
DMA1_Channel4_IRQHandler                          CMakeFiles/Template.dir/platform/mcu/stm32f103ze/core/GCC/startup_stm32f103xe.s.obj
DMA1_Channel5_IRQHandler                          CMakeFiles/Template.dir/platform/mcu/stm32f103ze/core/GCC/startup_stm32f103xe.s.obj
DMA1_Channel6_IRQHandler                          CMakeFiles/Template.dir/platform/mcu/stm32f103ze/core/GCC/startup_stm32f103xe.s.obj
DMA1_Channel7_IRQHandler                          CMakeFiles/Template.dir/platform/mcu/stm32f103ze/core/GCC/startup_stm32f103xe.s.obj
DMA2_Channel1_IRQHandler                          CMakeFiles/Template.dir/platform/mcu/stm32f103ze/core/GCC/startup_stm32f103xe.s.obj
DMA2_Channel2_IRQHandler                          CMakeFiles/Template.dir/platform/mcu/stm32f103ze/core/GCC/startup_stm32f103xe.s.obj
DMA2_Channel3_IRQHandler                          CMakeFiles/Template.dir/platform/mcu/stm32f103ze/core/GCC/startup_stm32f103xe.s.obj
DMA2_Channel4_5_IRQHandler                        CMakeFiles/Template.dir/platform/mcu/stm32f103ze/core/GCC/startup_stm32f103xe.s.obj
DebugMon_Handler                                  CMakeFiles/Template.dir/platform/mcu/stm32f103ze/bsp/it/stm32f1xx_it.c.obj
Default_Handler                                   CMakeFiles/Template.dir/platform/mcu/stm32f103ze/core/GCC/startup_stm32f103xe.s.obj
EXTI0_IRQHandler                                  CMakeFiles/Template.dir/platform/mcu/stm32f103ze/core/GCC/startup_stm32f103xe.s.obj
EXTI15_10_IRQHandler                              CMakeFiles/Template.dir/platform/mcu/stm32f103ze/core/GCC/startup_stm32f103xe.s.obj
EXTI1_IRQHandler                                  CMakeFiles/Template.dir/platform/mcu/stm32f103ze/core/GCC/startup_stm32f103xe.s.obj
EXTI2_IRQHandler                                  CMakeFiles/Template.dir/platform/mcu/stm32f103ze/core/GCC/startup_stm32f103xe.s.obj
EXTI3_IRQHandler                                  CMakeFiles/Template.dir/platform/mcu/stm32f103ze/core/GCC/startup_stm32f103xe.s.obj
EXTI4_IRQHandler                                  CMakeFiles/Template.dir/platform/mcu/stm32f103ze/core/GCC/startup_stm32f103xe.s.obj
EXTI9_5_IRQHandler                                CMakeFiles/Template.dir/platform/mcu/stm32f103ze/core/GCC/startup_stm32f103xe.s.obj
FLASH_IRQHandler                                  CMakeFiles/Template.dir/platform/mcu/stm32f103ze/core/GCC/startup_stm32f103xe.s.obj
FLASH_PageErase                                   CMakeFiles/Template.dir/platform/mcu/stm32f103ze/libraries/STM32F1xx_HAL_Driver/Src/stm32f1xx_hal_flash_ex.c.obj
                                                  CMakeFiles/Template.dir/platform/mcu/stm32f103ze/libraries/STM32F1xx_HAL_Driver/Src/stm32f1xx_hal_flash.c.obj
FLASH_WaitForLastOperation                        CMakeFiles/Template.dir/platform/mcu/stm32f103ze/libraries/STM32F1xx_HAL_Driver/Src/stm32f1xx_hal_flash.c.obj
                                                  CMakeFiles/Template.dir/platform/mcu/stm32f103ze/libraries/STM32F1xx_HAL_Driver/Src/stm32f1xx_hal_flash_ex.c.obj
FSMC_IRQHandler                                   CMakeFiles/Template.dir/platform/mcu/stm32f103ze/core/GCC/startup_stm32f103xe.s.obj
HAL_DBGMCU_DisableDBGSleepMode                    CMakeFiles/Template.dir/platform/mcu/stm32f103ze/libraries/STM32F1xx_HAL_Driver/Src/stm32f1xx_hal.c.obj
HAL_DBGMCU_DisableDBGStandbyMode                  CMakeFiles/Template.dir/platform/mcu/stm32f103ze/libraries/STM32F1xx_HAL_Driver/Src/stm32f1xx_hal.c.obj
HAL_DBGMCU_DisableDBGStopMode                     CMakeFiles/Template.dir/platform/mcu/stm32f103ze/libraries/STM32F1xx_HAL_Driver/Src/stm32f1xx_hal.c.obj
HAL_DBGMCU_EnableDBGSleepMode                     CMakeFiles/Template.dir/platform/mcu/stm32f103ze/libraries/STM32F1xx_HAL_Driver/Src/stm32f1xx_hal.c.obj
HAL_DBGMCU_EnableDBGStandbyMode                   CMakeFiles/Template.dir/platform/mcu/stm32f103ze/libraries/STM32F1xx_HAL_Driver/Src/stm32f1xx_hal.c.obj
HAL_DBGMCU_EnableDBGStopMode                      CMakeFiles/Template.dir/platform/mcu/stm32f103ze/libraries/STM32F1xx_HAL_Driver/Src/stm32f1xx_hal.c.obj
HAL_DMA_Abort                                     CMakeFiles/Template.dir/platform/mcu/stm32f103ze/libraries/STM32F1xx_HAL_Driver/Src/stm32f1xx_hal_dma.c.obj
                                                  CMakeFiles/Template.dir/platform/mcu/stm32f103ze/libraries/STM32F1xx_HAL_Driver/Src/stm32f1xx_hal_uart.c.obj
HAL_DMA_Abort_IT                                  CMakeFiles/Template.dir/platform/mcu/stm32f103ze/libraries/STM32F1xx_HAL_Driver/Src/stm32f1xx_hal_dma.c.obj
                                                  CMakeFiles/Template.dir/platform/mcu/stm32f103ze/libraries/STM32F1xx_HAL_Driver/Src/stm32f1xx_hal_uart.c.obj
HAL_DMA_DeInit                                    CMakeFiles/Template.dir/platform/mcu/stm32f103ze/libraries/STM32F1xx_HAL_Driver/Src/stm32f1xx_hal_dma.c.obj
HAL_DMA_GetError                                  CMakeFiles/Template.dir/platform/mcu/stm32f103ze/libraries/STM32F1xx_HAL_Driver/Src/stm32f1xx_hal_dma.c.obj
                                                  CMakeFiles/Template.dir/platform/mcu/stm32f103ze/libraries/STM32F1xx_HAL_Driver/Src/stm32f1xx_hal_uart.c.obj
HAL_DMA_GetState                                  CMakeFiles/Template.dir/platform/mcu/stm32f103ze/libraries/STM32F1xx_HAL_Driver/Src/stm32f1xx_hal_dma.c.obj
HAL_DMA_IRQHandler                                CMakeFiles/Template.dir/platform/mcu/stm32f103ze/libraries/STM32F1xx_HAL_Driver/Src/stm32f1xx_hal_dma.c.obj
HAL_DMA_Init                                      CMakeFiles/Template.dir/platform/mcu/stm32f103ze/libraries/STM32F1xx_HAL_Driver/Src/stm32f1xx_hal_dma.c.obj
HAL_DMA_PollForTransfer                           CMakeFiles/Template.dir/platform/mcu/stm32f103ze/libraries/STM32F1xx_HAL_Driver/Src/stm32f1xx_hal_dma.c.obj
HAL_DMA_RegisterCallback                          CMakeFiles/Template.dir/platform/mcu/stm32f103ze/libraries/STM32F1xx_HAL_Driver/Src/stm32f1xx_hal_dma.c.obj
HAL_DMA_Start                                     CMakeFiles/Template.dir/platform/mcu/stm32f103ze/libraries/STM32F1xx_HAL_Driver/Src/stm32f1xx_hal_dma.c.obj
HAL_DMA_Start_IT                                  CMakeFiles/Template.dir/platform/mcu/stm32f103ze/libraries/STM32F1xx_HAL_Driver/Src/stm32f1xx_hal_dma.c.obj
                                                  CMakeFiles/Template.dir/platform/mcu/stm32f103ze/libraries/STM32F1xx_HAL_Driver/Src/stm32f1xx_hal_uart.c.obj
HAL_DMA_UnRegisterCallback                        CMakeFiles/Template.dir/platform/mcu/stm32f103ze/libraries/STM32F1xx_HAL_Driver/Src/stm32f1xx_hal_dma.c.obj
HAL_DeInit                                        CMakeFiles/Template.dir/platform/mcu/stm32f103ze/libraries/STM32F1xx_HAL_Driver/Src/stm32f1xx_hal.c.obj
HAL_Delay                                         CMakeFiles/Template.dir/platform/mcu/stm32f103ze/libraries/STM32F1xx_HAL_Driver/Src/stm32f1xx_hal.c.obj
HAL_EXTI_ClearConfigLine                          CMakeFiles/Template.dir/platform/mcu/stm32f103ze/libraries/STM32F1xx_HAL_Driver/Src/stm32f1xx_hal_exti.c.obj
HAL_EXTI_ClearPending                             CMakeFiles/Template.dir/platform/mcu/stm32f103ze/libraries/STM32F1xx_HAL_Driver/Src/stm32f1xx_hal_exti.c.obj
HAL_EXTI_GenerateSWI                              CMakeFiles/Template.dir/platform/mcu/stm32f103ze/libraries/STM32F1xx_HAL_Driver/Src/stm32f1xx_hal_exti.c.obj
HAL_EXTI_GetConfigLine                            CMakeFiles/Template.dir/platform/mcu/stm32f103ze/libraries/STM32F1xx_HAL_Driver/Src/stm32f1xx_hal_exti.c.obj
HAL_EXTI_GetHandle                                CMakeFiles/Template.dir/platform/mcu/stm32f103ze/libraries/STM32F1xx_HAL_Driver/Src/stm32f1xx_hal_exti.c.obj
HAL_EXTI_GetPending                               CMakeFiles/Template.dir/platform/mcu/stm32f103ze/libraries/STM32F1xx_HAL_Driver/Src/stm32f1xx_hal_exti.c.obj
HAL_EXTI_IRQHandler                               CMakeFiles/Template.dir/platform/mcu/stm32f103ze/libraries/STM32F1xx_HAL_Driver/Src/stm32f1xx_hal_exti.c.obj
HAL_EXTI_RegisterCallback                         CMakeFiles/Template.dir/platform/mcu/stm32f103ze/libraries/STM32F1xx_HAL_Driver/Src/stm32f1xx_hal_exti.c.obj
HAL_EXTI_SetConfigLine                            CMakeFiles/Template.dir/platform/mcu/stm32f103ze/libraries/STM32F1xx_HAL_Driver/Src/stm32f1xx_hal_exti.c.obj
HAL_FLASHEx_Erase                                 CMakeFiles/Template.dir/platform/mcu/stm32f103ze/libraries/STM32F1xx_HAL_Driver/Src/stm32f1xx_hal_flash_ex.c.obj
HAL_FLASHEx_Erase_IT                              CMakeFiles/Template.dir/platform/mcu/stm32f103ze/libraries/STM32F1xx_HAL_Driver/Src/stm32f1xx_hal_flash_ex.c.obj
HAL_FLASHEx_OBErase                               CMakeFiles/Template.dir/platform/mcu/stm32f103ze/libraries/STM32F1xx_HAL_Driver/Src/stm32f1xx_hal_flash_ex.c.obj
HAL_FLASHEx_OBGetConfig                           CMakeFiles/Template.dir/platform/mcu/stm32f103ze/libraries/STM32F1xx_HAL_Driver/Src/stm32f1xx_hal_flash_ex.c.obj
HAL_FLASHEx_OBGetUserData                         CMakeFiles/Template.dir/platform/mcu/stm32f103ze/libraries/STM32F1xx_HAL_Driver/Src/stm32f1xx_hal_flash_ex.c.obj
HAL_FLASHEx_OBProgram                             CMakeFiles/Template.dir/platform/mcu/stm32f103ze/libraries/STM32F1xx_HAL_Driver/Src/stm32f1xx_hal_flash_ex.c.obj
HAL_FLASH_EndOfOperationCallback                  CMakeFiles/Template.dir/platform/mcu/stm32f103ze/libraries/STM32F1xx_HAL_Driver/Src/stm32f1xx_hal_flash.c.obj
HAL_FLASH_GetError                                CMakeFiles/Template.dir/platform/mcu/stm32f103ze/libraries/STM32F1xx_HAL_Driver/Src/stm32f1xx_hal_flash.c.obj
HAL_FLASH_IRQHandler                              CMakeFiles/Template.dir/platform/mcu/stm32f103ze/libraries/STM32F1xx_HAL_Driver/Src/stm32f1xx_hal_flash.c.obj
HAL_FLASH_Lock                                    CMakeFiles/Template.dir/platform/mcu/stm32f103ze/libraries/STM32F1xx_HAL_Driver/Src/stm32f1xx_hal_flash.c.obj
HAL_FLASH_OB_Launch                               CMakeFiles/Template.dir/platform/mcu/stm32f103ze/libraries/STM32F1xx_HAL_Driver/Src/stm32f1xx_hal_flash.c.obj
HAL_FLASH_OB_Lock                                 CMakeFiles/Template.dir/platform/mcu/stm32f103ze/libraries/STM32F1xx_HAL_Driver/Src/stm32f1xx_hal_flash.c.obj
HAL_FLASH_OB_Unlock                               CMakeFiles/Template.dir/platform/mcu/stm32f103ze/libraries/STM32F1xx_HAL_Driver/Src/stm32f1xx_hal_flash.c.obj
HAL_FLASH_OperationErrorCallback                  CMakeFiles/Template.dir/platform/mcu/stm32f103ze/libraries/STM32F1xx_HAL_Driver/Src/stm32f1xx_hal_flash.c.obj
HAL_FLASH_Program                                 CMakeFiles/Template.dir/platform/mcu/stm32f103ze/libraries/STM32F1xx_HAL_Driver/Src/stm32f1xx_hal_flash.c.obj
HAL_FLASH_Program_IT                              CMakeFiles/Template.dir/platform/mcu/stm32f103ze/libraries/STM32F1xx_HAL_Driver/Src/stm32f1xx_hal_flash.c.obj
HAL_FLASH_Unlock                                  CMakeFiles/Template.dir/platform/mcu/stm32f103ze/libraries/STM32F1xx_HAL_Driver/Src/stm32f1xx_hal_flash.c.obj
HAL_GPIOEx_ConfigEventout                         CMakeFiles/Template.dir/platform/mcu/stm32f103ze/libraries/STM32F1xx_HAL_Driver/Src/stm32f1xx_hal_gpio_ex.c.obj
HAL_GPIOEx_DisableEventout                        CMakeFiles/Template.dir/platform/mcu/stm32f103ze/libraries/STM32F1xx_HAL_Driver/Src/stm32f1xx_hal_gpio_ex.c.obj
HAL_GPIOEx_EnableEventout                         CMakeFiles/Template.dir/platform/mcu/stm32f103ze/libraries/STM32F1xx_HAL_Driver/Src/stm32f1xx_hal_gpio_ex.c.obj
HAL_GPIO_DeInit                                   CMakeFiles/Template.dir/platform/mcu/stm32f103ze/libraries/STM32F1xx_HAL_Driver/Src/stm32f1xx_hal_gpio.c.obj
HAL_GPIO_EXTI_Callback                            CMakeFiles/Template.dir/platform/mcu/stm32f103ze/libraries/STM32F1xx_HAL_Driver/Src/stm32f1xx_hal_gpio.c.obj
HAL_GPIO_EXTI_IRQHandler                          CMakeFiles/Template.dir/platform/mcu/stm32f103ze/libraries/STM32F1xx_HAL_Driver/Src/stm32f1xx_hal_gpio.c.obj
HAL_GPIO_Init                                     CMakeFiles/Template.dir/platform/mcu/stm32f103ze/libraries/STM32F1xx_HAL_Driver/Src/stm32f1xx_hal_gpio.c.obj
                                                  CMakeFiles/Template.dir/platform/mcu/stm32f103ze/libraries/STM32F1xx_HAL_Driver/Src/stm32f1xx_hal_rcc.c.obj
                                                  CMakeFiles/Template.dir/app/main.c.obj
HAL_GPIO_LockPin                                  CMakeFiles/Template.dir/platform/mcu/stm32f103ze/libraries/STM32F1xx_HAL_Driver/Src/stm32f1xx_hal_gpio.c.obj
HAL_GPIO_ReadPin                                  CMakeFiles/Template.dir/platform/mcu/stm32f103ze/libraries/STM32F1xx_HAL_Driver/Src/stm32f1xx_hal_gpio.c.obj
HAL_GPIO_TogglePin                                CMakeFiles/Template.dir/platform/mcu/stm32f103ze/libraries/STM32F1xx_HAL_Driver/Src/stm32f1xx_hal_gpio.c.obj
HAL_GPIO_WritePin                                 CMakeFiles/Template.dir/platform/mcu/stm32f103ze/libraries/STM32F1xx_HAL_Driver/Src/stm32f1xx_hal_gpio.c.obj
                                                  CMakeFiles/Template.dir/app/main.c.obj
HAL_GetDEVID                                      CMakeFiles/Template.dir/platform/mcu/stm32f103ze/libraries/STM32F1xx_HAL_Driver/Src/stm32f1xx_hal.c.obj
HAL_GetHalVersion                                 CMakeFiles/Template.dir/platform/mcu/stm32f103ze/libraries/STM32F1xx_HAL_Driver/Src/stm32f1xx_hal.c.obj
HAL_GetREVID                                      CMakeFiles/Template.dir/platform/mcu/stm32f103ze/libraries/STM32F1xx_HAL_Driver/Src/stm32f1xx_hal.c.obj
HAL_GetTick                                       CMakeFiles/Template.dir/platform/mcu/stm32f103ze/libraries/STM32F1xx_HAL_Driver/Src/stm32f1xx_hal.c.obj
                                                  CMakeFiles/Template.dir/platform/mcu/stm32f103ze/libraries/STM32F1xx_HAL_Driver/Src/stm32f1xx_hal_uart.c.obj
                                                  CMakeFiles/Template.dir/platform/mcu/stm32f103ze/libraries/STM32F1xx_HAL_Driver/Src/stm32f1xx_hal_rcc_ex.c.obj
                                                  CMakeFiles/Template.dir/platform/mcu/stm32f103ze/libraries/STM32F1xx_HAL_Driver/Src/stm32f1xx_hal_rcc.c.obj
                                                  CMakeFiles/Template.dir/platform/mcu/stm32f103ze/libraries/STM32F1xx_HAL_Driver/Src/stm32f1xx_hal_flash.c.obj
                                                  CMakeFiles/Template.dir/platform/mcu/stm32f103ze/libraries/STM32F1xx_HAL_Driver/Src/stm32f1xx_hal_dma.c.obj
HAL_GetTickFreq                                   CMakeFiles/Template.dir/platform/mcu/stm32f103ze/libraries/STM32F1xx_HAL_Driver/Src/stm32f1xx_hal.c.obj
HAL_GetTickPrio                                   CMakeFiles/Template.dir/platform/mcu/stm32f103ze/libraries/STM32F1xx_HAL_Driver/Src/stm32f1xx_hal.c.obj
HAL_GetUIDw0                                      CMakeFiles/Template.dir/platform/mcu/stm32f103ze/libraries/STM32F1xx_HAL_Driver/Src/stm32f1xx_hal.c.obj
HAL_GetUIDw1                                      CMakeFiles/Template.dir/platform/mcu/stm32f103ze/libraries/STM32F1xx_HAL_Driver/Src/stm32f1xx_hal.c.obj
HAL_GetUIDw2                                      CMakeFiles/Template.dir/platform/mcu/stm32f103ze/libraries/STM32F1xx_HAL_Driver/Src/stm32f1xx_hal.c.obj
HAL_HalfDuplex_EnableReceiver                     CMakeFiles/Template.dir/platform/mcu/stm32f103ze/libraries/STM32F1xx_HAL_Driver/Src/stm32f1xx_hal_uart.c.obj
HAL_HalfDuplex_EnableTransmitter                  CMakeFiles/Template.dir/platform/mcu/stm32f103ze/libraries/STM32F1xx_HAL_Driver/Src/stm32f1xx_hal_uart.c.obj
HAL_HalfDuplex_Init                               CMakeFiles/Template.dir/platform/mcu/stm32f103ze/libraries/STM32F1xx_HAL_Driver/Src/stm32f1xx_hal_uart.c.obj
HAL_IncTick                                       CMakeFiles/Template.dir/platform/mcu/stm32f103ze/libraries/STM32F1xx_HAL_Driver/Src/stm32f1xx_hal.c.obj
                                                  CMakeFiles/Template.dir/platform/mcu/stm32f103ze/bsp/it/stm32f1xx_it.c.obj
HAL_Init                                          CMakeFiles/Template.dir/platform/mcu/stm32f103ze/libraries/STM32F1xx_HAL_Driver/Src/stm32f1xx_hal.c.obj
                                                  CMakeFiles/Template.dir/app/main.c.obj
HAL_InitTick                                      CMakeFiles/Template.dir/platform/mcu/stm32f103ze/libraries/STM32F1xx_HAL_Driver/Src/stm32f1xx_hal.c.obj
                                                  CMakeFiles/Template.dir/platform/mcu/stm32f103ze/libraries/STM32F1xx_HAL_Driver/Src/stm32f1xx_hal_rcc.c.obj
HAL_LIN_Init                                      CMakeFiles/Template.dir/platform/mcu/stm32f103ze/libraries/STM32F1xx_HAL_Driver/Src/stm32f1xx_hal_uart.c.obj
HAL_LIN_SendBreak                                 CMakeFiles/Template.dir/platform/mcu/stm32f103ze/libraries/STM32F1xx_HAL_Driver/Src/stm32f1xx_hal_uart.c.obj
HAL_MspDeInit                                     CMakeFiles/Template.dir/platform/mcu/stm32f103ze/libraries/STM32F1xx_HAL_Driver/Src/stm32f1xx_hal.c.obj
HAL_MspInit                                       CMakeFiles/Template.dir/platform/mcu/stm32f103ze/libraries/STM32F1xx_HAL_Driver/Src/stm32f1xx_hal.c.obj
HAL_MultiProcessor_EnterMuteMode                  CMakeFiles/Template.dir/platform/mcu/stm32f103ze/libraries/STM32F1xx_HAL_Driver/Src/stm32f1xx_hal_uart.c.obj
HAL_MultiProcessor_ExitMuteMode                   CMakeFiles/Template.dir/platform/mcu/stm32f103ze/libraries/STM32F1xx_HAL_Driver/Src/stm32f1xx_hal_uart.c.obj
HAL_MultiProcessor_Init                           CMakeFiles/Template.dir/platform/mcu/stm32f103ze/libraries/STM32F1xx_HAL_Driver/Src/stm32f1xx_hal_uart.c.obj
HAL_NVIC_ClearPendingIRQ                          CMakeFiles/Template.dir/platform/mcu/stm32f103ze/libraries/STM32F1xx_HAL_Driver/Src/stm32f1xx_hal_cortex.c.obj
HAL_NVIC_DisableIRQ                               CMakeFiles/Template.dir/platform/mcu/stm32f103ze/libraries/STM32F1xx_HAL_Driver/Src/stm32f1xx_hal_cortex.c.obj
HAL_NVIC_EnableIRQ                                CMakeFiles/Template.dir/platform/mcu/stm32f103ze/libraries/STM32F1xx_HAL_Driver/Src/stm32f1xx_hal_cortex.c.obj
HAL_NVIC_GetActive                                CMakeFiles/Template.dir/platform/mcu/stm32f103ze/libraries/STM32F1xx_HAL_Driver/Src/stm32f1xx_hal_cortex.c.obj
HAL_NVIC_GetPendingIRQ                            CMakeFiles/Template.dir/platform/mcu/stm32f103ze/libraries/STM32F1xx_HAL_Driver/Src/stm32f1xx_hal_cortex.c.obj
HAL_NVIC_GetPriority                              CMakeFiles/Template.dir/platform/mcu/stm32f103ze/libraries/STM32F1xx_HAL_Driver/Src/stm32f1xx_hal_cortex.c.obj
HAL_NVIC_GetPriorityGrouping                      CMakeFiles/Template.dir/platform/mcu/stm32f103ze/libraries/STM32F1xx_HAL_Driver/Src/stm32f1xx_hal_cortex.c.obj
HAL_NVIC_SetPendingIRQ                            CMakeFiles/Template.dir/platform/mcu/stm32f103ze/libraries/STM32F1xx_HAL_Driver/Src/stm32f1xx_hal_cortex.c.obj
HAL_NVIC_SetPriority                              CMakeFiles/Template.dir/platform/mcu/stm32f103ze/libraries/STM32F1xx_HAL_Driver/Src/stm32f1xx_hal_cortex.c.obj
                                                  CMakeFiles/Template.dir/platform/mcu/stm32f103ze/libraries/STM32F1xx_HAL_Driver/Src/stm32f1xx_hal.c.obj
HAL_NVIC_SetPriorityGrouping                      CMakeFiles/Template.dir/platform/mcu/stm32f103ze/libraries/STM32F1xx_HAL_Driver/Src/stm32f1xx_hal_cortex.c.obj
                                                  CMakeFiles/Template.dir/platform/mcu/stm32f103ze/libraries/STM32F1xx_HAL_Driver/Src/stm32f1xx_hal.c.obj
HAL_NVIC_SystemReset                              CMakeFiles/Template.dir/platform/mcu/stm32f103ze/libraries/STM32F1xx_HAL_Driver/Src/stm32f1xx_hal_cortex.c.obj
                                                  CMakeFiles/Template.dir/platform/mcu/stm32f103ze/libraries/STM32F1xx_HAL_Driver/Src/stm32f1xx_hal_flash.c.obj
HAL_PWR_ConfigPVD                                 CMakeFiles/Template.dir/platform/mcu/stm32f103ze/libraries/STM32F1xx_HAL_Driver/Src/stm32f1xx_hal_pwr.c.obj
HAL_PWR_DeInit                                    CMakeFiles/Template.dir/platform/mcu/stm32f103ze/libraries/STM32F1xx_HAL_Driver/Src/stm32f1xx_hal_pwr.c.obj
HAL_PWR_DisableBkUpAccess                         CMakeFiles/Template.dir/platform/mcu/stm32f103ze/libraries/STM32F1xx_HAL_Driver/Src/stm32f1xx_hal_pwr.c.obj
HAL_PWR_DisablePVD                                CMakeFiles/Template.dir/platform/mcu/stm32f103ze/libraries/STM32F1xx_HAL_Driver/Src/stm32f1xx_hal_pwr.c.obj
HAL_PWR_DisableSEVOnPend                          CMakeFiles/Template.dir/platform/mcu/stm32f103ze/libraries/STM32F1xx_HAL_Driver/Src/stm32f1xx_hal_pwr.c.obj
HAL_PWR_DisableSleepOnExit                        CMakeFiles/Template.dir/platform/mcu/stm32f103ze/libraries/STM32F1xx_HAL_Driver/Src/stm32f1xx_hal_pwr.c.obj
HAL_PWR_DisableWakeUpPin                          CMakeFiles/Template.dir/platform/mcu/stm32f103ze/libraries/STM32F1xx_HAL_Driver/Src/stm32f1xx_hal_pwr.c.obj
HAL_PWR_EnableBkUpAccess                          CMakeFiles/Template.dir/platform/mcu/stm32f103ze/libraries/STM32F1xx_HAL_Driver/Src/stm32f1xx_hal_pwr.c.obj
HAL_PWR_EnablePVD                                 CMakeFiles/Template.dir/platform/mcu/stm32f103ze/libraries/STM32F1xx_HAL_Driver/Src/stm32f1xx_hal_pwr.c.obj
HAL_PWR_EnableSEVOnPend                           CMakeFiles/Template.dir/platform/mcu/stm32f103ze/libraries/STM32F1xx_HAL_Driver/Src/stm32f1xx_hal_pwr.c.obj
HAL_PWR_EnableSleepOnExit                         CMakeFiles/Template.dir/platform/mcu/stm32f103ze/libraries/STM32F1xx_HAL_Driver/Src/stm32f1xx_hal_pwr.c.obj
HAL_PWR_EnableWakeUpPin                           CMakeFiles/Template.dir/platform/mcu/stm32f103ze/libraries/STM32F1xx_HAL_Driver/Src/stm32f1xx_hal_pwr.c.obj
HAL_PWR_EnterSLEEPMode                            CMakeFiles/Template.dir/platform/mcu/stm32f103ze/libraries/STM32F1xx_HAL_Driver/Src/stm32f1xx_hal_pwr.c.obj
HAL_PWR_EnterSTANDBYMode                          CMakeFiles/Template.dir/platform/mcu/stm32f103ze/libraries/STM32F1xx_HAL_Driver/Src/stm32f1xx_hal_pwr.c.obj
HAL_PWR_EnterSTOPMode                             CMakeFiles/Template.dir/platform/mcu/stm32f103ze/libraries/STM32F1xx_HAL_Driver/Src/stm32f1xx_hal_pwr.c.obj
HAL_PWR_PVDCallback                               CMakeFiles/Template.dir/platform/mcu/stm32f103ze/libraries/STM32F1xx_HAL_Driver/Src/stm32f1xx_hal_pwr.c.obj
HAL_PWR_PVD_IRQHandler                            CMakeFiles/Template.dir/platform/mcu/stm32f103ze/libraries/STM32F1xx_HAL_Driver/Src/stm32f1xx_hal_pwr.c.obj
HAL_RCCEx_GetPeriphCLKConfig                      CMakeFiles/Template.dir/platform/mcu/stm32f103ze/libraries/STM32F1xx_HAL_Driver/Src/stm32f1xx_hal_rcc_ex.c.obj
HAL_RCCEx_GetPeriphCLKFreq                        CMakeFiles/Template.dir/platform/mcu/stm32f103ze/libraries/STM32F1xx_HAL_Driver/Src/stm32f1xx_hal_rcc_ex.c.obj
HAL_RCCEx_PeriphCLKConfig                         CMakeFiles/Template.dir/platform/mcu/stm32f103ze/libraries/STM32F1xx_HAL_Driver/Src/stm32f1xx_hal_rcc_ex.c.obj
HAL_RCC_CSSCallback                               CMakeFiles/Template.dir/platform/mcu/stm32f103ze/libraries/STM32F1xx_HAL_Driver/Src/stm32f1xx_hal_rcc.c.obj
HAL_RCC_ClockConfig                               CMakeFiles/Template.dir/platform/mcu/stm32f103ze/libraries/STM32F1xx_HAL_Driver/Src/stm32f1xx_hal_rcc.c.obj
                                                  CMakeFiles/Template.dir/platform/mcu/stm32f103ze/bsp/sys/sys.c.obj
HAL_RCC_DeInit                                    CMakeFiles/Template.dir/platform/mcu/stm32f103ze/libraries/STM32F1xx_HAL_Driver/Src/stm32f1xx_hal_rcc.c.obj
HAL_RCC_DisableCSS                                CMakeFiles/Template.dir/platform/mcu/stm32f103ze/libraries/STM32F1xx_HAL_Driver/Src/stm32f1xx_hal_rcc.c.obj
HAL_RCC_EnableCSS                                 CMakeFiles/Template.dir/platform/mcu/stm32f103ze/libraries/STM32F1xx_HAL_Driver/Src/stm32f1xx_hal_rcc.c.obj
HAL_RCC_GetClockConfig                            CMakeFiles/Template.dir/platform/mcu/stm32f103ze/libraries/STM32F1xx_HAL_Driver/Src/stm32f1xx_hal_rcc.c.obj
HAL_RCC_GetHCLKFreq                               CMakeFiles/Template.dir/platform/mcu/stm32f103ze/libraries/STM32F1xx_HAL_Driver/Src/stm32f1xx_hal_rcc.c.obj
HAL_RCC_GetOscConfig                              CMakeFiles/Template.dir/platform/mcu/stm32f103ze/libraries/STM32F1xx_HAL_Driver/Src/stm32f1xx_hal_rcc.c.obj
HAL_RCC_GetPCLK1Freq                              CMakeFiles/Template.dir/platform/mcu/stm32f103ze/libraries/STM32F1xx_HAL_Driver/Src/stm32f1xx_hal_rcc.c.obj
                                                  CMakeFiles/Template.dir/platform/mcu/stm32f103ze/libraries/STM32F1xx_HAL_Driver/Src/stm32f1xx_hal_uart.c.obj
HAL_RCC_GetPCLK2Freq                              CMakeFiles/Template.dir/platform/mcu/stm32f103ze/libraries/STM32F1xx_HAL_Driver/Src/stm32f1xx_hal_rcc.c.obj
                                                  CMakeFiles/Template.dir/platform/mcu/stm32f103ze/libraries/STM32F1xx_HAL_Driver/Src/stm32f1xx_hal_uart.c.obj
                                                  CMakeFiles/Template.dir/platform/mcu/stm32f103ze/libraries/STM32F1xx_HAL_Driver/Src/stm32f1xx_hal_rcc_ex.c.obj
HAL_RCC_GetSysClockFreq                           CMakeFiles/Template.dir/platform/mcu/stm32f103ze/libraries/STM32F1xx_HAL_Driver/Src/stm32f1xx_hal_rcc.c.obj
                                                  CMakeFiles/Template.dir/platform/mcu/stm32f103ze/libraries/STM32F1xx_HAL_Driver/Src/stm32f1xx_hal_rcc_ex.c.obj
HAL_RCC_MCOConfig                                 CMakeFiles/Template.dir/platform/mcu/stm32f103ze/libraries/STM32F1xx_HAL_Driver/Src/stm32f1xx_hal_rcc.c.obj
HAL_RCC_NMI_IRQHandler                            CMakeFiles/Template.dir/platform/mcu/stm32f103ze/libraries/STM32F1xx_HAL_Driver/Src/stm32f1xx_hal_rcc.c.obj
HAL_RCC_OscConfig                                 CMakeFiles/Template.dir/platform/mcu/stm32f103ze/libraries/STM32F1xx_HAL_Driver/Src/stm32f1xx_hal_rcc.c.obj
                                                  CMakeFiles/Template.dir/platform/mcu/stm32f103ze/bsp/sys/sys.c.obj
HAL_ResumeTick                                    CMakeFiles/Template.dir/platform/mcu/stm32f103ze/libraries/STM32F1xx_HAL_Driver/Src/stm32f1xx_hal.c.obj
HAL_SYSTICK_CLKSourceConfig                       CMakeFiles/Template.dir/platform/mcu/stm32f103ze/libraries/STM32F1xx_HAL_Driver/Src/stm32f1xx_hal_cortex.c.obj
                                                  CMakeFiles/Template.dir/platform/mcu/stm32f103ze/bsp/delay/delay.c.obj
HAL_SYSTICK_Callback                              CMakeFiles/Template.dir/platform/mcu/stm32f103ze/libraries/STM32F1xx_HAL_Driver/Src/stm32f1xx_hal_cortex.c.obj
HAL_SYSTICK_Config                                CMakeFiles/Template.dir/platform/mcu/stm32f103ze/libraries/STM32F1xx_HAL_Driver/Src/stm32f1xx_hal_cortex.c.obj
                                                  CMakeFiles/Template.dir/platform/mcu/stm32f103ze/libraries/STM32F1xx_HAL_Driver/Src/stm32f1xx_hal.c.obj
HAL_SYSTICK_IRQHandler                            CMakeFiles/Template.dir/platform/mcu/stm32f103ze/libraries/STM32F1xx_HAL_Driver/Src/stm32f1xx_hal_cortex.c.obj
HAL_SetTickFreq                                   CMakeFiles/Template.dir/platform/mcu/stm32f103ze/libraries/STM32F1xx_HAL_Driver/Src/stm32f1xx_hal.c.obj
HAL_SuspendTick                                   CMakeFiles/Template.dir/platform/mcu/stm32f103ze/libraries/STM32F1xx_HAL_Driver/Src/stm32f1xx_hal.c.obj
HAL_UARTEx_GetRxEventType                         CMakeFiles/Template.dir/platform/mcu/stm32f103ze/libraries/STM32F1xx_HAL_Driver/Src/stm32f1xx_hal_uart.c.obj
HAL_UARTEx_ReceiveToIdle                          CMakeFiles/Template.dir/platform/mcu/stm32f103ze/libraries/STM32F1xx_HAL_Driver/Src/stm32f1xx_hal_uart.c.obj
HAL_UARTEx_ReceiveToIdle_DMA                      CMakeFiles/Template.dir/platform/mcu/stm32f103ze/libraries/STM32F1xx_HAL_Driver/Src/stm32f1xx_hal_uart.c.obj
HAL_UARTEx_ReceiveToIdle_IT                       CMakeFiles/Template.dir/platform/mcu/stm32f103ze/libraries/STM32F1xx_HAL_Driver/Src/stm32f1xx_hal_uart.c.obj
HAL_UARTEx_RxEventCallback                        CMakeFiles/Template.dir/platform/mcu/stm32f103ze/libraries/STM32F1xx_HAL_Driver/Src/stm32f1xx_hal_uart.c.obj
HAL_UART_Abort                                    CMakeFiles/Template.dir/platform/mcu/stm32f103ze/libraries/STM32F1xx_HAL_Driver/Src/stm32f1xx_hal_uart.c.obj
HAL_UART_AbortCpltCallback                        CMakeFiles/Template.dir/platform/mcu/stm32f103ze/libraries/STM32F1xx_HAL_Driver/Src/stm32f1xx_hal_uart.c.obj
HAL_UART_AbortReceive                             CMakeFiles/Template.dir/platform/mcu/stm32f103ze/libraries/STM32F1xx_HAL_Driver/Src/stm32f1xx_hal_uart.c.obj
HAL_UART_AbortReceiveCpltCallback                 CMakeFiles/Template.dir/platform/mcu/stm32f103ze/libraries/STM32F1xx_HAL_Driver/Src/stm32f1xx_hal_uart.c.obj
HAL_UART_AbortReceive_IT                          CMakeFiles/Template.dir/platform/mcu/stm32f103ze/libraries/STM32F1xx_HAL_Driver/Src/stm32f1xx_hal_uart.c.obj
HAL_UART_AbortTransmit                            CMakeFiles/Template.dir/platform/mcu/stm32f103ze/libraries/STM32F1xx_HAL_Driver/Src/stm32f1xx_hal_uart.c.obj
HAL_UART_AbortTransmitCpltCallback                CMakeFiles/Template.dir/platform/mcu/stm32f103ze/libraries/STM32F1xx_HAL_Driver/Src/stm32f1xx_hal_uart.c.obj
HAL_UART_AbortTransmit_IT                         CMakeFiles/Template.dir/platform/mcu/stm32f103ze/libraries/STM32F1xx_HAL_Driver/Src/stm32f1xx_hal_uart.c.obj
HAL_UART_Abort_IT                                 CMakeFiles/Template.dir/platform/mcu/stm32f103ze/libraries/STM32F1xx_HAL_Driver/Src/stm32f1xx_hal_uart.c.obj
HAL_UART_DMAPause                                 CMakeFiles/Template.dir/platform/mcu/stm32f103ze/libraries/STM32F1xx_HAL_Driver/Src/stm32f1xx_hal_uart.c.obj
HAL_UART_DMAResume                                CMakeFiles/Template.dir/platform/mcu/stm32f103ze/libraries/STM32F1xx_HAL_Driver/Src/stm32f1xx_hal_uart.c.obj
HAL_UART_DMAStop                                  CMakeFiles/Template.dir/platform/mcu/stm32f103ze/libraries/STM32F1xx_HAL_Driver/Src/stm32f1xx_hal_uart.c.obj
HAL_UART_DeInit                                   CMakeFiles/Template.dir/platform/mcu/stm32f103ze/libraries/STM32F1xx_HAL_Driver/Src/stm32f1xx_hal_uart.c.obj
HAL_UART_ErrorCallback                            CMakeFiles/Template.dir/platform/mcu/stm32f103ze/libraries/STM32F1xx_HAL_Driver/Src/stm32f1xx_hal_uart.c.obj
HAL_UART_GetError                                 CMakeFiles/Template.dir/platform/mcu/stm32f103ze/libraries/STM32F1xx_HAL_Driver/Src/stm32f1xx_hal_uart.c.obj
HAL_UART_GetState                                 CMakeFiles/Template.dir/platform/mcu/stm32f103ze/libraries/STM32F1xx_HAL_Driver/Src/stm32f1xx_hal_uart.c.obj
HAL_UART_IRQHandler                               CMakeFiles/Template.dir/platform/mcu/stm32f103ze/libraries/STM32F1xx_HAL_Driver/Src/stm32f1xx_hal_uart.c.obj
HAL_UART_Init                                     CMakeFiles/Template.dir/platform/mcu/stm32f103ze/libraries/STM32F1xx_HAL_Driver/Src/stm32f1xx_hal_uart.c.obj
HAL_UART_MspDeInit                                CMakeFiles/Template.dir/platform/mcu/stm32f103ze/libraries/STM32F1xx_HAL_Driver/Src/stm32f1xx_hal_uart.c.obj
HAL_UART_MspInit                                  CMakeFiles/Template.dir/platform/mcu/stm32f103ze/libraries/STM32F1xx_HAL_Driver/Src/stm32f1xx_hal_uart.c.obj
HAL_UART_Receive                                  CMakeFiles/Template.dir/platform/mcu/stm32f103ze/libraries/STM32F1xx_HAL_Driver/Src/stm32f1xx_hal_uart.c.obj
HAL_UART_Receive_DMA                              CMakeFiles/Template.dir/platform/mcu/stm32f103ze/libraries/STM32F1xx_HAL_Driver/Src/stm32f1xx_hal_uart.c.obj
HAL_UART_Receive_IT                               CMakeFiles/Template.dir/platform/mcu/stm32f103ze/libraries/STM32F1xx_HAL_Driver/Src/stm32f1xx_hal_uart.c.obj
HAL_UART_RxCpltCallback                           CMakeFiles/Template.dir/platform/mcu/stm32f103ze/libraries/STM32F1xx_HAL_Driver/Src/stm32f1xx_hal_uart.c.obj
HAL_UART_RxHalfCpltCallback                       CMakeFiles/Template.dir/platform/mcu/stm32f103ze/libraries/STM32F1xx_HAL_Driver/Src/stm32f1xx_hal_uart.c.obj
HAL_UART_Transmit                                 CMakeFiles/Template.dir/platform/mcu/stm32f103ze/libraries/STM32F1xx_HAL_Driver/Src/stm32f1xx_hal_uart.c.obj
HAL_UART_Transmit_DMA                             CMakeFiles/Template.dir/platform/mcu/stm32f103ze/libraries/STM32F1xx_HAL_Driver/Src/stm32f1xx_hal_uart.c.obj
HAL_UART_Transmit_IT                              CMakeFiles/Template.dir/platform/mcu/stm32f103ze/libraries/STM32F1xx_HAL_Driver/Src/stm32f1xx_hal_uart.c.obj
HAL_UART_TxCpltCallback                           CMakeFiles/Template.dir/platform/mcu/stm32f103ze/libraries/STM32F1xx_HAL_Driver/Src/stm32f1xx_hal_uart.c.obj
HAL_UART_TxHalfCpltCallback                       CMakeFiles/Template.dir/platform/mcu/stm32f103ze/libraries/STM32F1xx_HAL_Driver/Src/stm32f1xx_hal_uart.c.obj
HardFault_Handler                                 CMakeFiles/Template.dir/platform/mcu/stm32f103ze/bsp/it/stm32f1xx_it.c.obj
I2C1_ER_IRQHandler                                CMakeFiles/Template.dir/platform/mcu/stm32f103ze/core/GCC/startup_stm32f103xe.s.obj
I2C1_EV_IRQHandler                                CMakeFiles/Template.dir/platform/mcu/stm32f103ze/core/GCC/startup_stm32f103xe.s.obj
I2C2_ER_IRQHandler                                CMakeFiles/Template.dir/platform/mcu/stm32f103ze/core/GCC/startup_stm32f103xe.s.obj
I2C2_EV_IRQHandler                                CMakeFiles/Template.dir/platform/mcu/stm32f103ze/core/GCC/startup_stm32f103xe.s.obj
MemManage_Handler                                 CMakeFiles/Template.dir/platform/mcu/stm32f103ze/bsp/it/stm32f1xx_it.c.obj
NMI_Handler                                       CMakeFiles/Template.dir/platform/mcu/stm32f103ze/bsp/it/stm32f1xx_it.c.obj
PVD_IRQHandler                                    CMakeFiles/Template.dir/platform/mcu/stm32f103ze/core/GCC/startup_stm32f103xe.s.obj
PendSV_Handler                                    CMakeFiles/Template.dir/platform/mcu/stm32f103ze/bsp/it/stm32f1xx_it.c.obj
RCC_IRQHandler                                    CMakeFiles/Template.dir/platform/mcu/stm32f103ze/core/GCC/startup_stm32f103xe.s.obj
RTC_Alarm_IRQHandler                              CMakeFiles/Template.dir/platform/mcu/stm32f103ze/core/GCC/startup_stm32f103xe.s.obj
RTC_IRQHandler                                    CMakeFiles/Template.dir/platform/mcu/stm32f103ze/core/GCC/startup_stm32f103xe.s.obj
Reset_Handler                                     CMakeFiles/Template.dir/platform/mcu/stm32f103ze/core/GCC/startup_stm32f103xe.s.obj
SDIO_IRQHandler                                   CMakeFiles/Template.dir/platform/mcu/stm32f103ze/core/GCC/startup_stm32f103xe.s.obj
SPI1_IRQHandler                                   CMakeFiles/Template.dir/platform/mcu/stm32f103ze/core/GCC/startup_stm32f103xe.s.obj
SPI2_IRQHandler                                   CMakeFiles/Template.dir/platform/mcu/stm32f103ze/core/GCC/startup_stm32f103xe.s.obj
SPI3_IRQHandler                                   CMakeFiles/Template.dir/platform/mcu/stm32f103ze/core/GCC/startup_stm32f103xe.s.obj
SVC_Handler                                       CMakeFiles/Template.dir/platform/mcu/stm32f103ze/bsp/it/stm32f1xx_it.c.obj
Stm32_Clock_Init                                  CMakeFiles/Template.dir/platform/mcu/stm32f103ze/bsp/sys/sys.c.obj
                                                  CMakeFiles/Template.dir/app/main.c.obj
SysTick_Handler                                   CMakeFiles/Template.dir/platform/mcu/stm32f103ze/bsp/it/stm32f1xx_it.c.obj
SystemCoreClock                                   CMakeFiles/Template.dir/platform/mcu/stm32f103ze/core/system_stm32f1xx.c.obj
                                                  CMakeFiles/Template.dir/platform/mcu/stm32f103ze/libraries/STM32F1xx_HAL_Driver/Src/stm32f1xx_hal_rcc.c.obj
                                                  CMakeFiles/Template.dir/platform/mcu/stm32f103ze/libraries/STM32F1xx_HAL_Driver/Src/stm32f1xx_hal.c.obj
SystemCoreClockUpdate                             CMakeFiles/Template.dir/platform/mcu/stm32f103ze/core/system_stm32f1xx.c.obj
SystemInit                                        CMakeFiles/Template.dir/platform/mcu/stm32f103ze/core/system_stm32f1xx.c.obj
                                                  CMakeFiles/Template.dir/platform/mcu/stm32f103ze/core/GCC/startup_stm32f103xe.s.obj
TAMPER_IRQHandler                                 CMakeFiles/Template.dir/platform/mcu/stm32f103ze/core/GCC/startup_stm32f103xe.s.obj
TIM1_BRK_IRQHandler                               CMakeFiles/Template.dir/platform/mcu/stm32f103ze/core/GCC/startup_stm32f103xe.s.obj
TIM1_CC_IRQHandler                                CMakeFiles/Template.dir/platform/mcu/stm32f103ze/core/GCC/startup_stm32f103xe.s.obj
TIM1_TRG_COM_IRQHandler                           CMakeFiles/Template.dir/platform/mcu/stm32f103ze/core/GCC/startup_stm32f103xe.s.obj
TIM1_UP_IRQHandler                                CMakeFiles/Template.dir/platform/mcu/stm32f103ze/core/GCC/startup_stm32f103xe.s.obj
TIM2_IRQHandler                                   CMakeFiles/Template.dir/platform/mcu/stm32f103ze/core/GCC/startup_stm32f103xe.s.obj
TIM3_IRQHandler                                   CMakeFiles/Template.dir/platform/mcu/stm32f103ze/core/GCC/startup_stm32f103xe.s.obj
TIM4_IRQHandler                                   CMakeFiles/Template.dir/platform/mcu/stm32f103ze/core/GCC/startup_stm32f103xe.s.obj
TIM5_IRQHandler                                   CMakeFiles/Template.dir/platform/mcu/stm32f103ze/core/GCC/startup_stm32f103xe.s.obj
TIM6_IRQHandler                                   CMakeFiles/Template.dir/platform/mcu/stm32f103ze/core/GCC/startup_stm32f103xe.s.obj
TIM7_IRQHandler                                   CMakeFiles/Template.dir/platform/mcu/stm32f103ze/core/GCC/startup_stm32f103xe.s.obj
TIM8_BRK_IRQHandler                               CMakeFiles/Template.dir/platform/mcu/stm32f103ze/core/GCC/startup_stm32f103xe.s.obj
TIM8_CC_IRQHandler                                CMakeFiles/Template.dir/platform/mcu/stm32f103ze/core/GCC/startup_stm32f103xe.s.obj
TIM8_TRG_COM_IRQHandler                           CMakeFiles/Template.dir/platform/mcu/stm32f103ze/core/GCC/startup_stm32f103xe.s.obj
TIM8_UP_IRQHandler                                CMakeFiles/Template.dir/platform/mcu/stm32f103ze/core/GCC/startup_stm32f103xe.s.obj
UART4_IRQHandler                                  CMakeFiles/Template.dir/platform/mcu/stm32f103ze/core/GCC/startup_stm32f103xe.s.obj
UART5_IRQHandler                                  CMakeFiles/Template.dir/platform/mcu/stm32f103ze/core/GCC/startup_stm32f103xe.s.obj
UART_Start_Receive_DMA                            CMakeFiles/Template.dir/platform/mcu/stm32f103ze/libraries/STM32F1xx_HAL_Driver/Src/stm32f1xx_hal_uart.c.obj
UART_Start_Receive_IT                             CMakeFiles/Template.dir/platform/mcu/stm32f103ze/libraries/STM32F1xx_HAL_Driver/Src/stm32f1xx_hal_uart.c.obj
USART1_IRQHandler                                 CMakeFiles/Template.dir/platform/mcu/stm32f103ze/core/GCC/startup_stm32f103xe.s.obj
USART2_IRQHandler                                 CMakeFiles/Template.dir/platform/mcu/stm32f103ze/core/GCC/startup_stm32f103xe.s.obj
USART3_IRQHandler                                 CMakeFiles/Template.dir/platform/mcu/stm32f103ze/core/GCC/startup_stm32f103xe.s.obj
USBWakeUp_IRQHandler                              CMakeFiles/Template.dir/platform/mcu/stm32f103ze/core/GCC/startup_stm32f103xe.s.obj
USB_HP_CAN1_TX_IRQHandler                         CMakeFiles/Template.dir/platform/mcu/stm32f103ze/core/GCC/startup_stm32f103xe.s.obj
USB_LP_CAN1_RX0_IRQHandler                        CMakeFiles/Template.dir/platform/mcu/stm32f103ze/core/GCC/startup_stm32f103xe.s.obj
UsageFault_Handler                                CMakeFiles/Template.dir/platform/mcu/stm32f103ze/bsp/it/stm32f1xx_it.c.obj
WWDG_IRQHandler                                   CMakeFiles/Template.dir/platform/mcu/stm32f103ze/core/GCC/startup_stm32f103xe.s.obj
__bss_end__                                       d:/software/embedded_tools/qp/qp/qtools/gnu_arm-none-eabi/bin/../lib/gcc/arm-none-eabi/10.3.1/../../../../arm-none-eabi/lib/thumb/v7-m/nofp/crt0.o
__bss_start__                                     d:/software/embedded_tools/qp/qp/qtools/gnu_arm-none-eabi/bin/../lib/gcc/arm-none-eabi/10.3.1/../../../../arm-none-eabi/lib/thumb/v7-m/nofp/crt0.o
__call_exitprocs                                  d:/software/embedded_tools/qp/qp/qtools/gnu_arm-none-eabi/bin/../lib/gcc/arm-none-eabi/10.3.1/../../../../arm-none-eabi/lib/thumb/v7-m/nofp\libg_nano.a(lib_a-exit.o)
__deregister_frame_info                           d:/software/embedded_tools/qp/qp/qtools/gnu_arm-none-eabi/bin/../lib/gcc/arm-none-eabi/10.3.1/thumb/v7-m/nofp/crtbegin.o
__dso_handle                                      d:/software/embedded_tools/qp/qp/qtools/gnu_arm-none-eabi/bin/../lib/gcc/arm-none-eabi/10.3.1/thumb/v7-m/nofp/crtbegin.o
__init_array_end                                  d:/software/embedded_tools/qp/qp/qtools/gnu_arm-none-eabi/bin/../lib/gcc/arm-none-eabi/10.3.1/../../../../arm-none-eabi/lib/thumb/v7-m/nofp\libg_nano.a(lib_a-init.o)
__init_array_start                                d:/software/embedded_tools/qp/qp/qtools/gnu_arm-none-eabi/bin/../lib/gcc/arm-none-eabi/10.3.1/../../../../arm-none-eabi/lib/thumb/v7-m/nofp\libg_nano.a(lib_a-init.o)
__libc_fini_array                                 d:/software/embedded_tools/qp/qp/qtools/gnu_arm-none-eabi/bin/../lib/gcc/arm-none-eabi/10.3.1/../../../../arm-none-eabi/lib/thumb/v7-m/nofp/crt0.o
__libc_init_array                                 d:/software/embedded_tools/qp/qp/qtools/gnu_arm-none-eabi/bin/../lib/gcc/arm-none-eabi/10.3.1/../../../../arm-none-eabi/lib/thumb/v7-m/nofp\libg_nano.a(lib_a-init.o)
                                                  CMakeFiles/Template.dir/platform/mcu/stm32f103ze/core/GCC/startup_stm32f103xe.s.obj
                                                  d:/software/embedded_tools/qp/qp/qtools/gnu_arm-none-eabi/bin/../lib/gcc/arm-none-eabi/10.3.1/../../../../arm-none-eabi/lib/thumb/v7-m/nofp/crt0.o
__preinit_array_end                               d:/software/embedded_tools/qp/qp/qtools/gnu_arm-none-eabi/bin/../lib/gcc/arm-none-eabi/10.3.1/../../../../arm-none-eabi/lib/thumb/v7-m/nofp\libg_nano.a(lib_a-init.o)
__preinit_array_start                             d:/software/embedded_tools/qp/qp/qtools/gnu_arm-none-eabi/bin/../lib/gcc/arm-none-eabi/10.3.1/../../../../arm-none-eabi/lib/thumb/v7-m/nofp\libg_nano.a(lib_a-init.o)
__register_frame_info                             d:/software/embedded_tools/qp/qp/qtools/gnu_arm-none-eabi/bin/../lib/gcc/arm-none-eabi/10.3.1/thumb/v7-m/nofp/crtbegin.o
__sf_fake_stderr                                  d:/software/embedded_tools/qp/qp/qtools/gnu_arm-none-eabi/bin/../lib/gcc/arm-none-eabi/10.3.1/../../../../arm-none-eabi/lib/thumb/v7-m/nofp\libg_nano.a(lib_a-impure.o)
__sf_fake_stdin                                   d:/software/embedded_tools/qp/qp/qtools/gnu_arm-none-eabi/bin/../lib/gcc/arm-none-eabi/10.3.1/../../../../arm-none-eabi/lib/thumb/v7-m/nofp\libg_nano.a(lib_a-impure.o)
__sf_fake_stdout                                  d:/software/embedded_tools/qp/qp/qtools/gnu_arm-none-eabi/bin/../lib/gcc/arm-none-eabi/10.3.1/../../../../arm-none-eabi/lib/thumb/v7-m/nofp\libg_nano.a(lib_a-impure.o)
__stack                                           d:/software/embedded_tools/qp/qp/qtools/gnu_arm-none-eabi/bin/../lib/gcc/arm-none-eabi/10.3.1/../../../../arm-none-eabi/lib/thumb/v7-m/nofp/crt0.o
_ebss                                             CMakeFiles/Template.dir/platform/mcu/stm32f103ze/core/GCC/startup_stm32f103xe.s.obj
_edata                                            CMakeFiles/Template.dir/platform/mcu/stm32f103ze/core/GCC/startup_stm32f103xe.s.obj
_estack                                           CMakeFiles/Template.dir/platform/mcu/stm32f103ze/core/GCC/startup_stm32f103xe.s.obj
_exit                                             d:/software/embedded_tools/qp/qp/qtools/gnu_arm-none-eabi/bin/../lib/gcc/arm-none-eabi/10.3.1/../../../../arm-none-eabi/lib/thumb/v7-m/nofp\libnosys.a(_exit.o)
                                                  d:/software/embedded_tools/qp/qp/qtools/gnu_arm-none-eabi/bin/../lib/gcc/arm-none-eabi/10.3.1/../../../../arm-none-eabi/lib/thumb/v7-m/nofp\libg_nano.a(lib_a-exit.o)
_fini                                             d:/software/embedded_tools/qp/qp/qtools/gnu_arm-none-eabi/bin/../lib/gcc/arm-none-eabi/10.3.1/thumb/v7-m/nofp/crti.o
_global_impure_ptr                                d:/software/embedded_tools/qp/qp/qtools/gnu_arm-none-eabi/bin/../lib/gcc/arm-none-eabi/10.3.1/../../../../arm-none-eabi/lib/thumb/v7-m/nofp\libg_nano.a(lib_a-impure.o)
                                                  d:/software/embedded_tools/qp/qp/qtools/gnu_arm-none-eabi/bin/../lib/gcc/arm-none-eabi/10.3.1/../../../../arm-none-eabi/lib/thumb/v7-m/nofp\libg_nano.a(lib_a-exit.o)
_impure_ptr                                       d:/software/embedded_tools/qp/qp/qtools/gnu_arm-none-eabi/bin/../lib/gcc/arm-none-eabi/10.3.1/../../../../arm-none-eabi/lib/thumb/v7-m/nofp\libg_nano.a(lib_a-impure.o)
_init                                             d:/software/embedded_tools/qp/qp/qtools/gnu_arm-none-eabi/bin/../lib/gcc/arm-none-eabi/10.3.1/thumb/v7-m/nofp/crti.o
                                                  d:/software/embedded_tools/qp/qp/qtools/gnu_arm-none-eabi/bin/../lib/gcc/arm-none-eabi/10.3.1/../../../../arm-none-eabi/lib/thumb/v7-m/nofp\libg_nano.a(lib_a-init.o)
_mainCRTStartup                                   d:/software/embedded_tools/qp/qp/qtools/gnu_arm-none-eabi/bin/../lib/gcc/arm-none-eabi/10.3.1/../../../../arm-none-eabi/lib/thumb/v7-m/nofp/crt0.o
_sbss                                             CMakeFiles/Template.dir/platform/mcu/stm32f103ze/core/GCC/startup_stm32f103xe.s.obj
_sdata                                            CMakeFiles/Template.dir/platform/mcu/stm32f103ze/core/GCC/startup_stm32f103xe.s.obj
_sidata                                           CMakeFiles/Template.dir/platform/mcu/stm32f103ze/core/GCC/startup_stm32f103xe.s.obj
_stack_init                                       d:/software/embedded_tools/qp/qp/qtools/gnu_arm-none-eabi/bin/../lib/gcc/arm-none-eabi/10.3.1/../../../../arm-none-eabi/lib/thumb/v7-m/nofp/crt0.o
_start                                            d:/software/embedded_tools/qp/qp/qtools/gnu_arm-none-eabi/bin/../lib/gcc/arm-none-eabi/10.3.1/../../../../arm-none-eabi/lib/thumb/v7-m/nofp/crt0.o
atexit                                            d:/software/embedded_tools/qp/qp/qtools/gnu_arm-none-eabi/bin/../lib/gcc/arm-none-eabi/10.3.1/../../../../arm-none-eabi/lib/thumb/v7-m/nofp/crt0.o
delay_init                                        CMakeFiles/Template.dir/platform/mcu/stm32f103ze/bsp/delay/delay.c.obj
                                                  CMakeFiles/Template.dir/app/main.c.obj
delay_ms                                          CMakeFiles/Template.dir/platform/mcu/stm32f103ze/bsp/delay/delay.c.obj
                                                  CMakeFiles/Template.dir/app/main.c.obj
delay_us                                          CMakeFiles/Template.dir/platform/mcu/stm32f103ze/bsp/delay/delay.c.obj
exit                                              d:/software/embedded_tools/qp/qp/qtools/gnu_arm-none-eabi/bin/../lib/gcc/arm-none-eabi/10.3.1/../../../../arm-none-eabi/lib/thumb/v7-m/nofp\libg_nano.a(lib_a-exit.o)
                                                  d:/software/embedded_tools/qp/qp/qtools/gnu_arm-none-eabi/bin/../lib/gcc/arm-none-eabi/10.3.1/../../../../arm-none-eabi/lib/thumb/v7-m/nofp/crt0.o
g_pfnVectors                                      CMakeFiles/Template.dir/platform/mcu/stm32f103ze/core/GCC/startup_stm32f103xe.s.obj
hardware_init_hook                                d:/software/embedded_tools/qp/qp/qtools/gnu_arm-none-eabi/bin/../lib/gcc/arm-none-eabi/10.3.1/../../../../arm-none-eabi/lib/thumb/v7-m/nofp/crt0.o
main                                              CMakeFiles/Template.dir/app/main.c.obj
                                                  CMakeFiles/Template.dir/platform/mcu/stm32f103ze/core/GCC/startup_stm32f103xe.s.obj
                                                  d:/software/embedded_tools/qp/qp/qtools/gnu_arm-none-eabi/bin/../lib/gcc/arm-none-eabi/10.3.1/../../../../arm-none-eabi/lib/thumb/v7-m/nofp/crt0.o
memset                                            d:/software/embedded_tools/qp/qp/qtools/gnu_arm-none-eabi/bin/../lib/gcc/arm-none-eabi/10.3.1/../../../../arm-none-eabi/lib/thumb/v7-m/nofp\libg_nano.a(lib_a-memset.o)
                                                  d:/software/embedded_tools/qp/qp/qtools/gnu_arm-none-eabi/bin/../lib/gcc/arm-none-eabi/10.3.1/../../../../arm-none-eabi/lib/thumb/v7-m/nofp/crt0.o
pFlash                                            CMakeFiles/Template.dir/platform/mcu/stm32f103ze/libraries/STM32F1xx_HAL_Driver/Src/stm32f1xx_hal_flash.c.obj
                                                  CMakeFiles/Template.dir/platform/mcu/stm32f103ze/libraries/STM32F1xx_HAL_Driver/Src/stm32f1xx_hal_flash_ex.c.obj
software_init_hook                                d:/software/embedded_tools/qp/qp/qtools/gnu_arm-none-eabi/bin/../lib/gcc/arm-none-eabi/10.3.1/../../../../arm-none-eabi/lib/thumb/v7-m/nofp/crt0.o
uwTick                                            CMakeFiles/Template.dir/platform/mcu/stm32f103ze/libraries/STM32F1xx_HAL_Driver/Src/stm32f1xx_hal.c.obj
uwTickFreq                                        CMakeFiles/Template.dir/platform/mcu/stm32f103ze/libraries/STM32F1xx_HAL_Driver/Src/stm32f1xx_hal.c.obj
uwTickPrio                                        CMakeFiles/Template.dir/platform/mcu/stm32f103ze/libraries/STM32F1xx_HAL_Driver/Src/stm32f1xx_hal.c.obj
                                                  CMakeFiles/Template.dir/platform/mcu/stm32f103ze/libraries/STM32F1xx_HAL_Driver/Src/stm32f1xx_hal_rcc.c.obj