Archive member included to satisfy reference by file (symbol)

d:/software/embedded_tools/qp/qp/qtools/gnu_arm-none-eabi/bin/../lib/gcc/arm-none-eabi/10.3.1/../../../../arm-none-eabi/lib/thumb/v7-m/nofp\libg_nano.a(lib_a-exit.o)
                              d:/software/embedded_tools/qp/qp/qtools/gnu_arm-none-eabi/bin/../lib/gcc/arm-none-eabi/10.3.1/../../../../arm-none-eabi/lib/thumb/v7-m/nofp/crt0.o (exit)
d:/software/embedded_tools/qp/qp/qtools/gnu_arm-none-eabi/bin/../lib/gcc/arm-none-eabi/10.3.1/../../../../arm-none-eabi/lib/thumb/v7-m/nofp\libg_nano.a(lib_a-impure.o)
                              d:/software/embedded_tools/qp/qp/qtools/gnu_arm-none-eabi/bin/../lib/gcc/arm-none-eabi/10.3.1/../../../../arm-none-eabi/lib/thumb/v7-m/nofp\libg_nano.a(lib_a-exit.o) (_global_impure_ptr)
d:/software/embedded_tools/qp/qp/qtools/gnu_arm-none-eabi/bin/../lib/gcc/arm-none-eabi/10.3.1/../../../../arm-none-eabi/lib/thumb/v7-m/nofp\libg_nano.a(lib_a-init.o)
                              d:/software/embedded_tools/qp/qp/qtools/gnu_arm-none-eabi/bin/../lib/gcc/arm-none-eabi/10.3.1/../../../../arm-none-eabi/lib/thumb/v7-m/nofp/crt0.o (__libc_init_array)
d:/software/embedded_tools/qp/qp/qtools/gnu_arm-none-eabi/bin/../lib/gcc/arm-none-eabi/10.3.1/../../../../arm-none-eabi/lib/thumb/v7-m/nofp\libg_nano.a(lib_a-malloc.o)
                              CMakeFiles/Template.dir/EmbedX_Nano/component/Extimer/ExTimer.c.obj (malloc)
d:/software/embedded_tools/qp/qp/qtools/gnu_arm-none-eabi/bin/../lib/gcc/arm-none-eabi/10.3.1/../../../../arm-none-eabi/lib/thumb/v7-m/nofp\libg_nano.a(lib_a-memset.o)
                              d:/software/embedded_tools/qp/qp/qtools/gnu_arm-none-eabi/bin/../lib/gcc/arm-none-eabi/10.3.1/../../../../arm-none-eabi/lib/thumb/v7-m/nofp/crt0.o (memset)
d:/software/embedded_tools/qp/qp/qtools/gnu_arm-none-eabi/bin/../lib/gcc/arm-none-eabi/10.3.1/../../../../arm-none-eabi/lib/thumb/v7-m/nofp\libg_nano.a(lib_a-nano-freer.o)
                              d:/software/embedded_tools/qp/qp/qtools/gnu_arm-none-eabi/bin/../lib/gcc/arm-none-eabi/10.3.1/../../../../arm-none-eabi/lib/thumb/v7-m/nofp\libg_nano.a(lib_a-malloc.o) (_free_r)
d:/software/embedded_tools/qp/qp/qtools/gnu_arm-none-eabi/bin/../lib/gcc/arm-none-eabi/10.3.1/../../../../arm-none-eabi/lib/thumb/v7-m/nofp\libg_nano.a(lib_a-nano-mallocr.o)
                              d:/software/embedded_tools/qp/qp/qtools/gnu_arm-none-eabi/bin/../lib/gcc/arm-none-eabi/10.3.1/../../../../arm-none-eabi/lib/thumb/v7-m/nofp\libg_nano.a(lib_a-malloc.o) (_malloc_r)
d:/software/embedded_tools/qp/qp/qtools/gnu_arm-none-eabi/bin/../lib/gcc/arm-none-eabi/10.3.1/../../../../arm-none-eabi/lib/thumb/v7-m/nofp\libg_nano.a(lib_a-sbrkr.o)
                              d:/software/embedded_tools/qp/qp/qtools/gnu_arm-none-eabi/bin/../lib/gcc/arm-none-eabi/10.3.1/../../../../arm-none-eabi/lib/thumb/v7-m/nofp\libg_nano.a(lib_a-nano-mallocr.o) (_sbrk_r)
d:/software/embedded_tools/qp/qp/qtools/gnu_arm-none-eabi/bin/../lib/gcc/arm-none-eabi/10.3.1/../../../../arm-none-eabi/lib/thumb/v7-m/nofp\libg_nano.a(lib_a-strcmp.o)
                              CMakeFiles/Template.dir/EmbedX_Nano/component/Extimer/ExTimer.c.obj (strcmp)
d:/software/embedded_tools/qp/qp/qtools/gnu_arm-none-eabi/bin/../lib/gcc/arm-none-eabi/10.3.1/../../../../arm-none-eabi/lib/thumb/v7-m/nofp\libg_nano.a(lib_a-mlock.o)
                              d:/software/embedded_tools/qp/qp/qtools/gnu_arm-none-eabi/bin/../lib/gcc/arm-none-eabi/10.3.1/../../../../arm-none-eabi/lib/thumb/v7-m/nofp\libg_nano.a(lib_a-nano-freer.o) (__malloc_lock)
d:/software/embedded_tools/qp/qp/qtools/gnu_arm-none-eabi/bin/../lib/gcc/arm-none-eabi/10.3.1/../../../../arm-none-eabi/lib/thumb/v7-m/nofp\libg_nano.a(lib_a-reent.o)
                              d:/software/embedded_tools/qp/qp/qtools/gnu_arm-none-eabi/bin/../lib/gcc/arm-none-eabi/10.3.1/../../../../arm-none-eabi/lib/thumb/v7-m/nofp\libg_nano.a(lib_a-sbrkr.o) (errno)
d:/software/embedded_tools/qp/qp/qtools/gnu_arm-none-eabi/bin/../lib/gcc/arm-none-eabi/10.3.1/../../../../arm-none-eabi/lib/thumb/v7-m/nofp\libg_nano.a(lib_a-lock.o)
                              d:/software/embedded_tools/qp/qp/qtools/gnu_arm-none-eabi/bin/../lib/gcc/arm-none-eabi/10.3.1/../../../../arm-none-eabi/lib/thumb/v7-m/nofp\libg_nano.a(lib_a-mlock.o) (__retarget_lock_acquire_recursive)
d:/software/embedded_tools/qp/qp/qtools/gnu_arm-none-eabi/bin/../lib/gcc/arm-none-eabi/10.3.1/../../../../arm-none-eabi/lib/thumb/v7-m/nofp\libnosys.a(sbrk.o)
                              d:/software/embedded_tools/qp/qp/qtools/gnu_arm-none-eabi/bin/../lib/gcc/arm-none-eabi/10.3.1/../../../../arm-none-eabi/lib/thumb/v7-m/nofp\libg_nano.a(lib_a-sbrkr.o) (_sbrk)
d:/software/embedded_tools/qp/qp/qtools/gnu_arm-none-eabi/bin/../lib/gcc/arm-none-eabi/10.3.1/../../../../arm-none-eabi/lib/thumb/v7-m/nofp\libnosys.a(_exit.o)
[...]
Memory Configuration

Name             Origin             Length             Attributes
RAM              0x20000000         0x00010000         xrw
FLASH            0x08000000         0x00080000         xr
*default*        0x00000000         0xffffffff

Linker script and memory map

LOAD d:/software/embedded_tools/qp/qp/qtools/gnu_arm-none-eabi/bin/../lib/gcc/arm-none-eabi/10.3.1/thumb/v7-m/nofp/crti.o
LOAD d:/software/embedded_tools/qp/qp/qtools/gnu_arm-none-eabi/bin/../lib/gcc/arm-none-eabi/10.3.1/thumb/v7-m/nofp/crtbegin.o
LOAD d:/software/embedded_tools/qp/qp/qtools/gnu_arm-none-eabi/bin/../lib/gcc/arm-none-eabi/10.3.1/../../../../arm-none-eabi/lib/thumb/v7-m/nofp/crt0.o
LOAD CMakeFiles/Template.dir/app/main.c.obj
LOAD CMakeFiles/Template.dir/platform/mcu/stm32f103ze/bsp/delay/delay.c.obj
LOAD CMakeFiles/Template.dir/platform/mcu/stm32f103ze/bsp/it/stm32f1xx_it.c.obj
LOAD CMakeFiles/Template.dir/platform/mcu/stm32f103ze/bsp/sys/sys.c.obj
LOAD CMakeFiles/Template.dir/platform/mcu/stm32f103ze/libraries/STM32F1xx_HAL_Driver/Src/stm32f1xx_hal.c.obj
LOAD CMakeFiles/Template.dir/platform/mcu/stm32f103ze/libraries/STM32F1xx_HAL_Driver/Src/stm32f1xx_hal_cortex.c.obj
LOAD CMakeFiles/Template.dir/platform/mcu/stm32f103ze/libraries/STM32F1xx_HAL_Driver/Src/stm32f1xx_hal_dma.c.obj
LOAD CMakeFiles/Template.dir/platform/mcu/stm32f103ze/libraries/STM32F1xx_HAL_Driver/Src/stm32f1xx_hal_exti.c.obj
LOAD CMakeFiles/Template.dir/platform/mcu/stm32f103ze/libraries/STM32F1xx_HAL_Driver/Src/stm32f1xx_hal_flash.c.obj
LOAD CMakeFiles/Template.dir/platform/mcu/stm32f103ze/libraries/STM32F1xx_HAL_Driver/Src/stm32f1xx_hal_flash_ex.c.obj
LOAD CMakeFiles/Template.dir/platform/mcu/stm32f103ze/libraries/STM32F1xx_HAL_Driver/Src/stm32f1xx_hal_gpio.c.obj
LOAD CMakeFiles/Template.dir/platform/mcu/stm32f103ze/libraries/STM32F1xx_HAL_Driver/Src/stm32f1xx_hal_gpio_ex.c.obj
LOAD CMakeFiles/Template.dir/platform/mcu/stm32f103ze/libraries/STM32F1xx_HAL_Driver/Src/stm32f1xx_hal_pwr.c.obj
LOAD CMakeFiles/Template.dir/platform/mcu/stm32f103ze/libraries/STM32F1xx_HAL_Driver/Src/stm32f1xx_hal_rcc.c.obj
LOAD CMakeFiles/Template.dir/platform/mcu/stm32f103ze/libraries/STM32F1xx_HAL_Driver/Src/stm32f1xx_hal_rcc_ex.c.obj
LOAD CMakeFiles/Template.dir/platform/mcu/stm32f103ze/libraries/STM32F1xx_HAL_Driver/Src/stm32f1xx_hal_tim.c.obj
LOAD CMakeFiles/Template.dir/platform/mcu/stm32f103ze/libraries/STM32F1xx_HAL_Driver/Src/stm32f1xx_hal_tim_ex.c.obj
LOAD CMakeFiles/Template.dir/platform/mcu/stm32f103ze/libraries/STM32F1xx_HAL_Driver/Src/stm32f1xx_hal_uart.c.obj
LOAD CMakeFiles/Template.dir/platform/mcu/stm32f103ze/core/system_stm32f1xx.c.obj
LOAD CMakeFiles/Template.dir/platform/mcu/stm32f103ze/core/GCC/startup_stm32f103xe.s.obj
LOAD CMakeFiles/Template.dir/EmbedX_Nano/Exlib/ExUtils/exUtils.c.obj
LOAD CMakeFiles/Template.dir/EmbedX_Nano/component/Extimer/ExTimer.c.obj
LOAD platform\mcu\stm32f103ze\bsp\libbsp.a
LOAD platform\mcu\stm32f103ze\libraries\libstm32f10x_hal.a
LOAD EmbedX_Nano\libEmbedX_Nano.a
START GROUP
LOAD d:/software/embedded_tools/qp/qp/qtools/gnu_arm-none-eabi/bin/../lib/gcc/arm-none-eabi/10.3.1/thumb/v7-m/nofp\libgcc.a
LOAD d:/software/embedded_tools/qp/qp/qtools/gnu_arm-none-eabi/bin/../lib/gcc/arm-none-eabi/10.3.1/../../../../arm-none-eabi/lib/thumb/v7-m/nofp\libg_nano.a
LOAD d:/software/embedded_tools/qp/qp/qtools/gnu_arm-none-eabi/bin/../lib/gcc/arm-none-eabi/10.3.1/../../../../arm-none-eabi/lib/thumb/v7-m/nofp\libc_nano.a
END GROUP
START GROUP
LOAD d:/software/embedded_tools/qp/qp/qtools/gnu_arm-none-eabi/bin/../lib/gcc/arm-none-eabi/10.3.1/thumb/v7-m/nofp\libgcc.a
LOAD d:/software/embedded_tools/qp/qp/qtools/gnu_arm-none-eabi/bin/../lib/gcc/arm-none-eabi/10.3.1/../../../../arm-none-eabi/lib/thumb/v7-m/nofp\libc_nano.a
LOAD d:/software/embedded_tools/qp/qp/qtools/gnu_arm-none-eabi/bin/../lib/gcc/arm-none-eabi/10.3.1/../../../../arm-none-eabi/lib/thumb/v7-m/nofp\libnosys.a
END GROUP
START GROUP
LOAD d:/software/embedded_tools/qp/qp/qtools/gnu_arm-none-eabi/bin/../lib/gcc/arm-none-eabi/10.3.1/thumb/v7-m/nofp\libgcc.a
LOAD d:/software/embedded_tools/qp/qp/qtools/gnu_arm-none-eabi/bin/../lib/gcc/arm-none-eabi/10.3.1/../../../../arm-none-eabi/lib/thumb/v7-m/nofp\libc_nano.a
LOAD d:/software/embedded_tools/qp/qp/qtools/gnu_arm-none-eabi/bin/../lib/gcc/arm-none-eabi/10.3.1/../../../../arm-none-eabi/lib/thumb/v7-m/nofp\libnosys.a
END GROUP
LOAD d:/software/embedded_tools/qp/qp/qtools/gnu_arm-none-eabi/bin/../lib/gcc/arm-none-eabi/10.3.1/thumb/v7-m/nofp/crtend.o
LOAD d:/software/embedded_tools/qp/qp/qtools/gnu_arm-none-eabi/bin/../lib/gcc/arm-none-eabi/10.3.1/thumb/v7-m/nofp/crtn.o
                0x20010000                _estack = (ORIGIN (RAM) + LENGTH (RAM))
                0x00000200                _Min_Heap_Size = 0x200
                0x00004000                _Min_Stack_Size = 0x4000

.isr_vector     0x08000000      0x1e4
                0x08000000                . = ALIGN (0x4)
 *(.isr_vector)
 .isr_vector    0x08000000      0x1e4 CMakeFiles/Template.dir/platform/mcu/stm32f103ze/core/GCC/startup_stm32f103xe.s.obj
                0x08000000                g_pfnVectors
                0x080001e4                . = ALIGN (0x4)

.text           0x080001e4      0xeb4
                0x080001e4                . = ALIGN (0x4)
 *(.text)
 .text          0x080001e4       0x40 d:/software/embedded_tools/qp/qp/qtools/gnu_arm-none-eabi/bin/../lib/gcc/arm-none-eabi/10.3.1/thumb/v7-m/nofp/crtbegin.o
 *(.text*)
 .text.LED_blinky
                0x08000224       0x3c CMakeFiles/Template.dir/app/main.c.obj
                0x08000224                LED_blinky
 .text.LED_blinky2
                0x08000260       0x3c CMakeFiles/Template.dir/app/main.c.obj
                0x08000260                LED_blinky2
 .text.main     0x0800029c       0xf0 CMakeFiles/Template.dir/app/main.c.obj
                0x0800029c                main
 .text.delay_init
                0x0800038c       0x14 CMakeFiles/Template.dir/platform/mcu/stm32f103ze/bsp/delay/delay.c.obj
                0x0800038c                delay_init
 .text.NMI_Handler
                0x080003a0        0x2 CMakeFiles/Template.dir/platform/mcu/stm32f103ze/bsp/it/stm32f1xx_it.c.obj
                0x080003a0                NMI_Handler
 .text.HardFault_Handler
                0x080003a2        0x2 CMakeFiles/Template.dir/platform/mcu/stm32f103ze/bsp/it/stm32f1xx_it.c.obj
                0x080003a2                HardFault_Handler
 .text.MemManage_Handler
                0x080003a4        0x2 CMakeFiles/Template.dir/platform/mcu/stm32f103ze/bsp/it/stm32f1xx_it.c.obj
                0x080003a4                MemManage_Handler
 .text.BusFault_Handler
                0x080003a6        0x2 CMakeFiles/Template.dir/platform/mcu/stm32f103ze/bsp/it/stm32f1xx_it.c.obj
                0x080003a6                BusFault_Handler
 .text.UsageFault_Handler
                0x080003a8        0x2 CMakeFiles/Template.dir/platform/mcu/stm32f103ze/bsp/it/stm32f1xx_it.c.obj
                0x080003a8                UsageFault_Handler
 .text.SVC_Handler
                0x080003aa        0x2 CMakeFiles/Template.dir/platform/mcu/stm32f103ze/bsp/it/stm32f1xx_it.c.obj
                0x080003aa                SVC_Handler
 .text.DebugMon_Handler
                0x080003ac        0x2 CMakeFiles/Template.dir/platform/mcu/stm32f103ze/bsp/it/stm32f1xx_it.c.obj
                0x080003ac                DebugMon_Handler
 .text.PendSV_Handler
                0x080003ae        0x2 CMakeFiles/Template.dir/platform/mcu/stm32f103ze/bsp/it/stm32f1xx_it.c.obj
                0x080003ae                PendSV_Handler
 .text.SysTick_Handler
                0x080003b0        0xc CMakeFiles/Template.dir/platform/mcu/stm32f103ze/bsp/it/stm32f1xx_it.c.obj
                0x080003b0                SysTick_Handler
 .text.Stm32_Clock_Init
                0x080003bc       0x48 CMakeFiles/Template.dir/platform/mcu/stm32f103ze/bsp/sys/sys.c.obj
                0x080003bc                Stm32_Clock_Init
 .text.HAL_MspInit
                0x08000404        0x2 CMakeFiles/Template.dir/platform/mcu/stm32f103ze/libraries/STM32F1xx_HAL_Driver/Src/stm32f1xx_hal.c.obj
                0x08000404                HAL_MspInit
 *fill*         0x08000406        0x2 
 .text.HAL_InitTick
                0x08000408       0x4c CMakeFiles/Template.dir/platform/mcu/stm32f103ze/libraries/STM32F1xx_HAL_Driver/Src/stm32f1xx_hal.c.obj
                0x08000408                HAL_InitTick
 .text.HAL_Init
                0x08000454       0x24 CMakeFiles/Template.dir/platform/mcu/stm32f103ze/libraries/STM32F1xx_HAL_Driver/Src/stm32f1xx_hal.c.obj
                0x08000454                HAL_Init
 .text.HAL_IncTick
                0x08000478       0x18 CMakeFiles/Template.dir/platform/mcu/stm32f103ze/libraries/STM32F1xx_HAL_Driver/Src/stm32f1xx_hal.c.obj
                0x08000478                HAL_IncTick
 .text.HAL_GetTick
                0x08000490        0xc CMakeFiles/Template.dir/platform/mcu/stm32f103ze/libraries/STM32F1xx_HAL_Driver/Src/stm32f1xx_hal.c.obj
                0x08000490                HAL_GetTick
 .text.HAL_NVIC_SetPriorityGrouping
                0x0800049c       0x24 CMakeFiles/Template.dir/platform/mcu/stm32f103ze/libraries/STM32F1xx_HAL_Driver/Src/stm32f1xx_hal_cortex.c.obj
                0x0800049c                HAL_NVIC_SetPriorityGrouping
 .text.HAL_NVIC_SetPriority
                0x080004c0       0x70 CMakeFiles/Template.dir/platform/mcu/stm32f103ze/libraries/STM32F1xx_HAL_Driver/Src/stm32f1xx_hal_cortex.c.obj
                0x080004c0                HAL_NVIC_SetPriority
 .text.HAL_SYSTICK_Config
                0x08000530       0x28 CMakeFiles/Template.dir/platform/mcu/stm32f103ze/libraries/STM32F1xx_HAL_Driver/Src/stm32f1xx_hal_cortex.c.obj
                0x08000530                HAL_SYSTICK_Config
 .text.HAL_SYSTICK_CLKSourceConfig
                0x08000558       0x20 CMakeFiles/Template.dir/platform/mcu/stm32f103ze/libraries/STM32F1xx_HAL_Driver/Src/stm32f1xx_hal_cortex.c.obj
                0x08000558                HAL_SYSTICK_CLKSourceConfig
 .text.HAL_GPIO_Init
                0x08000578      0x240 CMakeFiles/Template.dir/platform/mcu/stm32f103ze/libraries/STM32F1xx_HAL_Driver/Src/stm32f1xx_hal_gpio.c.obj
                0x08000578                HAL_GPIO_Init
 .text.HAL_GPIO_WritePin
                0x080007b8        0xc CMakeFiles/Template.dir/platform/mcu/stm32f103ze/libraries/STM32F1xx_HAL_Driver/Src/stm32f1xx_hal_gpio.c.obj
                0x080007b8                HAL_GPIO_WritePin
 .text.RCC_Delay
                0x080007c4       0x2c CMakeFiles/Template.dir/platform/mcu/stm32f103ze/libraries/STM32F1xx_HAL_Driver/Src/stm32f1xx_hal_rcc.c.obj
 .text.HAL_RCC_OscConfig
                0x080007f0      0x410 CMakeFiles/Template.dir/platform/mcu/stm32f103ze/libraries/STM32F1xx_HAL_Driver/Src/stm32f1xx_hal_rcc.c.obj
                0x080007f0                HAL_RCC_OscConfig
 .text.HAL_RCC_GetSysClockFreq
                0x08000c00       0x54 CMakeFiles/Template.dir/platform/mcu/stm32f103ze/libraries/STM32F1xx_HAL_Driver/Src/stm32f1xx_hal_rcc.c.obj
                0x08000c00                HAL_RCC_GetSysClockFreq
 .text.HAL_RCC_ClockConfig
                0x08000c54      0x16c CMakeFiles/Template.dir/platform/mcu/stm32f103ze/libraries/STM32F1xx_HAL_Driver/Src/stm32f1xx_hal_rcc.c.obj
                0x08000c54                HAL_RCC_ClockConfig
 .text.SystemInit
                0x08000dc0        0x2 CMakeFiles/Template.dir/platform/mcu/stm32f103ze/core/system_stm32f1xx.c.obj
                0x08000dc0                SystemInit
 *fill*         0x08000dc2        0x2 
 .text.Reset_Handler
                0x08000dc4       0x48 CMakeFiles/Template.dir/platform/mcu/stm32f103ze/core/GCC/startup_stm32f103xe.s.obj
                0x08000dc4                Reset_Handler
 .text.Default_Handler
                0x08000e0c        0x2 CMakeFiles/Template.dir/platform/mcu/stm32f103ze/core/GCC/startup_stm32f103xe.s.obj
                0x08000e0c                RTC_Alarm_IRQHandler
                0x08000e0c                EXTI2_IRQHandler
                0x08000e0c                TIM8_TRG_COM_IRQHandler
                0x08000e0c                TIM8_CC_IRQHandler
                0x08000e0c                TIM1_CC_IRQHandler
                0x08000e0c                TIM6_IRQHandler
                0x08000e0c                PVD_IRQHandler
                0x08000e0c                SDIO_IRQHandler
                0x08000e0c                EXTI3_IRQHandler
                0x08000e0c                EXTI0_IRQHandler
                0x08000e0c                I2C2_EV_IRQHandler
                0x08000e0c                ADC1_2_IRQHandler
                0x08000e0c                SPI1_IRQHandler
                0x08000e0c                TAMPER_IRQHandler
                0x08000e0c                TIM8_UP_IRQHandler
                0x08000e0c                DMA2_Channel2_IRQHandler
                0x08000e0c                DMA1_Channel4_IRQHandler
                0x08000e0c                USART3_IRQHandler
                0x08000e0c                RTC_IRQHandler
                0x08000e0c                DMA1_Channel7_IRQHandler
                0x08000e0c                CAN1_RX1_IRQHandler
                0x08000e0c                UART5_IRQHandler
                0x08000e0c                ADC3_IRQHandler
                0x08000e0c                TIM4_IRQHandler
                0x08000e0c                DMA2_Channel1_IRQHandler
                0x08000e0c                I2C1_EV_IRQHandler
                0x08000e0c                DMA1_Channel6_IRQHandler
                0x08000e0c                UART4_IRQHandler
                0x08000e0c                TIM3_IRQHandler
                0x08000e0c                RCC_IRQHandler
                0x08000e0c                TIM1_TRG_COM_IRQHandler
                0x08000e0c                DMA1_Channel1_IRQHandler
                0x08000e0c                Default_Handler
                0x08000e0c                EXTI15_10_IRQHandler
                0x08000e0c                TIM7_IRQHandler
                0x08000e0c                TIM5_IRQHandler
                0x08000e0c                EXTI9_5_IRQHandler
                0x08000e0c                SPI2_IRQHandler
                0x08000e0c                DMA1_Channel5_IRQHandler
                0x08000e0c                EXTI4_IRQHandler
                0x08000e0c                USB_LP_CAN1_RX0_IRQHandler
                0x08000e0c                USB_HP_CAN1_TX_IRQHandler
                0x08000e0c                DMA1_Channel3_IRQHandler
                0x08000e0c                FSMC_IRQHandler
                0x08000e0c                TIM1_UP_IRQHandler
                0x08000e0c                WWDG_IRQHandler
                0x08000e0c                TIM2_IRQHandler
                0x08000e0c                TIM1_BRK_IRQHandler
                0x08000e0c                EXTI1_IRQHandler
                0x08000e0c                DMA2_Channel4_5_IRQHandler
                0x08000e0c                USART2_IRQHandler
                0x08000e0c                I2C2_ER_IRQHandler
                0x08000e0c                DMA1_Channel2_IRQHandler
                0x08000e0c                TIM8_BRK_IRQHandler
                0x08000e0c                CAN1_SCE_IRQHandler
                0x08000e0c                FLASH_IRQHandler
                0x08000e0c                USART1_IRQHandler
                0x08000e0c                SPI3_IRQHandler
                0x08000e0c                I2C1_ER_IRQHandler
                0x08000e0c                USBWakeUp_IRQHandler
                0x08000e0c                DMA2_Channel3_IRQHandler
 .text.GetTickElaps
                0x08000e0e        0xc CMakeFiles/Template.dir/EmbedX_Nano/component/Extimer/ExTimer.c.obj
 .text.exTimerManagerCreate
                0x08000e1a        0x8 CMakeFiles/Template.dir/EmbedX_Nano/component/Extimer/ExTimer.c.obj
                0x08000e1a                exTimerManagerCreate
 .text.exTimer_init
                0x08000e22        0xa CMakeFiles/Template.dir/EmbedX_Nano/component/Extimer/ExTimer.c.obj
                0x08000e22                exTimer_init
 .text.exTimer_add
                0x08000e2c       0x2a CMakeFiles/Template.dir/EmbedX_Nano/component/Extimer/ExTimer.c.obj
                0x08000e2c                exTimer_add
 *fill*         0x08000e56        0x2 
 .text.pollingExTimer
                0x08000e58       0x40 CMakeFiles/Template.dir/EmbedX_Nano/component/Extimer/ExTimer.c.obj
                0x08000e58                pollingExTimer
 .text.exTimer_tick_inc
                0x08000e98       0x10 CMakeFiles/Template.dir/EmbedX_Nano/component/Extimer/ExTimer.c.obj
                0x08000e98                exTimer_tick_inc
 .text.__libc_init_array
                0x08000ea8       0x48 d:/software/embedded_tools/qp/qp/qtools/gnu_arm-none-eabi/bin/../lib/gcc/arm-none-eabi/10.3.1/../../../../arm-none-eabi/lib/thumb/v7-m/nofp\libg_nano.a(lib_a-init.o)
                0x08000ea8                __libc_init_array
 .text.malloc   0x08000ef0       0x10 d:/software/embedded_tools/qp/qp/qtools/gnu_arm-none-eabi/bin/../lib/gcc/arm-none-eabi/10.3.1/../../../../arm-none-eabi/lib/thumb/v7-m/nofp\libg_nano.a(lib_a-malloc.o)
                0x08000ef0                malloc
 .text.sbrk_aligned
                0x08000f00       0x40 d:/software/embedded_tools/qp/qp/qtools/gnu_arm-none-eabi/bin/../lib/gcc/arm-none-eabi/10.3.1/../../../../arm-none-eabi/lib/thumb/v7-m/nofp\libg_nano.a(lib_a-nano-mallocr.o)
 .text._malloc_r
                0x08000f40       0xe8 d:/software/embedded_tools/qp/qp/qtools/gnu_arm-none-eabi/bin/../lib/gcc/arm-none-eabi/10.3.1/../../../../arm-none-eabi/lib/thumb/v7-m/nofp\libg_nano.a(lib_a-nano-mallocr.o)
                0x08000f40                _malloc_r
 .text._sbrk_r  0x08001028       0x20 d:/software/embedded_tools/qp/qp/qtools/gnu_arm-none-eabi/bin/../lib/gcc/arm-none-eabi/10.3.1/../../../../arm-none-eabi/lib/thumb/v7-m/nofp\libg_nano.a(lib_a-sbrkr.o)
                0x08001028                _sbrk_r
 .text.__malloc_lock
                0x08001048        0xc d:/software/embedded_tools/qp/qp/qtools/gnu_arm-none-eabi/bin/../lib/gcc/arm-none-eabi/10.3.1/../../../../arm-none-eabi/lib/thumb/v7-m/nofp\libg_nano.a(lib_a-mlock.o)
                0x08001048                __malloc_lock
 .text.__malloc_unlock
                0x08001054        0xc d:/software/embedded_tools/qp/qp/qtools/gnu_arm-none-eabi/bin/../lib/gcc/arm-none-eabi/10.3.1/../../../../arm-none-eabi/lib/thumb/v7-m/nofp\libg_nano.a(lib_a-mlock.o)
                0x08001054                __malloc_unlock
 .text.__retarget_lock_acquire_recursive
                0x08001060        0x2 d:/software/embedded_tools/qp/qp/qtools/gnu_arm-none-eabi/bin/../lib/gcc/arm-none-eabi/10.3.1/../../../../arm-none-eabi/lib/thumb/v7-m/nofp\libg_nano.a(lib_a-lock.o)
                0x08001060                __retarget_lock_acquire_recursive
 .text.__retarget_lock_release_recursive
                0x08001062        0x2 d:/software/embedded_tools/qp/qp/qtools/gnu_arm-none-eabi/bin/../lib/gcc/arm-none-eabi/10.3.1/../../../../arm-none-eabi/lib/thumb/v7-m/nofp\libg_nano.a(lib_a-lock.o)
                0x08001062                __retarget_lock_release_recursive
 .text._sbrk    0x08001064       0x1c d:/software/embedded_tools/qp/qp/qtools/gnu_arm-none-eabi/bin/../lib/gcc/arm-none-eabi/10.3.1/../../../../arm-none-eabi/lib/thumb/v7-m/nofp\libnosys.a(sbrk.o)
                0x08001064                _sbrk
 *(.glue_7)
 .glue_7        0x08001080        0x0 linker stubs
 *(.glue_7t)
 .glue_7t       0x08001080        0x0 linker stubs
 *(.eh_frame)
 .eh_frame      0x08001080        0x0 d:/software/embedded_tools/qp/qp/qtools/gnu_arm-none-eabi/bin/../lib/gcc/arm-none-eabi/10.3.1/thumb/v7-m/nofp/crtbegin.o
 *(.init)
 .init          0x08001080        0x4 d:/software/embedded_tools/qp/qp/qtools/gnu_arm-none-eabi/bin/../lib/gcc/arm-none-eabi/10.3.1/thumb/v7-m/nofp/crti.o
                0x08001080                _init
 .init          0x08001084        0x8 d:/software/embedded_tools/qp/qp/qtools/gnu_arm-none-eabi/bin/../lib/gcc/arm-none-eabi/10.3.1/thumb/v7-m/nofp/crtn.o
 *(.fini)
 .fini          0x0800108c        0x4 d:/software/embedded_tools/qp/qp/qtools/gnu_arm-none-eabi/bin/../lib/gcc/arm-none-eabi/10.3.1/thumb/v7-m/nofp/crti.o
                0x0800108c                _fini
 .fini          0x08001090        0x8 d:/software/embedded_tools/qp/qp/qtools/gnu_arm-none-eabi/bin/../lib/gcc/arm-none-eabi/10.3.1/thumb/v7-m/nofp/crtn.o
                0x08001098                . = ALIGN (0x4)
                0x08001098                _etext = .

.vfp11_veneer   0x08001098        0x0
 .vfp11_veneer  0x08001098        0x0 linker stubs

.v4_bx          0x08001098        0x0
 .v4_bx         0x08001098        0x0 linker stubs

.iplt           0x08001098        0x0
 .iplt          0x08001098        0x0 d:/software/embedded_tools/qp/qp/qtools/gnu_arm-none-eabi/bin/../lib/gcc/arm-none-eabi/10.3.1/thumb/v7-m/nofp/crtbegin.o

.rodata         0x08001098       0x3c
                0x08001098                . = ALIGN (0x4)
 *(.rodata)
 *(.rodata*)
 .rodata.main.str1.4
                0x08001098       0x18 CMakeFiles/Template.dir/app/main.c.obj
 .rodata.aPLLMULFactorTable.1
                0x080010b0       0x10 CMakeFiles/Template.dir/platform/mcu/stm32f103ze/libraries/STM32F1xx_HAL_Driver/Src/stm32f1xx_hal_rcc.c.obj
 .rodata.aPredivFactorTable.0
                0x080010c0        0x2 CMakeFiles/Template.dir/platform/mcu/stm32f103ze/libraries/STM32F1xx_HAL_Driver/Src/stm32f1xx_hal_rcc.c.obj
 *fill*         0x080010c2        0x2 
 .rodata.AHBPrescTable
                0x080010c4       0x10 CMakeFiles/Template.dir/platform/mcu/stm32f103ze/core/system_stm32f1xx.c.obj
                0x080010c4                AHBPrescTable
                0x080010d4                . = ALIGN (0x4)

.rel.dyn        0x080010d4        0x0
 .rel.iplt      0x080010d4        0x0 d:/software/embedded_tools/qp/qp/qtools/gnu_arm-none-eabi/bin/../lib/gcc/arm-none-eabi/10.3.1/thumb/v7-m/nofp/crtbegin.o

.ARM.extab
 *(.ARM.extab* .gnu.linkonce.armextab.*)

.ARM            0x080010d4        0x0
                0x080010d4                __exidx_start = .
 *(.ARM.exidx*)
                0x080010d4                __exidx_end = .

.preinit_array  0x080010d4        0x0
                0x080010d4                PROVIDE (__preinit_array_start = .)
 *(.preinit_array*)
                0x080010d4                PROVIDE (__preinit_array_end = .)

.init_array     0x080010d4        0x4
                0x080010d4                PROVIDE (__init_array_start = .)
 *(SORT_BY_NAME(.init_array.*))
 *(.init_array*)
 .init_array    0x080010d4        0x4 d:/software/embedded_tools/qp/qp/qtools/gnu_arm-none-eabi/bin/../lib/gcc/arm-none-eabi/10.3.1/thumb/v7-m/nofp/crtbegin.o
                0x080010d8                PROVIDE (__init_array_end = .)

.fini_array     0x080010d8        0x4
                [!provide]                PROVIDE (__fini_array_start = .)
 *(SORT_BY_NAME(.fini_array.*))
 *(.fini_array*)
 .fini_array    0x080010d8        0x4 d:/software/embedded_tools/qp/qp/qtools/gnu_arm-none-eabi/bin/../lib/gcc/arm-none-eabi/10.3.1/thumb/v7-m/nofp/crtbegin.o
                [!provide]                PROVIDE (__fini_array_end = .)
                0x080010dc                _sidata = LOADADDR (.data)

.data           0x20000000       0x70 load address 0x080010dc
                0x20000000                . = ALIGN (0x4)
                0x20000000                _sdata = .
 *(.data)
 *(.data*)
 .data.uwTickFreq
                0x20000000        0x1 CMakeFiles/Template.dir/platform/mcu/stm32f103ze/libraries/STM32F1xx_HAL_Driver/Src/stm32f1xx_hal.c.obj
                0x20000000                uwTickFreq
 *fill*         0x20000001        0x3 
 .data.uwTickPrio
                0x20000004        0x4 CMakeFiles/Template.dir/platform/mcu/stm32f103ze/libraries/STM32F1xx_HAL_Driver/Src/stm32f1xx_hal.c.obj
                0x20000004                uwTickPrio
 .data.SystemCoreClock
                0x20000008        0x4 CMakeFiles/Template.dir/platform/mcu/stm32f103ze/core/system_stm32f1xx.c.obj
                0x20000008                SystemCoreClock
 .data._impure_ptr
                0x2000000c        0x4 d:/software/embedded_tools/qp/qp/qtools/gnu_arm-none-eabi/bin/../lib/gcc/arm-none-eabi/10.3.1/../../../../arm-none-eabi/lib/thumb/v7-m/nofp\libg_nano.a(lib_a-impure.o)
                0x2000000c                _impure_ptr
 .data.impure_data
                0x20000010       0x60 d:/software/embedded_tools/qp/qp/qtools/gnu_arm-none-eabi/bin/../lib/gcc/arm-none-eabi/10.3.1/../../../../arm-none-eabi/lib/thumb/v7-m/nofp\libg_nano.a(lib_a-impure.o)
                0x20000070                . = ALIGN (0x4)
                0x20000070                _edata = .

.igot.plt       0x20000070        0x0 load address 0x0800114c
 .igot.plt      0x20000070        0x0 d:/software/embedded_tools/qp/qp/qtools/gnu_arm-none-eabi/bin/../lib/gcc/arm-none-eabi/10.3.1/thumb/v7-m/nofp/crtbegin.o
                0x20000070                . = ALIGN (0x4)

.bss            0x20000070       0x4c load address 0x0800114c
                0x20000070                _sbss = .
                0x20000070                __bss_start__ = _sbss
 *(.bss)
 .bss           0x20000070       0x1c d:/software/embedded_tools/qp/qp/qtools/gnu_arm-none-eabi/bin/../lib/gcc/arm-none-eabi/10.3.1/thumb/v7-m/nofp/crtbegin.o
 *(.bss*)
 .bss.ExTimerManager_handle
                0x2000008c        0x8 CMakeFiles/Template.dir/app/main.c.obj
                0x2000008c                ExTimerManager_handle
 .bss.i.0       0x20000094        0x4 CMakeFiles/Template.dir/app/main.c.obj
 .bss.i.1       0x20000098        0x4 CMakeFiles/Template.dir/app/main.c.obj
 .bss.fac_us    0x2000009c        0x4 CMakeFiles/Template.dir/platform/mcu/stm32f103ze/bsp/delay/delay.c.obj
 .bss.uwTick    0x200000a0        0x4 CMakeFiles/Template.dir/platform/mcu/stm32f103ze/libraries/STM32F1xx_HAL_Driver/Src/stm32f1xx_hal.c.obj
                0x200000a0                uwTick
 .bss.sysTickUptime
                0x200000a4        0x4 CMakeFiles/Template.dir/EmbedX_Nano/component/Extimer/ExTimer.c.obj
 .bss.__malloc_free_list
                0x200000a8        0x4 d:/software/embedded_tools/qp/qp/qtools/gnu_arm-none-eabi/bin/../lib/gcc/arm-none-eabi/10.3.1/../../../../arm-none-eabi/lib/thumb/v7-m/nofp\libg_nano.a(lib_a-nano-mallocr.o)
                0x200000a8                __malloc_free_list
 .bss.__malloc_sbrk_start
                0x200000ac        0x4 d:/software/embedded_tools/qp/qp/qtools/gnu_arm-none-eabi/bin/../lib/gcc/arm-none-eabi/10.3.1/../../../../arm-none-eabi/lib/thumb/v7-m/nofp\libg_nano.a(lib_a-nano-mallocr.o)
                0x200000ac                __malloc_sbrk_start
 .bss.errno     0x200000b0        0x4 d:/software/embedded_tools/qp/qp/qtools/gnu_arm-none-eabi/bin/../lib/gcc/arm-none-eabi/10.3.1/../../../../arm-none-eabi/lib/thumb/v7-m/nofp\libg_nano.a(lib_a-reent.o)
                0x200000b0                errno
 .bss.__lock___malloc_recursive_mutex
                0x200000b4        0x1 d:/software/embedded_tools/qp/qp/qtools/gnu_arm-none-eabi/bin/../lib/gcc/arm-none-eabi/10.3.1/../../../../arm-none-eabi/lib/thumb/v7-m/nofp\libg_nano.a(lib_a-lock.o)
                0x200000b4                __lock___malloc_recursive_mutex
 *fill*         0x200000b5        0x3 
 .bss.heap_end.0
                0x200000b8        0x4 d:/software/embedded_tools/qp/qp/qtools/gnu_arm-none-eabi/bin/../lib/gcc/arm-none-eabi/10.3.1/../../../../arm-none-eabi/lib/thumb/v7-m/nofp\libnosys.a(sbrk.o)
 *(COMMON)
                0x200000bc                . = ALIGN (0x4)
                0x200000bc                _ebss = .
                0x200000bc                __bss_end__ = _ebss

._user_heap_stack
                0x200000bc     0x4204 load address 0x0800114c
                0x200000c0                . = ALIGN (0x8)
 *fill*         0x200000bc        0x4 
                0x200000c0                PROVIDE (end = .)
                [!provide]                PROVIDE (_end = .)
                0x200002c0                . = (. + _Min_Heap_Size)
 *fill*         0x200000c0      0x200 
                0x200042c0                . = (. + _Min_Stack_Size)
 *fill*         0x200002c0     0x4000 
                0x200042c0                . = ALIGN (0x8)

/DISCARD/
 libc.a(*)
 libm.a(*)
 libgcc.a(*)

.ARM.attributes
                0x00000000       0x29
 *(.ARM.attributes)
 .ARM.attributes
                0x00000000       0x1d d:/software/embedded_tools/qp/qp/qtools/gnu_arm-none-eabi/bin/../lib/gcc/arm-none-eabi/10.3.1/thumb/v7-m/nofp/crti.o
 .ARM.attributes
                0x0000001d       0x2d d:/software/embedded_tools/qp/qp/qtools/gnu_arm-none-eabi/bin/../lib/gcc/arm-none-eabi/10.3.1/thumb/v7-m/nofp/crtbegin.o
 .ARM.attributes
                0x0000004a       0x2d CMakeFiles/Template.dir/app/main.c.obj
 .ARM.attributes
                0x00000077       0x2d CMakeFiles/Template.dir/platform/mcu/stm32f103ze/bsp/delay/delay.c.obj
 .ARM.attributes
                0x000000a4       0x2d CMakeFiles/Template.dir/platform/mcu/stm32f103ze/bsp/it/stm32f1xx_it.c.obj
 .ARM.attributes
                0x000000d1       0x2d CMakeFiles/Template.dir/platform/mcu/stm32f103ze/bsp/sys/sys.c.obj
 .ARM.attributes
                0x000000fe       0x2d CMakeFiles/Template.dir/platform/mcu/stm32f103ze/libraries/STM32F1xx_HAL_Driver/Src/stm32f1xx_hal.c.obj
 .ARM.attributes
                0x0000012b       0x2d CMakeFiles/Template.dir/platform/mcu/stm32f103ze/libraries/STM32F1xx_HAL_Driver/Src/stm32f1xx_hal_cortex.c.obj
 .ARM.attributes
                0x00000158       0x2d CMakeFiles/Template.dir/platform/mcu/stm32f103ze/libraries/STM32F1xx_HAL_Driver/Src/stm32f1xx_hal_gpio.c.obj
 .ARM.attributes
                0x00000185       0x2d CMakeFiles/Template.dir/platform/mcu/stm32f103ze/libraries/STM32F1xx_HAL_Driver/Src/stm32f1xx_hal_rcc.c.obj
 .ARM.attributes
                0x000001b2       0x2d CMakeFiles/Template.dir/platform/mcu/stm32f103ze/core/system_stm32f1xx.c.obj
 .ARM.attributes
                0x000001df       0x21 CMakeFiles/Template.dir/platform/mcu/stm32f103ze/core/GCC/startup_stm32f103xe.s.obj
 .ARM.attributes
                0x00000200       0x2d CMakeFiles/Template.dir/EmbedX_Nano/component/Extimer/ExTimer.c.obj
 .ARM.attributes
                0x0000022d       0x2d d:/software/embedded_tools/qp/qp/qtools/gnu_arm-none-eabi/bin/../lib/gcc/arm-none-eabi/10.3.1/../../../../arm-none-eabi/lib/thumb/v7-m/nofp\libg_nano.a(lib_a-impure.o)
 .ARM.attributes
                0x0000025a       0x2d d:/software/embedded_tools/qp/qp/qtools/gnu_arm-none-eabi/bin/../lib/gcc/arm-none-eabi/10.3.1/../../../../arm-none-eabi/lib/thumb/v7-m/nofp\libg_nano.a(lib_a-init.o)
 .ARM.attributes
                0x00000287       0x2d d:/software/embedded_tools/qp/qp/qtools/gnu_arm-none-eabi/bin/../lib/gcc/arm-none-eabi/10.3.1/../../../../arm-none-eabi/lib/thumb/v7-m/nofp\libg_nano.a(lib_a-malloc.o)
 .ARM.attributes
                0x000002b4       0x2d d:/software/embedded_tools/qp/qp/qtools/gnu_arm-none-eabi/bin/../lib/gcc/arm-none-eabi/10.3.1/../../../../arm-none-eabi/lib/thumb/v7-m/nofp\libg_nano.a(lib_a-nano-mallocr.o)
 .ARM.attributes
                0x000002e1       0x2d d:/software/embedded_tools/qp/qp/qtools/gnu_arm-none-eabi/bin/../lib/gcc/arm-none-eabi/10.3.1/../../../../arm-none-eabi/lib/thumb/v7-m/nofp\libg_nano.a(lib_a-sbrkr.o)
 .ARM.attributes
                0x0000030e       0x2d d:/software/embedded_tools/qp/qp/qtools/gnu_arm-none-eabi/bin/../lib/gcc/arm-none-eabi/10.3.1/../../../../arm-none-eabi/lib/thumb/v7-m/nofp\libg_nano.a(lib_a-mlock.o)
 .ARM.attributes
                0x0000033b       0x2d d:/software/embedded_tools/qp/qp/qtools/gnu_arm-none-eabi/bin/../lib/gcc/arm-none-eabi/10.3.1/../../../../arm-none-eabi/lib/thumb/v7-m/nofp\libg_nano.a(lib_a-reent.o)
 .ARM.attributes
                0x00000368       0x2d d:/software/embedded_tools/qp/qp/qtools/gnu_arm-none-eabi/bin/../lib/gcc/arm-none-eabi/10.3.1/../../../../arm-none-eabi/lib/thumb/v7-m/nofp\libg_nano.a(lib_a-lock.o)
 .ARM.attributes
                0x00000395       0x2d d:/software/embedded_tools/qp/qp/qtools/gnu_arm-none-eabi/bin/../lib/gcc/arm-none-eabi/10.3.1/../../../../arm-none-eabi/lib/thumb/v7-m/nofp\libnosys.a(sbrk.o)
 .ARM.attributes
                0x000003c2       0x1d d:/software/embedded_tools/qp/qp/qtools/gnu_arm-none-eabi/bin/../lib/gcc/arm-none-eabi/10.3.1/thumb/v7-m/nofp/crtn.o
OUTPUT(project\GCC\output\Template.elf elf32-littlearm)
LOAD linker stubs
LOAD d:/software/embedded_tools/qp/qp/qtools/gnu_arm-none-eabi/bin/../lib/gcc/arm-none-eabi/10.3.1/../../../../arm-none-eabi/lib/thumb/v7-m/nofp\libc.a
LOAD d:/software/embedded_tools/qp/qp/qtools/gnu_arm-none-eabi/bin/../lib/gcc/arm-none-eabi/10.3.1/../../../../arm-none-eabi/lib/thumb/v7-m/nofp\libm.a
LOAD d:/software/embedded_tools/qp/qp/qtools/gnu_arm-none-eabi/bin/../lib/gcc/arm-none-eabi/10.3.1/thumb/v7-m/nofp\libgcc.a

.debug_info     0x00000000     0x3c09
 .debug_info    0x00000000      0x6cc CMakeFiles/Template.dir/app/main.c.obj
 .debug_info    0x000006cc      0x26b CMakeFiles/Template.dir/platform/mcu/stm32f103ze/bsp/delay/delay.c.obj
 .debug_info    0x00000937      0x142 CMakeFiles/Template.dir/platform/mcu/stm32f103ze/bsp/it/stm32f1xx_it.c.obj
 .debug_info    0x00000a79      0x27c CMakeFiles/Template.dir/platform/mcu/stm32f103ze/bsp/sys/sys.c.obj
 .debug_info    0x00000cf5      0x80b CMakeFiles/Template.dir/platform/mcu/stm32f103ze/libraries/STM32F1xx_HAL_Driver/Src/stm32f1xx_hal.c.obj
 .debug_info    0x00001500      0xded CMakeFiles/Template.dir/platform/mcu/stm32f103ze/libraries/STM32F1xx_HAL_Driver/Src/stm32f1xx_hal_cortex.c.obj
 .debug_info    0x000022ed      0x66c CMakeFiles/Template.dir/platform/mcu/stm32f103ze/libraries/STM32F1xx_HAL_Driver/Src/stm32f1xx_hal_gpio.c.obj
 .debug_info    0x00002959      0xa38 CMakeFiles/Template.dir/platform/mcu/stm32f103ze/libraries/STM32F1xx_HAL_Driver/Src/stm32f1xx_hal_rcc.c.obj
 .debug_info    0x00003391      0x245 CMakeFiles/Template.dir/platform/mcu/stm32f103ze/core/system_stm32f1xx.c.obj
 .debug_info    0x000035d6       0x22 CMakeFiles/Template.dir/platform/mcu/stm32f103ze/core/GCC/startup_stm32f103xe.s.obj
 .debug_info    0x000035f8      0x611 CMakeFiles/Template.dir/EmbedX_Nano/component/Extimer/ExTimer.c.obj

.debug_abbrev   0x00000000     0x1191
 .debug_abbrev  0x00000000      0x1e9 CMakeFiles/Template.dir/app/main.c.obj
 .debug_abbrev  0x000001e9      0x140 CMakeFiles/Template.dir/platform/mcu/stm32f103ze/bsp/delay/delay.c.obj
 .debug_abbrev  0x00000329       0x94 CMakeFiles/Template.dir/platform/mcu/stm32f103ze/bsp/it/stm32f1xx_it.c.obj
 .debug_abbrev  0x000003bd      0x133 CMakeFiles/Template.dir/platform/mcu/stm32f103ze/bsp/sys/sys.c.obj
 .debug_abbrev  0x000004f0      0x1f7 CMakeFiles/Template.dir/platform/mcu/stm32f103ze/libraries/STM32F1xx_HAL_Driver/Src/stm32f1xx_hal.c.obj
 .debug_abbrev  0x000006e7      0x344 CMakeFiles/Template.dir/platform/mcu/stm32f103ze/libraries/STM32F1xx_HAL_Driver/Src/stm32f1xx_hal_cortex.c.obj
 .debug_abbrev  0x00000a2b      0x1e9 CMakeFiles/Template.dir/platform/mcu/stm32f103ze/libraries/STM32F1xx_HAL_Driver/Src/stm32f1xx_hal_gpio.c.obj
 .debug_abbrev  0x00000c14      0x27d CMakeFiles/Template.dir/platform/mcu/stm32f103ze/libraries/STM32F1xx_HAL_Driver/Src/stm32f1xx_hal_rcc.c.obj
 .debug_abbrev  0x00000e91      0x141 CMakeFiles/Template.dir/platform/mcu/stm32f103ze/core/system_stm32f1xx.c.obj
 .debug_abbrev  0x00000fd2       0x12 CMakeFiles/Template.dir/platform/mcu/stm32f103ze/core/GCC/startup_stm32f103xe.s.obj
 .debug_abbrev  0x00000fe4      0x1ad CMakeFiles/Template.dir/EmbedX_Nano/component/Extimer/ExTimer.c.obj

.debug_loc      0x00000000     0x1ae5
 .debug_loc     0x00000000       0xbe CMakeFiles/Template.dir/app/main.c.obj
 .debug_loc     0x000000be      0x157 CMakeFiles/Template.dir/platform/mcu/stm32f103ze/bsp/delay/delay.c.obj
 .debug_loc     0x00000215       0x63 CMakeFiles/Template.dir/platform/mcu/stm32f103ze/bsp/sys/sys.c.obj
 .debug_loc     0x00000278      0x141 CMakeFiles/Template.dir/platform/mcu/stm32f103ze/libraries/STM32F1xx_HAL_Driver/Src/stm32f1xx_hal.c.obj
 .debug_loc     0x000003b9      0x71f CMakeFiles/Template.dir/platform/mcu/stm32f103ze/libraries/STM32F1xx_HAL_Driver/Src/stm32f1xx_hal_cortex.c.obj
 .debug_loc     0x00000ad8      0x47d CMakeFiles/Template.dir/platform/mcu/stm32f103ze/libraries/STM32F1xx_HAL_Driver/Src/stm32f1xx_hal_gpio.c.obj
 .debug_loc     0x00000f55      0x618 CMakeFiles/Template.dir/platform/mcu/stm32f103ze/libraries/STM32F1xx_HAL_Driver/Src/stm32f1xx_hal_rcc.c.obj
 .debug_loc     0x0000156d       0xff CMakeFiles/Template.dir/platform/mcu/stm32f103ze/core/system_stm32f1xx.c.obj
 .debug_loc     0x0000166c      0x479 CMakeFiles/Template.dir/EmbedX_Nano/component/Extimer/ExTimer.c.obj

.debug_aranges  0x00000000      0x3f8
 .debug_aranges
                0x00000000       0x30 CMakeFiles/Template.dir/app/main.c.obj
 .debug_aranges
                0x00000030       0x30 CMakeFiles/Template.dir/platform/mcu/stm32f103ze/bsp/delay/delay.c.obj
 .debug_aranges
                0x00000060       0x60 CMakeFiles/Template.dir/platform/mcu/stm32f103ze/bsp/it/stm32f1xx_it.c.obj
 .debug_aranges
                0x000000c0       0x20 CMakeFiles/Template.dir/platform/mcu/stm32f103ze/bsp/sys/sys.c.obj
 .debug_aranges
                0x000000e0       0xe0 CMakeFiles/Template.dir/platform/mcu/stm32f103ze/libraries/STM32F1xx_HAL_Driver/Src/stm32f1xx_hal.c.obj
 .debug_aranges
                0x000001c0       0x90 CMakeFiles/Template.dir/platform/mcu/stm32f103ze/libraries/STM32F1xx_HAL_Driver/Src/stm32f1xx_hal_cortex.c.obj
 .debug_aranges
                0x00000250       0x58 CMakeFiles/Template.dir/platform/mcu/stm32f103ze/libraries/STM32F1xx_HAL_Driver/Src/stm32f1xx_hal_gpio.c.obj
 .debug_aranges
                0x000002a8       0x90 CMakeFiles/Template.dir/platform/mcu/stm32f103ze/libraries/STM32F1xx_HAL_Driver/Src/stm32f1xx_hal_rcc.c.obj
 .debug_aranges
                0x00000338       0x28 CMakeFiles/Template.dir/platform/mcu/stm32f103ze/core/system_stm32f1xx.c.obj
 .debug_aranges
                0x00000360       0x28 CMakeFiles/Template.dir/platform/mcu/stm32f103ze/core/GCC/startup_stm32f103xe.s.obj
 .debug_aranges
                0x00000388       0x70 CMakeFiles/Template.dir/EmbedX_Nano/component/Extimer/ExTimer.c.obj

.debug_ranges   0x00000000      0x3d0
 .debug_ranges  0x00000000       0x20 CMakeFiles/Template.dir/app/main.c.obj
 .debug_ranges  0x00000020       0x20 CMakeFiles/Template.dir/platform/mcu/stm32f103ze/bsp/delay/delay.c.obj
 .debug_ranges  0x00000040       0x50 CMakeFiles/Template.dir/platform/mcu/stm32f103ze/bsp/it/stm32f1xx_it.c.obj
 .debug_ranges  0x00000090       0x10 CMakeFiles/Template.dir/platform/mcu/stm32f103ze/bsp/sys/sys.c.obj
 .debug_ranges  0x000000a0       0xd0 CMakeFiles/Template.dir/platform/mcu/stm32f103ze/libraries/STM32F1xx_HAL_Driver/Src/stm32f1xx_hal.c.obj
 .debug_ranges  0x00000170       0xe0 CMakeFiles/Template.dir/platform/mcu/stm32f103ze/libraries/STM32F1xx_HAL_Driver/Src/stm32f1xx_hal_cortex.c.obj
 .debug_ranges  0x00000250       0x48 CMakeFiles/Template.dir/platform/mcu/stm32f103ze/libraries/STM32F1xx_HAL_Driver/Src/stm32f1xx_hal_gpio.c.obj
 .debug_ranges  0x00000298       0xa0 CMakeFiles/Template.dir/platform/mcu/stm32f103ze/libraries/STM32F1xx_HAL_Driver/Src/stm32f1xx_hal_rcc.c.obj
 .debug_ranges  0x00000338       0x18 CMakeFiles/Template.dir/platform/mcu/stm32f103ze/core/system_stm32f1xx.c.obj
 .debug_ranges  0x00000350       0x20 CMakeFiles/Template.dir/platform/mcu/stm32f103ze/core/GCC/startup_stm32f103xe.s.obj
 .debug_ranges  0x00000370       0x60 CMakeFiles/Template.dir/EmbedX_Nano/component/Extimer/ExTimer.c.obj

.debug_macro    0x00000000    0x18839
 .debug_macro   0x00000000      0x1bb CMakeFiles/Template.dir/app/main.c.obj
 .debug_macro   0x000001bb      0xa66 CMakeFiles/Template.dir/app/main.c.obj
 .debug_macro   0x00000c21       0x2e CMakeFiles/Template.dir/app/main.c.obj
 .debug_macro   0x00000c4f       0x22 CMakeFiles/Template.dir/app/main.c.obj
 .debug_macro   0x00000c71       0x22 CMakeFiles/Template.dir/app/main.c.obj
 .debug_macro   0x00000c93       0x8e CMakeFiles/Template.dir/app/main.c.obj
 .debug_macro   0x00000d21       0x51 CMakeFiles/Template.dir/app/main.c.obj
 .debug_macro   0x00000d72      0x103 CMakeFiles/Template.dir/app/main.c.obj
 .debug_macro   0x00000e75       0x6a CMakeFiles/Template.dir/app/main.c.obj
 .debug_macro   0x00000edf      0x1df CMakeFiles/Template.dir/app/main.c.obj
 .debug_macro   0x000010be       0x1c CMakeFiles/Template.dir/app/main.c.obj
 .debug_macro   0x000010da       0x22 CMakeFiles/Template.dir/app/main.c.obj
 .debug_macro   0x000010fc       0xbd CMakeFiles/Template.dir/app/main.c.obj
 .debug_macro   0x000011b9      0xd23 CMakeFiles/Template.dir/app/main.c.obj
 .debug_macro   0x00001edc     0xfd8c CMakeFiles/Template.dir/app/main.c.obj
 .debug_macro   0x00011c68       0x6d CMakeFiles/Template.dir/app/main.c.obj
 .debug_macro   0x00011cd5      0x215 CMakeFiles/Template.dir/app/main.c.obj
 .debug_macro   0x00011eea     0x348d CMakeFiles/Template.dir/app/main.c.obj
 .debug_macro   0x00015377      0x16d CMakeFiles/Template.dir/app/main.c.obj
 .debug_macro   0x000154e4       0x5c CMakeFiles/Template.dir/app/main.c.obj
 .debug_macro   0x00015540      0x5bc CMakeFiles/Template.dir/app/main.c.obj
 .debug_macro   0x00015afc      0x4d5 CMakeFiles/Template.dir/app/main.c.obj
 .debug_macro   0x00015fd1      0x1cb CMakeFiles/Template.dir/app/main.c.obj
 .debug_macro   0x0001619c      0x114 CMakeFiles/Template.dir/app/main.c.obj
 .debug_macro   0x000162b0      0x1ea CMakeFiles/Template.dir/app/main.c.obj
 .debug_macro   0x0001649a       0x27 CMakeFiles/Template.dir/app/main.c.obj
 .debug_macro   0x000164c1      0x144 CMakeFiles/Template.dir/app/main.c.obj
 .debug_macro   0x00016605      0x1bc CMakeFiles/Template.dir/app/main.c.obj
 .debug_macro   0x000167c1       0x30 CMakeFiles/Template.dir/app/main.c.obj
 .debug_macro   0x000167f1       0x3c CMakeFiles/Template.dir/app/main.c.obj
 .debug_macro   0x0001682d       0x57 CMakeFiles/Template.dir/app/main.c.obj
 .debug_macro   0x00016884       0x87 CMakeFiles/Template.dir/app/main.c.obj
 .debug_macro   0x0001690b      0x24f CMakeFiles/Template.dir/app/main.c.obj
 .debug_macro   0x00016b5a      0x140 CMakeFiles/Template.dir/app/main.c.obj
 .debug_macro   0x00016c9a      0x28e CMakeFiles/Template.dir/app/main.c.obj
 .debug_macro   0x00016f28       0xb5 CMakeFiles/Template.dir/app/main.c.obj
 .debug_macro   0x00016fdd       0xc4 CMakeFiles/Template.dir/app/main.c.obj
 .debug_macro   0x000170a1      0x1a7 CMakeFiles/Template.dir/platform/mcu/stm32f103ze/bsp/delay/delay.c.obj
 .debug_macro   0x00017248      0x1a2 CMakeFiles/Template.dir/platform/mcu/stm32f103ze/bsp/it/stm32f1xx_it.c.obj
 .debug_macro   0x000173ea      0x19d CMakeFiles/Template.dir/platform/mcu/stm32f103ze/bsp/sys/sys.c.obj
 .debug_macro   0x00017587      0x1b2 CMakeFiles/Template.dir/platform/mcu/stm32f103ze/libraries/STM32F1xx_HAL_Driver/Src/stm32f1xx_hal.c.obj
 .debug_macro   0x00017739      0x18e CMakeFiles/Template.dir/platform/mcu/stm32f103ze/libraries/STM32F1xx_HAL_Driver/Src/stm32f1xx_hal_cortex.c.obj
 .debug_macro   0x000178c7      0x1f9 CMakeFiles/Template.dir/platform/mcu/stm32f103ze/libraries/STM32F1xx_HAL_Driver/Src/stm32f1xx_hal_gpio.c.obj
 .debug_macro   0x00017ac0      0x1a0 CMakeFiles/Template.dir/platform/mcu/stm32f103ze/libraries/STM32F1xx_HAL_Driver/Src/stm32f1xx_hal_rcc.c.obj
 .debug_macro   0x00017c60      0x18e CMakeFiles/Template.dir/platform/mcu/stm32f103ze/core/system_stm32f1xx.c.obj
 .debug_macro   0x00017dee      0x15e CMakeFiles/Template.dir/EmbedX_Nano/component/Extimer/ExTimer.c.obj
 .debug_macro   0x00017f4c       0x18 CMakeFiles/Template.dir/EmbedX_Nano/component/Extimer/ExTimer.c.obj
 .debug_macro   0x00017f64       0x64 CMakeFiles/Template.dir/EmbedX_Nano/component/Extimer/ExTimer.c.obj
 .debug_macro   0x00017fc8       0x35 CMakeFiles/Template.dir/EmbedX_Nano/component/Extimer/ExTimer.c.obj
 .debug_macro   0x00017ffd       0x34 CMakeFiles/Template.dir/EmbedX_Nano/component/Extimer/ExTimer.c.obj
 .debug_macro   0x00018031       0x16 CMakeFiles/Template.dir/EmbedX_Nano/component/Extimer/ExTimer.c.obj
 .debug_macro   0x00018047      0x10e CMakeFiles/Template.dir/EmbedX_Nano/component/Extimer/ExTimer.c.obj
 .debug_macro   0x00018155       0x86 CMakeFiles/Template.dir/EmbedX_Nano/component/Extimer/ExTimer.c.obj
 .debug_macro   0x000181db       0x16 CMakeFiles/Template.dir/EmbedX_Nano/component/Extimer/ExTimer.c.obj
 .debug_macro   0x000181f1       0x43 CMakeFiles/Template.dir/EmbedX_Nano/component/Extimer/ExTimer.c.obj
 .debug_macro   0x00018234       0x34 CMakeFiles/Template.dir/EmbedX_Nano/component/Extimer/ExTimer.c.obj
 .debug_macro   0x00018268       0x10 CMakeFiles/Template.dir/EmbedX_Nano/component/Extimer/ExTimer.c.obj
 .debug_macro   0x00018278       0x58 CMakeFiles/Template.dir/EmbedX_Nano/component/Extimer/ExTimer.c.obj
 .debug_macro   0x000182d0      0x182 CMakeFiles/Template.dir/EmbedX_Nano/component/Extimer/ExTimer.c.obj
 .debug_macro   0x00018452      0x35d CMakeFiles/Template.dir/EmbedX_Nano/component/Extimer/ExTimer.c.obj
 .debug_macro   0x000187af       0x16 CMakeFiles/Template.dir/EmbedX_Nano/component/Extimer/ExTimer.c.obj
 .debug_macro   0x000187c5       0x29 CMakeFiles/Template.dir/EmbedX_Nano/component/Extimer/ExTimer.c.obj
 .debug_macro   0x000187ee       0x16 CMakeFiles/Template.dir/EmbedX_Nano/component/Extimer/ExTimer.c.obj
 .debug_macro   0x00018804       0x35 CMakeFiles/Template.dir/EmbedX_Nano/component/Extimer/ExTimer.c.obj

.debug_line     0x00000000     0x66a5
 .debug_line    0x00000000      0xa5d CMakeFiles/Template.dir/app/main.c.obj
 .debug_line    0x00000a5d      0x8bf CMakeFiles/Template.dir/platform/mcu/stm32f103ze/bsp/delay/delay.c.obj
 .debug_line    0x0000131c      0x8c6 CMakeFiles/Template.dir/platform/mcu/stm32f103ze/bsp/it/stm32f1xx_it.c.obj
 .debug_line    0x00001be2      0x7fb CMakeFiles/Template.dir/platform/mcu/stm32f103ze/bsp/sys/sys.c.obj
 .debug_line    0x000023dd      0xa80 CMakeFiles/Template.dir/platform/mcu/stm32f103ze/libraries/STM32F1xx_HAL_Driver/Src/stm32f1xx_hal.c.obj
 .debug_line    0x00002e5d      0xbf7 CMakeFiles/Template.dir/platform/mcu/stm32f103ze/libraries/STM32F1xx_HAL_Driver/Src/stm32f1xx_hal_cortex.c.obj
 .debug_line    0x00003a54      0xb96 CMakeFiles/Template.dir/platform/mcu/stm32f103ze/libraries/STM32F1xx_HAL_Driver/Src/stm32f1xx_hal_gpio.c.obj
 .debug_line    0x000045ea     0x1156 CMakeFiles/Template.dir/platform/mcu/stm32f103ze/libraries/STM32F1xx_HAL_Driver/Src/stm32f1xx_hal_rcc.c.obj
 .debug_line    0x00005740      0x80c CMakeFiles/Template.dir/platform/mcu/stm32f103ze/core/system_stm32f1xx.c.obj
 .debug_line    0x00005f4c       0xed CMakeFiles/Template.dir/platform/mcu/stm32f103ze/core/GCC/startup_stm32f103xe.s.obj
 .debug_line    0x00006039      0x66c CMakeFiles/Template.dir/EmbedX_Nano/component/Extimer/ExTimer.c.obj

.debug_str      0x00000000    0x8ee73
 .debug_str     0x00000000    0x8ada3 CMakeFiles/Template.dir/app/main.c.obj
                              0x8b1b5 (size before relaxing)
 .debug_str     0x0008ada3       0xce CMakeFiles/Template.dir/platform/mcu/stm32f103ze/bsp/delay/delay.c.obj
                              0x8aff7 (size before relaxing)
 .debug_str     0x0008ae71      0x144 CMakeFiles/Template.dir/platform/mcu/stm32f103ze/bsp/it/stm32f1xx_it.c.obj
                              0x8ab8a (size before relaxing)
 .debug_str     0x0008afb5      0x1f1 CMakeFiles/Template.dir/platform/mcu/stm32f103ze/bsp/sys/sys.c.obj
                              0x8b0c7 (size before relaxing)
 .debug_str     0x0008b1a6      0x711 CMakeFiles/Template.dir/platform/mcu/stm32f103ze/libraries/STM32F1xx_HAL_Driver/Src/stm32f1xx_hal.c.obj
                              0x8b39d (size before relaxing)
 .debug_str     0x0008b8b7      0x337 CMakeFiles/Template.dir/platform/mcu/stm32f103ze/libraries/STM32F1xx_HAL_Driver/Src/stm32f1xx_hal_cortex.c.obj
                              0x8b2f3 (size before relaxing)
 .debug_str     0x0008bbee      0x396 CMakeFiles/Template.dir/platform/mcu/stm32f103ze/libraries/STM32F1xx_HAL_Driver/Src/stm32f1xx_hal_gpio.c.obj
                              0x8af16 (size before relaxing)
 .debug_str     0x0008bf84      0x2d7 CMakeFiles/Template.dir/platform/mcu/stm32f103ze/libraries/STM32F1xx_HAL_Driver/Src/stm32f1xx_hal_rcc.c.obj
                              0x8afbf (size before relaxing)
 .debug_str     0x0008c25b       0xba CMakeFiles/Template.dir/platform/mcu/stm32f103ze/core/system_stm32f1xx.c.obj
                              0x8ab8a (size before relaxing)
 .debug_str     0x0008c315       0x9c CMakeFiles/Template.dir/platform/mcu/stm32f103ze/core/GCC/startup_stm32f103xe.s.obj
                                 0xf8 (size before relaxing)
 .debug_str     0x0008c3b1     0x2ac2 CMakeFiles/Template.dir/EmbedX_Nano/component/Extimer/ExTimer.c.obj
                               0x6af8 (size before relaxing)

.comment        0x00000000       0x49
 .comment       0x00000000       0x49 CMakeFiles/Template.dir/app/main.c.obj
                                 0x4a (size before relaxing)
 .comment       0x00000049       0x4a CMakeFiles/Template.dir/platform/mcu/stm32f103ze/bsp/delay/delay.c.obj
 .comment       0x00000049       0x4a CMakeFiles/Template.dir/platform/mcu/stm32f103ze/bsp/it/stm32f1xx_it.c.obj
 .comment       0x00000049       0x4a CMakeFiles/Template.dir/platform/mcu/stm32f103ze/bsp/sys/sys.c.obj
 .comment       0x00000049       0x4a CMakeFiles/Template.dir/platform/mcu/stm32f103ze/libraries/STM32F1xx_HAL_Driver/Src/stm32f1xx_hal.c.obj
 .comment       0x00000049       0x4a CMakeFiles/Template.dir/platform/mcu/stm32f103ze/libraries/STM32F1xx_HAL_Driver/Src/stm32f1xx_hal_cortex.c.obj
 .comment       0x00000049       0x4a CMakeFiles/Template.dir/platform/mcu/stm32f103ze/libraries/STM32F1xx_HAL_Driver/Src/stm32f1xx_hal_gpio.c.obj
 .comment       0x00000049       0x4a CMakeFiles/Template.dir/platform/mcu/stm32f103ze/libraries/STM32F1xx_HAL_Driver/Src/stm32f1xx_hal_rcc.c.obj
 .comment       0x00000049       0x4a CMakeFiles/Template.dir/platform/mcu/stm32f103ze/core/system_stm32f1xx.c.obj
 .comment       0x00000049       0x4a CMakeFiles/Template.dir/EmbedX_Nano/component/Extimer/ExTimer.c.obj

.debug_frame    0x00000000      0xa48
 .debug_frame   0x00000000       0x5c CMakeFiles/Template.dir/app/main.c.obj
 .debug_frame   0x0000005c       0x60 CMakeFiles/Template.dir/platform/mcu/stm32f103ze/bsp/delay/delay.c.obj
 .debug_frame   0x000000bc       0xa8 CMakeFiles/Template.dir/platform/mcu/stm32f103ze/bsp/it/stm32f1xx_it.c.obj
 .debug_frame   0x00000164       0x2c CMakeFiles/Template.dir/platform/mcu/stm32f103ze/bsp/sys/sys.c.obj
 .debug_frame   0x00000190      0x1cc CMakeFiles/Template.dir/platform/mcu/stm32f103ze/libraries/STM32F1xx_HAL_Driver/Src/stm32f1xx_hal.c.obj
 .debug_frame   0x0000035c      0x118 CMakeFiles/Template.dir/platform/mcu/stm32f103ze/libraries/STM32F1xx_HAL_Driver/Src/stm32f1xx_hal_cortex.c.obj
 .debug_frame   0x00000474       0xe4 CMakeFiles/Template.dir/platform/mcu/stm32f103ze/libraries/STM32F1xx_HAL_Driver/Src/stm32f1xx_hal_gpio.c.obj
 .debug_frame   0x00000558      0x184 CMakeFiles/Template.dir/platform/mcu/stm32f103ze/libraries/STM32F1xx_HAL_Driver/Src/stm32f1xx_hal_rcc.c.obj
 .debug_frame   0x000006dc       0x30 CMakeFiles/Template.dir/platform/mcu/stm32f103ze/core/system_stm32f1xx.c.obj
 .debug_frame   0x0000070c      0x10c CMakeFiles/Template.dir/EmbedX_Nano/component/Extimer/ExTimer.c.obj
 .debug_frame   0x00000818       0x2c d:/software/embedded_tools/qp/qp/qtools/gnu_arm-none-eabi/bin/../lib/gcc/arm-none-eabi/10.3.1/../../../../arm-none-eabi/lib/thumb/v7-m/nofp\libg_nano.a(lib_a-init.o)
 .debug_frame   0x00000844       0x30 d:/software/embedded_tools/qp/qp/qtools/gnu_arm-none-eabi/bin/../lib/gcc/arm-none-eabi/10.3.1/../../../../arm-none-eabi/lib/thumb/v7-m/nofp\libg_nano.a(lib_a-malloc.o)
 .debug_frame   0x00000874       0x4c d:/software/embedded_tools/qp/qp/qtools/gnu_arm-none-eabi/bin/../lib/gcc/arm-none-eabi/10.3.1/../../../../arm-none-eabi/lib/thumb/v7-m/nofp\libg_nano.a(lib_a-nano-mallocr.o)
 .debug_frame   0x000008c0       0x2c d:/software/embedded_tools/qp/qp/qtools/gnu_arm-none-eabi/bin/../lib/gcc/arm-none-eabi/10.3.1/../../../../arm-none-eabi/lib/thumb/v7-m/nofp\libg_nano.a(lib_a-sbrkr.o)
 .debug_frame   0x000008ec       0x30 d:/software/embedded_tools/qp/qp/qtools/gnu_arm-none-eabi/bin/../lib/gcc/arm-none-eabi/10.3.1/../../../../arm-none-eabi/lib/thumb/v7-m/nofp\libg_nano.a(lib_a-mlock.o)
 .debug_frame   0x0000091c       0x5c d:/software/embedded_tools/qp/qp/qtools/gnu_arm-none-eabi/bin/../lib/gcc/arm-none-eabi/10.3.1/../../../../arm-none-eabi/lib/thumb/v7-m/nofp\libg_nano.a(lib_a-reent.o)
 .debug_frame   0x00000978       0xb0 d:/software/embedded_tools/qp/qp/qtools/gnu_arm-none-eabi/bin/../lib/gcc/arm-none-eabi/10.3.1/../../../../arm-none-eabi/lib/thumb/v7-m/nofp\libg_nano.a(lib_a-lock.o)
 .debug_frame   0x00000a28       0x20 d:/software/embedded_tools/qp/qp/qtools/gnu_arm-none-eabi/bin/../lib/gcc/arm-none-eabi/10.3.1/../../../../arm-none-eabi/lib/thumb/v7-m/nofp\libnosys.a(sbrk.o)

Cross Reference Table

Symbol                                            File
ADC1_2_IRQHandler                                 CMakeFiles/Template.dir/platform/mcu/stm32f103ze/core/GCC/startup_stm32f103xe.s.obj
ADC3_IRQHandler                                   CMakeFiles/Template.dir/platform/mcu/stm32f103ze/core/GCC/startup_stm32f103xe.s.obj
AHBPrescTable                                     CMakeFiles/Template.dir/platform/mcu/stm32f103ze/core/system_stm32f1xx.c.obj
                                                  CMakeFiles/Template.dir/platform/mcu/stm32f103ze/libraries/STM32F1xx_HAL_Driver/Src/stm32f1xx_hal_rcc.c.obj
APBPrescTable                                     CMakeFiles/Template.dir/platform/mcu/stm32f103ze/core/system_stm32f1xx.c.obj
                                                  CMakeFiles/Template.dir/platform/mcu/stm32f103ze/libraries/STM32F1xx_HAL_Driver/Src/stm32f1xx_hal_rcc.c.obj
BusFault_Handler                                  CMakeFiles/Template.dir/platform/mcu/stm32f103ze/bsp/it/stm32f1xx_it.c.obj
CAN1_RX1_IRQHandler                               CMakeFiles/Template.dir/platform/mcu/stm32f103ze/core/GCC/startup_stm32f103xe.s.obj
CAN1_SCE_IRQHandler                               CMakeFiles/Template.dir/platform/mcu/stm32f103ze/core/GCC/startup_stm32f103xe.s.obj
DMA1_Channel1_IRQHandler                          CMakeFiles/Template.dir/platform/mcu/stm32f103ze/core/GCC/startup_stm32f103xe.s.obj
DMA1_Channel2_IRQHandler                          CMakeFiles/Template.dir/platform/mcu/stm32f103ze/core/GCC/startup_stm32f103xe.s.obj
DMA1_Channel3_IRQHandler                          CMakeFiles/Template.dir/platform/mcu/stm32f103ze/core/GCC/startup_stm32f103xe.s.obj
DMA1_Channel4_IRQHandler                          CMakeFiles/Template.dir/platform/mcu/stm32f103ze/core/GCC/startup_stm32f103xe.s.obj
DMA1_Channel5_IRQHandler                          CMakeFiles/Template.dir/platform/mcu/stm32f103ze/core/GCC/startup_stm32f103xe.s.obj
DMA1_Channel6_IRQHandler                          CMakeFiles/Template.dir/platform/mcu/stm32f103ze/core/GCC/startup_stm32f103xe.s.obj
DMA1_Channel7_IRQHandler                          CMakeFiles/Template.dir/platform/mcu/stm32f103ze/core/GCC/startup_stm32f103xe.s.obj
DMA2_Channel1_IRQHandler                          CMakeFiles/Template.dir/platform/mcu/stm32f103ze/core/GCC/startup_stm32f103xe.s.obj
DMA2_Channel2_IRQHandler                          CMakeFiles/Template.dir/platform/mcu/stm32f103ze/core/GCC/startup_stm32f103xe.s.obj
DMA2_Channel3_IRQHandler                          CMakeFiles/Template.dir/platform/mcu/stm32f103ze/core/GCC/startup_stm32f103xe.s.obj
DMA2_Channel4_5_IRQHandler                        CMakeFiles/Template.dir/platform/mcu/stm32f103ze/core/GCC/startup_stm32f103xe.s.obj
DebugMon_Handler                                  CMakeFiles/Template.dir/platform/mcu/stm32f103ze/bsp/it/stm32f1xx_it.c.obj
Default_Handler                                   CMakeFiles/Template.dir/platform/mcu/stm32f103ze/core/GCC/startup_stm32f103xe.s.obj
EXTI0_IRQHandler                                  CMakeFiles/Template.dir/platform/mcu/stm32f103ze/core/GCC/startup_stm32f103xe.s.obj
EXTI15_10_IRQHandler                              CMakeFiles/Template.dir/platform/mcu/stm32f103ze/core/GCC/startup_stm32f103xe.s.obj
EXTI1_IRQHandler                                  CMakeFiles/Template.dir/platform/mcu/stm32f103ze/core/GCC/startup_stm32f103xe.s.obj
EXTI2_IRQHandler                                  CMakeFiles/Template.dir/platform/mcu/stm32f103ze/core/GCC/startup_stm32f103xe.s.obj
EXTI3_IRQHandler                                  CMakeFiles/Template.dir/platform/mcu/stm32f103ze/core/GCC/startup_stm32f103xe.s.obj
EXTI4_IRQHandler                                  CMakeFiles/Template.dir/platform/mcu/stm32f103ze/core/GCC/startup_stm32f103xe.s.obj
EXTI9_5_IRQHandler                                CMakeFiles/Template.dir/platform/mcu/stm32f103ze/core/GCC/startup_stm32f103xe.s.obj
ExTimerManager_handle                             CMakeFiles/Template.dir/app/main.c.obj
FLASH_IRQHandler                                  CMakeFiles/Template.dir/platform/mcu/stm32f103ze/core/GCC/startup_stm32f103xe.s.obj
FLASH_PageErase                                   CMakeFiles/Template.dir/platform/mcu/stm32f103ze/libraries/STM32F1xx_HAL_Driver/Src/stm32f1xx_hal_flash_ex.c.obj
                                                  CMakeFiles/Template.dir/platform/mcu/stm32f103ze/libraries/STM32F1xx_HAL_Driver/Src/stm32f1xx_hal_flash.c.obj
FLASH_WaitForLastOperation                        CMakeFiles/Template.dir/platform/mcu/stm32f103ze/libraries/STM32F1xx_HAL_Driver/Src/stm32f1xx_hal_flash.c.obj
                                                  CMakeFiles/Template.dir/platform/mcu/stm32f103ze/libraries/STM32F1xx_HAL_Driver/Src/stm32f1xx_hal_flash_ex.c.obj
FSMC_IRQHandler                                   CMakeFiles/Template.dir/platform/mcu/stm32f103ze/core/GCC/startup_stm32f103xe.s.obj
HAL_DBGMCU_DisableDBGSleepMode                    CMakeFiles/Template.dir/platform/mcu/stm32f103ze/libraries/STM32F1xx_HAL_Driver/Src/stm32f1xx_hal.c.obj
HAL_DBGMCU_DisableDBGStandbyMode                  CMakeFiles/Template.dir/platform/mcu/stm32f103ze/libraries/STM32F1xx_HAL_Driver/Src/stm32f1xx_hal.c.obj
HAL_DBGMCU_DisableDBGStopMode                     CMakeFiles/Template.dir/platform/mcu/stm32f103ze/libraries/STM32F1xx_HAL_Driver/Src/stm32f1xx_hal.c.obj
HAL_DBGMCU_EnableDBGSleepMode                     CMakeFiles/Template.dir/platform/mcu/stm32f103ze/libraries/STM32F1xx_HAL_Driver/Src/stm32f1xx_hal.c.obj
HAL_DBGMCU_EnableDBGStandbyMode                   CMakeFiles/Template.dir/platform/mcu/stm32f103ze/libraries/STM32F1xx_HAL_Driver/Src/stm32f1xx_hal.c.obj
HAL_DBGMCU_EnableDBGStopMode                      CMakeFiles/Template.dir/platform/mcu/stm32f103ze/libraries/STM32F1xx_HAL_Driver/Src/stm32f1xx_hal.c.obj
HAL_DMA_Abort                                     CMakeFiles/Template.dir/platform/mcu/stm32f103ze/libraries/STM32F1xx_HAL_Driver/Src/stm32f1xx_hal_dma.c.obj
                                                  CMakeFiles/Template.dir/platform/mcu/stm32f103ze/libraries/STM32F1xx_HAL_Driver/Src/stm32f1xx_hal_uart.c.obj
HAL_DMA_Abort_IT                                  CMakeFiles/Template.dir/platform/mcu/stm32f103ze/libraries/STM32F1xx_HAL_Driver/Src/stm32f1xx_hal_dma.c.obj
                                                  CMakeFiles/Template.dir/platform/mcu/stm32f103ze/libraries/STM32F1xx_HAL_Driver/Src/stm32f1xx_hal_uart.c.obj
HAL_DMA_DeInit                                    CMakeFiles/Template.dir/platform/mcu/stm32f103ze/libraries/STM32F1xx_HAL_Driver/Src/stm32f1xx_hal_dma.c.obj
HAL_DMA_GetError                                  CMakeFiles/Template.dir/platform/mcu/stm32f103ze/libraries/STM32F1xx_HAL_Driver/Src/stm32f1xx_hal_dma.c.obj
                                                  CMakeFiles/Template.dir/platform/mcu/stm32f103ze/libraries/STM32F1xx_HAL_Driver/Src/stm32f1xx_hal_uart.c.obj
HAL_DMA_GetState                                  CMakeFiles/Template.dir/platform/mcu/stm32f103ze/libraries/STM32F1xx_HAL_Driver/Src/stm32f1xx_hal_dma.c.obj
HAL_DMA_IRQHandler                                CMakeFiles/Template.dir/platform/mcu/stm32f103ze/libraries/STM32F1xx_HAL_Driver/Src/stm32f1xx_hal_dma.c.obj
HAL_DMA_Init                                      CMakeFiles/Template.dir/platform/mcu/stm32f103ze/libraries/STM32F1xx_HAL_Driver/Src/stm32f1xx_hal_dma.c.obj
HAL_DMA_PollForTransfer                           CMakeFiles/Template.dir/platform/mcu/stm32f103ze/libraries/STM32F1xx_HAL_Driver/Src/stm32f1xx_hal_dma.c.obj
HAL_DMA_RegisterCallback                          CMakeFiles/Template.dir/platform/mcu/stm32f103ze/libraries/STM32F1xx_HAL_Driver/Src/stm32f1xx_hal_dma.c.obj
HAL_DMA_Start                                     CMakeFiles/Template.dir/platform/mcu/stm32f103ze/libraries/STM32F1xx_HAL_Driver/Src/stm32f1xx_hal_dma.c.obj
HAL_DMA_Start_IT                                  CMakeFiles/Template.dir/platform/mcu/stm32f103ze/libraries/STM32F1xx_HAL_Driver/Src/stm32f1xx_hal_dma.c.obj
                                                  CMakeFiles/Template.dir/platform/mcu/stm32f103ze/libraries/STM32F1xx_HAL_Driver/Src/stm32f1xx_hal_uart.c.obj
HAL_DMA_UnRegisterCallback                        CMakeFiles/Template.dir/platform/mcu/stm32f103ze/libraries/STM32F1xx_HAL_Driver/Src/stm32f1xx_hal_dma.c.obj
HAL_DeInit                                        CMakeFiles/Template.dir/platform/mcu/stm32f103ze/libraries/STM32F1xx_HAL_Driver/Src/stm32f1xx_hal.c.obj
HAL_Delay                                         CMakeFiles/Template.dir/platform/mcu/stm32f103ze/libraries/STM32F1xx_HAL_Driver/Src/stm32f1xx_hal.c.obj
HAL_EXTI_ClearConfigLine                          CMakeFiles/Template.dir/platform/mcu/stm32f103ze/libraries/STM32F1xx_HAL_Driver/Src/stm32f1xx_hal_exti.c.obj
HAL_EXTI_ClearPending                             CMakeFiles/Template.dir/platform/mcu/stm32f103ze/libraries/STM32F1xx_HAL_Driver/Src/stm32f1xx_hal_exti.c.obj
HAL_EXTI_GenerateSWI                              CMakeFiles/Template.dir/platform/mcu/stm32f103ze/libraries/STM32F1xx_HAL_Driver/Src/stm32f1xx_hal_exti.c.obj
HAL_EXTI_GetConfigLine                            CMakeFiles/Template.dir/platform/mcu/stm32f103ze/libraries/STM32F1xx_HAL_Driver/Src/stm32f1xx_hal_exti.c.obj
HAL_EXTI_GetHandle                                CMakeFiles/Template.dir/platform/mcu/stm32f103ze/libraries/STM32F1xx_HAL_Driver/Src/stm32f1xx_hal_exti.c.obj
HAL_EXTI_GetPending                               CMakeFiles/Template.dir/platform/mcu/stm32f103ze/libraries/STM32F1xx_HAL_Driver/Src/stm32f1xx_hal_exti.c.obj
HAL_EXTI_IRQHandler                               CMakeFiles/Template.dir/platform/mcu/stm32f103ze/libraries/STM32F1xx_HAL_Driver/Src/stm32f1xx_hal_exti.c.obj
HAL_EXTI_RegisterCallback                         CMakeFiles/Template.dir/platform/mcu/stm32f103ze/libraries/STM32F1xx_HAL_Driver/Src/stm32f1xx_hal_exti.c.obj
HAL_EXTI_SetConfigLine                            CMakeFiles/Template.dir/platform/mcu/stm32f103ze/libraries/STM32F1xx_HAL_Driver/Src/stm32f1xx_hal_exti.c.obj
HAL_FLASHEx_Erase                                 CMakeFiles/Template.dir/platform/mcu/stm32f103ze/libraries/STM32F1xx_HAL_Driver/Src/stm32f1xx_hal_flash_ex.c.obj
HAL_FLASHEx_Erase_IT                              CMakeFiles/Template.dir/platform/mcu/stm32f103ze/libraries/STM32F1xx_HAL_Driver/Src/stm32f1xx_hal_flash_ex.c.obj
HAL_FLASHEx_OBErase                               CMakeFiles/Template.dir/platform/mcu/stm32f103ze/libraries/STM32F1xx_HAL_Driver/Src/stm32f1xx_hal_flash_ex.c.obj
HAL_FLASHEx_OBGetConfig                           CMakeFiles/Template.dir/platform/mcu/stm32f103ze/libraries/STM32F1xx_HAL_Driver/Src/stm32f1xx_hal_flash_ex.c.obj
HAL_FLASHEx_OBGetUserData                         CMakeFiles/Template.dir/platform/mcu/stm32f103ze/libraries/STM32F1xx_HAL_Driver/Src/stm32f1xx_hal_flash_ex.c.obj
HAL_FLASHEx_OBProgram                             CMakeFiles/Template.dir/platform/mcu/stm32f103ze/libraries/STM32F1xx_HAL_Driver/Src/stm32f1xx_hal_flash_ex.c.obj
HAL_FLASH_EndOfOperationCallback                  CMakeFiles/Template.dir/platform/mcu/stm32f103ze/libraries/STM32F1xx_HAL_Driver/Src/stm32f1xx_hal_flash.c.obj
HAL_FLASH_GetError                                CMakeFiles/Template.dir/platform/mcu/stm32f103ze/libraries/STM32F1xx_HAL_Driver/Src/stm32f1xx_hal_flash.c.obj
HAL_FLASH_IRQHandler                              CMakeFiles/Template.dir/platform/mcu/stm32f103ze/libraries/STM32F1xx_HAL_Driver/Src/stm32f1xx_hal_flash.c.obj
HAL_FLASH_Lock                                    CMakeFiles/Template.dir/platform/mcu/stm32f103ze/libraries/STM32F1xx_HAL_Driver/Src/stm32f1xx_hal_flash.c.obj
HAL_FLASH_OB_Launch                               CMakeFiles/Template.dir/platform/mcu/stm32f103ze/libraries/STM32F1xx_HAL_Driver/Src/stm32f1xx_hal_flash.c.obj
HAL_FLASH_OB_Lock                                 CMakeFiles/Template.dir/platform/mcu/stm32f103ze/libraries/STM32F1xx_HAL_Driver/Src/stm32f1xx_hal_flash.c.obj
HAL_FLASH_OB_Unlock                               CMakeFiles/Template.dir/platform/mcu/stm32f103ze/libraries/STM32F1xx_HAL_Driver/Src/stm32f1xx_hal_flash.c.obj
HAL_FLASH_OperationErrorCallback                  CMakeFiles/Template.dir/platform/mcu/stm32f103ze/libraries/STM32F1xx_HAL_Driver/Src/stm32f1xx_hal_flash.c.obj
HAL_FLASH_Program                                 CMakeFiles/Template.dir/platform/mcu/stm32f103ze/libraries/STM32F1xx_HAL_Driver/Src/stm32f1xx_hal_flash.c.obj
HAL_FLASH_Program_IT                              CMakeFiles/Template.dir/platform/mcu/stm32f103ze/libraries/STM32F1xx_HAL_Driver/Src/stm32f1xx_hal_flash.c.obj
HAL_FLASH_Unlock                                  CMakeFiles/Template.dir/platform/mcu/stm32f103ze/libraries/STM32F1xx_HAL_Driver/Src/stm32f1xx_hal_flash.c.obj
HAL_GPIOEx_ConfigEventout                         CMakeFiles/Template.dir/platform/mcu/stm32f103ze/libraries/STM32F1xx_HAL_Driver/Src/stm32f1xx_hal_gpio_ex.c.obj
HAL_GPIOEx_DisableEventout                        CMakeFiles/Template.dir/platform/mcu/stm32f103ze/libraries/STM32F1xx_HAL_Driver/Src/stm32f1xx_hal_gpio_ex.c.obj
HAL_GPIOEx_EnableEventout                         CMakeFiles/Template.dir/platform/mcu/stm32f103ze/libraries/STM32F1xx_HAL_Driver/Src/stm32f1xx_hal_gpio_ex.c.obj
HAL_GPIO_DeInit                                   CMakeFiles/Template.dir/platform/mcu/stm32f103ze/libraries/STM32F1xx_HAL_Driver/Src/stm32f1xx_hal_gpio.c.obj
HAL_GPIO_EXTI_Callback                            CMakeFiles/Template.dir/platform/mcu/stm32f103ze/libraries/STM32F1xx_HAL_Driver/Src/stm32f1xx_hal_gpio.c.obj
HAL_GPIO_EXTI_IRQHandler                          CMakeFiles/Template.dir/platform/mcu/stm32f103ze/libraries/STM32F1xx_HAL_Driver/Src/stm32f1xx_hal_gpio.c.obj
HAL_GPIO_Init                                     CMakeFiles/Template.dir/platform/mcu/stm32f103ze/libraries/STM32F1xx_HAL_Driver/Src/stm32f1xx_hal_gpio.c.obj
                                                  CMakeFiles/Template.dir/platform/mcu/stm32f103ze/libraries/STM32F1xx_HAL_Driver/Src/stm32f1xx_hal_rcc.c.obj
                                                  CMakeFiles/Template.dir/app/main.c.obj
HAL_GPIO_LockPin                                  CMakeFiles/Template.dir/platform/mcu/stm32f103ze/libraries/STM32F1xx_HAL_Driver/Src/stm32f1xx_hal_gpio.c.obj
HAL_GPIO_ReadPin                                  CMakeFiles/Template.dir/platform/mcu/stm32f103ze/libraries/STM32F1xx_HAL_Driver/Src/stm32f1xx_hal_gpio.c.obj
HAL_GPIO_TogglePin                                CMakeFiles/Template.dir/platform/mcu/stm32f103ze/libraries/STM32F1xx_HAL_Driver/Src/stm32f1xx_hal_gpio.c.obj
HAL_GPIO_WritePin                                 CMakeFiles/Template.dir/platform/mcu/stm32f103ze/libraries/STM32F1xx_HAL_Driver/Src/stm32f1xx_hal_gpio.c.obj
                                                  CMakeFiles/Template.dir/app/main.c.obj
HAL_GetDEVID                                      CMakeFiles/Template.dir/platform/mcu/stm32f103ze/libraries/STM32F1xx_HAL_Driver/Src/stm32f1xx_hal.c.obj
HAL_GetHalVersion                                 CMakeFiles/Template.dir/platform/mcu/stm32f103ze/libraries/STM32F1xx_HAL_Driver/Src/stm32f1xx_hal.c.obj
HAL_GetREVID                                      CMakeFiles/Template.dir/platform/mcu/stm32f103ze/libraries/STM32F1xx_HAL_Driver/Src/stm32f1xx_hal.c.obj
HAL_GetTick                                       CMakeFiles/Template.dir/platform/mcu/stm32f103ze/libraries/STM32F1xx_HAL_Driver/Src/stm32f1xx_hal.c.obj
                                                  CMakeFiles/Template.dir/platform/mcu/stm32f103ze/libraries/STM32F1xx_HAL_Driver/Src/stm32f1xx_hal_uart.c.obj
                                                  CMakeFiles/Template.dir/platform/mcu/stm32f103ze/libraries/STM32F1xx_HAL_Driver/Src/stm32f1xx_hal_rcc_ex.c.obj
                                                  CMakeFiles/Template.dir/platform/mcu/stm32f103ze/libraries/STM32F1xx_HAL_Driver/Src/stm32f1xx_hal_rcc.c.obj
                                                  CMakeFiles/Template.dir/platform/mcu/stm32f103ze/libraries/STM32F1xx_HAL_Driver/Src/stm32f1xx_hal_flash.c.obj
                                                  CMakeFiles/Template.dir/platform/mcu/stm32f103ze/libraries/STM32F1xx_HAL_Driver/Src/stm32f1xx_hal_dma.c.obj
HAL_GetTickFreq                                   CMakeFiles/Template.dir/platform/mcu/stm32f103ze/libraries/STM32F1xx_HAL_Driver/Src/stm32f1xx_hal.c.obj
HAL_GetTickPrio                                   CMakeFiles/Template.dir/platform/mcu/stm32f103ze/libraries/STM32F1xx_HAL_Driver/Src/stm32f1xx_hal.c.obj
HAL_GetUIDw0                                      CMakeFiles/Template.dir/platform/mcu/stm32f103ze/libraries/STM32F1xx_HAL_Driver/Src/stm32f1xx_hal.c.obj
HAL_GetUIDw1                                      CMakeFiles/Template.dir/platform/mcu/stm32f103ze/libraries/STM32F1xx_HAL_Driver/Src/stm32f1xx_hal.c.obj
HAL_GetUIDw2                                      CMakeFiles/Template.dir/platform/mcu/stm32f103ze/libraries/STM32F1xx_HAL_Driver/Src/stm32f1xx_hal.c.obj
HAL_HalfDuplex_EnableReceiver                     CMakeFiles/Template.dir/platform/mcu/stm32f103ze/libraries/STM32F1xx_HAL_Driver/Src/stm32f1xx_hal_uart.c.obj
HAL_HalfDuplex_EnableTransmitter                  CMakeFiles/Template.dir/platform/mcu/stm32f103ze/libraries/STM32F1xx_HAL_Driver/Src/stm32f1xx_hal_uart.c.obj
HAL_HalfDuplex_Init                               CMakeFiles/Template.dir/platform/mcu/stm32f103ze/libraries/STM32F1xx_HAL_Driver/Src/stm32f1xx_hal_uart.c.obj
HAL_IncTick                                       CMakeFiles/Template.dir/platform/mcu/stm32f103ze/libraries/STM32F1xx_HAL_Driver/Src/stm32f1xx_hal.c.obj
                                                  CMakeFiles/Template.dir/platform/mcu/stm32f103ze/bsp/it/stm32f1xx_it.c.obj
HAL_Init                                          CMakeFiles/Template.dir/platform/mcu/stm32f103ze/libraries/STM32F1xx_HAL_Driver/Src/stm32f1xx_hal.c.obj
                                                  CMakeFiles/Template.dir/app/main.c.obj
HAL_InitTick                                      CMakeFiles/Template.dir/platform/mcu/stm32f103ze/libraries/STM32F1xx_HAL_Driver/Src/stm32f1xx_hal.c.obj
                                                  CMakeFiles/Template.dir/platform/mcu/stm32f103ze/libraries/STM32F1xx_HAL_Driver/Src/stm32f1xx_hal_rcc.c.obj
HAL_LIN_Init                                      CMakeFiles/Template.dir/platform/mcu/stm32f103ze/libraries/STM32F1xx_HAL_Driver/Src/stm32f1xx_hal_uart.c.obj
HAL_LIN_SendBreak                                 CMakeFiles/Template.dir/platform/mcu/stm32f103ze/libraries/STM32F1xx_HAL_Driver/Src/stm32f1xx_hal_uart.c.obj
HAL_MspDeInit                                     CMakeFiles/Template.dir/platform/mcu/stm32f103ze/libraries/STM32F1xx_HAL_Driver/Src/stm32f1xx_hal.c.obj
HAL_MspInit                                       CMakeFiles/Template.dir/platform/mcu/stm32f103ze/libraries/STM32F1xx_HAL_Driver/Src/stm32f1xx_hal.c.obj
HAL_MultiProcessor_EnterMuteMode                  CMakeFiles/Template.dir/platform/mcu/stm32f103ze/libraries/STM32F1xx_HAL_Driver/Src/stm32f1xx_hal_uart.c.obj
HAL_MultiProcessor_ExitMuteMode                   CMakeFiles/Template.dir/platform/mcu/stm32f103ze/libraries/STM32F1xx_HAL_Driver/Src/stm32f1xx_hal_uart.c.obj
HAL_MultiProcessor_Init                           CMakeFiles/Template.dir/platform/mcu/stm32f103ze/libraries/STM32F1xx_HAL_Driver/Src/stm32f1xx_hal_uart.c.obj
HAL_NVIC_ClearPendingIRQ                          CMakeFiles/Template.dir/platform/mcu/stm32f103ze/libraries/STM32F1xx_HAL_Driver/Src/stm32f1xx_hal_cortex.c.obj
HAL_NVIC_DisableIRQ                               CMakeFiles/Template.dir/platform/mcu/stm32f103ze/libraries/STM32F1xx_HAL_Driver/Src/stm32f1xx_hal_cortex.c.obj
HAL_NVIC_EnableIRQ                                CMakeFiles/Template.dir/platform/mcu/stm32f103ze/libraries/STM32F1xx_HAL_Driver/Src/stm32f1xx_hal_cortex.c.obj
HAL_NVIC_GetActive                                CMakeFiles/Template.dir/platform/mcu/stm32f103ze/libraries/STM32F1xx_HAL_Driver/Src/stm32f1xx_hal_cortex.c.obj
HAL_NVIC_GetPendingIRQ                            CMakeFiles/Template.dir/platform/mcu/stm32f103ze/libraries/STM32F1xx_HAL_Driver/Src/stm32f1xx_hal_cortex.c.obj
HAL_NVIC_GetPriority                              CMakeFiles/Template.dir/platform/mcu/stm32f103ze/libraries/STM32F1xx_HAL_Driver/Src/stm32f1xx_hal_cortex.c.obj
HAL_NVIC_GetPriorityGrouping                      CMakeFiles/Template.dir/platform/mcu/stm32f103ze/libraries/STM32F1xx_HAL_Driver/Src/stm32f1xx_hal_cortex.c.obj
HAL_NVIC_SetPendingIRQ                            CMakeFiles/Template.dir/platform/mcu/stm32f103ze/libraries/STM32F1xx_HAL_Driver/Src/stm32f1xx_hal_cortex.c.obj
HAL_NVIC_SetPriority                              CMakeFiles/Template.dir/platform/mcu/stm32f103ze/libraries/STM32F1xx_HAL_Driver/Src/stm32f1xx_hal_cortex.c.obj
                                                  CMakeFiles/Template.dir/platform/mcu/stm32f103ze/libraries/STM32F1xx_HAL_Driver/Src/stm32f1xx_hal.c.obj
HAL_NVIC_SetPriorityGrouping                      CMakeFiles/Template.dir/platform/mcu/stm32f103ze/libraries/STM32F1xx_HAL_Driver/Src/stm32f1xx_hal_cortex.c.obj
                                                  CMakeFiles/Template.dir/platform/mcu/stm32f103ze/libraries/STM32F1xx_HAL_Driver/Src/stm32f1xx_hal.c.obj
HAL_NVIC_SystemReset                              CMakeFiles/Template.dir/platform/mcu/stm32f103ze/libraries/STM32F1xx_HAL_Driver/Src/stm32f1xx_hal_cortex.c.obj
                                                  CMakeFiles/Template.dir/platform/mcu/stm32f103ze/libraries/STM32F1xx_HAL_Driver/Src/stm32f1xx_hal_flash.c.obj
HAL_PWR_ConfigPVD                                 CMakeFiles/Template.dir/platform/mcu/stm32f103ze/libraries/STM32F1xx_HAL_Driver/Src/stm32f1xx_hal_pwr.c.obj
HAL_PWR_DeInit                                    CMakeFiles/Template.dir/platform/mcu/stm32f103ze/libraries/STM32F1xx_HAL_Driver/Src/stm32f1xx_hal_pwr.c.obj
HAL_PWR_DisableBkUpAccess                         CMakeFiles/Template.dir/platform/mcu/stm32f103ze/libraries/STM32F1xx_HAL_Driver/Src/stm32f1xx_hal_pwr.c.obj
HAL_PWR_DisablePVD                                CMakeFiles/Template.dir/platform/mcu/stm32f103ze/libraries/STM32F1xx_HAL_Driver/Src/stm32f1xx_hal_pwr.c.obj
HAL_PWR_DisableSEVOnPend                          CMakeFiles/Template.dir/platform/mcu/stm32f103ze/libraries/STM32F1xx_HAL_Driver/Src/stm32f1xx_hal_pwr.c.obj
HAL_PWR_DisableSleepOnExit                        CMakeFiles/Template.dir/platform/mcu/stm32f103ze/libraries/STM32F1xx_HAL_Driver/Src/stm32f1xx_hal_pwr.c.obj
HAL_PWR_DisableWakeUpPin                          CMakeFiles/Template.dir/platform/mcu/stm32f103ze/libraries/STM32F1xx_HAL_Driver/Src/stm32f1xx_hal_pwr.c.obj
HAL_PWR_EnableBkUpAccess                          CMakeFiles/Template.dir/platform/mcu/stm32f103ze/libraries/STM32F1xx_HAL_Driver/Src/stm32f1xx_hal_pwr.c.obj
HAL_PWR_EnablePVD                                 CMakeFiles/Template.dir/platform/mcu/stm32f103ze/libraries/STM32F1xx_HAL_Driver/Src/stm32f1xx_hal_pwr.c.obj
HAL_PWR_EnableSEVOnPend                           CMakeFiles/Template.dir/platform/mcu/stm32f103ze/libraries/STM32F1xx_HAL_Driver/Src/stm32f1xx_hal_pwr.c.obj
HAL_PWR_EnableSleepOnExit                         CMakeFiles/Template.dir/platform/mcu/stm32f103ze/libraries/STM32F1xx_HAL_Driver/Src/stm32f1xx_hal_pwr.c.obj
HAL_PWR_EnableWakeUpPin                           CMakeFiles/Template.dir/platform/mcu/stm32f103ze/libraries/STM32F1xx_HAL_Driver/Src/stm32f1xx_hal_pwr.c.obj
HAL_PWR_EnterSLEEPMode                            CMakeFiles/Template.dir/platform/mcu/stm32f103ze/libraries/STM32F1xx_HAL_Driver/Src/stm32f1xx_hal_pwr.c.obj
HAL_PWR_EnterSTANDBYMode                          CMakeFiles/Template.dir/platform/mcu/stm32f103ze/libraries/STM32F1xx_HAL_Driver/Src/stm32f1xx_hal_pwr.c.obj
HAL_PWR_EnterSTOPMode                             CMakeFiles/Template.dir/platform/mcu/stm32f103ze/libraries/STM32F1xx_HAL_Driver/Src/stm32f1xx_hal_pwr.c.obj
HAL_PWR_PVDCallback                               CMakeFiles/Template.dir/platform/mcu/stm32f103ze/libraries/STM32F1xx_HAL_Driver/Src/stm32f1xx_hal_pwr.c.obj
HAL_PWR_PVD_IRQHandler                            CMakeFiles/Template.dir/platform/mcu/stm32f103ze/libraries/STM32F1xx_HAL_Driver/Src/stm32f1xx_hal_pwr.c.obj
HAL_RCCEx_GetPeriphCLKConfig                      CMakeFiles/Template.dir/platform/mcu/stm32f103ze/libraries/STM32F1xx_HAL_Driver/Src/stm32f1xx_hal_rcc_ex.c.obj
HAL_RCCEx_GetPeriphCLKFreq                        CMakeFiles/Template.dir/platform/mcu/stm32f103ze/libraries/STM32F1xx_HAL_Driver/Src/stm32f1xx_hal_rcc_ex.c.obj
HAL_RCCEx_PeriphCLKConfig                         CMakeFiles/Template.dir/platform/mcu/stm32f103ze/libraries/STM32F1xx_HAL_Driver/Src/stm32f1xx_hal_rcc_ex.c.obj
HAL_RCC_CSSCallback                               CMakeFiles/Template.dir/platform/mcu/stm32f103ze/libraries/STM32F1xx_HAL_Driver/Src/stm32f1xx_hal_rcc.c.obj
HAL_RCC_ClockConfig                               CMakeFiles/Template.dir/platform/mcu/stm32f103ze/libraries/STM32F1xx_HAL_Driver/Src/stm32f1xx_hal_rcc.c.obj
                                                  CMakeFiles/Template.dir/platform/mcu/stm32f103ze/bsp/sys/sys.c.obj
HAL_RCC_DeInit                                    CMakeFiles/Template.dir/platform/mcu/stm32f103ze/libraries/STM32F1xx_HAL_Driver/Src/stm32f1xx_hal_rcc.c.obj
HAL_RCC_DisableCSS                                CMakeFiles/Template.dir/platform/mcu/stm32f103ze/libraries/STM32F1xx_HAL_Driver/Src/stm32f1xx_hal_rcc.c.obj
HAL_RCC_EnableCSS                                 CMakeFiles/Template.dir/platform/mcu/stm32f103ze/libraries/STM32F1xx_HAL_Driver/Src/stm32f1xx_hal_rcc.c.obj
HAL_RCC_GetClockConfig                            CMakeFiles/Template.dir/platform/mcu/stm32f103ze/libraries/STM32F1xx_HAL_Driver/Src/stm32f1xx_hal_rcc.c.obj
HAL_RCC_GetHCLKFreq                               CMakeFiles/Template.dir/platform/mcu/stm32f103ze/libraries/STM32F1xx_HAL_Driver/Src/stm32f1xx_hal_rcc.c.obj
HAL_RCC_GetOscConfig                              CMakeFiles/Template.dir/platform/mcu/stm32f103ze/libraries/STM32F1xx_HAL_Driver/Src/stm32f1xx_hal_rcc.c.obj
HAL_RCC_GetPCLK1Freq                              CMakeFiles/Template.dir/platform/mcu/stm32f103ze/libraries/STM32F1xx_HAL_Driver/Src/stm32f1xx_hal_rcc.c.obj
                                                  CMakeFiles/Template.dir/platform/mcu/stm32f103ze/libraries/STM32F1xx_HAL_Driver/Src/stm32f1xx_hal_uart.c.obj
HAL_RCC_GetPCLK2Freq                              CMakeFiles/Template.dir/platform/mcu/stm32f103ze/libraries/STM32F1xx_HAL_Driver/Src/stm32f1xx_hal_rcc.c.obj
                                                  CMakeFiles/Template.dir/platform/mcu/stm32f103ze/libraries/STM32F1xx_HAL_Driver/Src/stm32f1xx_hal_uart.c.obj
                                                  CMakeFiles/Template.dir/platform/mcu/stm32f103ze/libraries/STM32F1xx_HAL_Driver/Src/stm32f1xx_hal_rcc_ex.c.obj
HAL_RCC_GetSysClockFreq                           CMakeFiles/Template.dir/platform/mcu/stm32f103ze/libraries/STM32F1xx_HAL_Driver/Src/stm32f1xx_hal_rcc.c.obj
                                                  CMakeFiles/Template.dir/platform/mcu/stm32f103ze/libraries/STM32F1xx_HAL_Driver/Src/stm32f1xx_hal_rcc_ex.c.obj
HAL_RCC_MCOConfig                                 CMakeFiles/Template.dir/platform/mcu/stm32f103ze/libraries/STM32F1xx_HAL_Driver/Src/stm32f1xx_hal_rcc.c.obj
HAL_RCC_NMI_IRQHandler                            CMakeFiles/Template.dir/platform/mcu/stm32f103ze/libraries/STM32F1xx_HAL_Driver/Src/stm32f1xx_hal_rcc.c.obj
HAL_RCC_OscConfig                                 CMakeFiles/Template.dir/platform/mcu/stm32f103ze/libraries/STM32F1xx_HAL_Driver/Src/stm32f1xx_hal_rcc.c.obj
                                                  CMakeFiles/Template.dir/platform/mcu/stm32f103ze/bsp/sys/sys.c.obj
HAL_ResumeTick                                    CMakeFiles/Template.dir/platform/mcu/stm32f103ze/libraries/STM32F1xx_HAL_Driver/Src/stm32f1xx_hal.c.obj
HAL_SYSTICK_CLKSourceConfig                       CMakeFiles/Template.dir/platform/mcu/stm32f103ze/libraries/STM32F1xx_HAL_Driver/Src/stm32f1xx_hal_cortex.c.obj
                                                  CMakeFiles/Template.dir/platform/mcu/stm32f103ze/bsp/delay/delay.c.obj
HAL_SYSTICK_Callback                              CMakeFiles/Template.dir/platform/mcu/stm32f103ze/libraries/STM32F1xx_HAL_Driver/Src/stm32f1xx_hal_cortex.c.obj
HAL_SYSTICK_Config                                CMakeFiles/Template.dir/platform/mcu/stm32f103ze/libraries/STM32F1xx_HAL_Driver/Src/stm32f1xx_hal_cortex.c.obj
                                                  CMakeFiles/Template.dir/platform/mcu/stm32f103ze/libraries/STM32F1xx_HAL_Driver/Src/stm32f1xx_hal.c.obj
HAL_SYSTICK_IRQHandler                            CMakeFiles/Template.dir/platform/mcu/stm32f103ze/libraries/STM32F1xx_HAL_Driver/Src/stm32f1xx_hal_cortex.c.obj
HAL_SetTickFreq                                   CMakeFiles/Template.dir/platform/mcu/stm32f103ze/libraries/STM32F1xx_HAL_Driver/Src/stm32f1xx_hal.c.obj
HAL_SuspendTick                                   CMakeFiles/Template.dir/platform/mcu/stm32f103ze/libraries/STM32F1xx_HAL_Driver/Src/stm32f1xx_hal.c.obj
HAL_UARTEx_GetRxEventType                         CMakeFiles/Template.dir/platform/mcu/stm32f103ze/libraries/STM32F1xx_HAL_Driver/Src/stm32f1xx_hal_uart.c.obj
HAL_UARTEx_ReceiveToIdle                          CMakeFiles/Template.dir/platform/mcu/stm32f103ze/libraries/STM32F1xx_HAL_Driver/Src/stm32f1xx_hal_uart.c.obj
HAL_UARTEx_ReceiveToIdle_DMA                      CMakeFiles/Template.dir/platform/mcu/stm32f103ze/libraries/STM32F1xx_HAL_Driver/Src/stm32f1xx_hal_uart.c.obj
HAL_UARTEx_ReceiveToIdle_IT                       CMakeFiles/Template.dir/platform/mcu/stm32f103ze/libraries/STM32F1xx_HAL_Driver/Src/stm32f1xx_hal_uart.c.obj
HAL_UARTEx_RxEventCallback                        CMakeFiles/Template.dir/platform/mcu/stm32f103ze/libraries/STM32F1xx_HAL_Driver/Src/stm32f1xx_hal_uart.c.obj
HAL_UART_Abort                                    CMakeFiles/Template.dir/platform/mcu/stm32f103ze/libraries/STM32F1xx_HAL_Driver/Src/stm32f1xx_hal_uart.c.obj
HAL_UART_AbortCpltCallback                        CMakeFiles/Template.dir/platform/mcu/stm32f103ze/libraries/STM32F1xx_HAL_Driver/Src/stm32f1xx_hal_uart.c.obj
HAL_UART_AbortReceive                             CMakeFiles/Template.dir/platform/mcu/stm32f103ze/libraries/STM32F1xx_HAL_Driver/Src/stm32f1xx_hal_uart.c.obj
HAL_UART_AbortReceiveCpltCallback                 CMakeFiles/Template.dir/platform/mcu/stm32f103ze/libraries/STM32F1xx_HAL_Driver/Src/stm32f1xx_hal_uart.c.obj
HAL_UART_AbortReceive_IT                          CMakeFiles/Template.dir/platform/mcu/stm32f103ze/libraries/STM32F1xx_HAL_Driver/Src/stm32f1xx_hal_uart.c.obj
HAL_UART_AbortTransmit                            CMakeFiles/Template.dir/platform/mcu/stm32f103ze/libraries/STM32F1xx_HAL_Driver/Src/stm32f1xx_hal_uart.c.obj
HAL_UART_AbortTransmitCpltCallback                CMakeFiles/Template.dir/platform/mcu/stm32f103ze/libraries/STM32F1xx_HAL_Driver/Src/stm32f1xx_hal_uart.c.obj
HAL_UART_AbortTransmit_IT                         CMakeFiles/Template.dir/platform/mcu/stm32f103ze/libraries/STM32F1xx_HAL_Driver/Src/stm32f1xx_hal_uart.c.obj
HAL_UART_Abort_IT                                 CMakeFiles/Template.dir/platform/mcu/stm32f103ze/libraries/STM32F1xx_HAL_Driver/Src/stm32f1xx_hal_uart.c.obj
HAL_UART_DMAPause                                 CMakeFiles/Template.dir/platform/mcu/stm32f103ze/libraries/STM32F1xx_HAL_Driver/Src/stm32f1xx_hal_uart.c.obj
HAL_UART_DMAResume                                CMakeFiles/Template.dir/platform/mcu/stm32f103ze/libraries/STM32F1xx_HAL_Driver/Src/stm32f1xx_hal_uart.c.obj
HAL_UART_DMAStop                                  CMakeFiles/Template.dir/platform/mcu/stm32f103ze/libraries/STM32F1xx_HAL_Driver/Src/stm32f1xx_hal_uart.c.obj
HAL_UART_DeInit                                   CMakeFiles/Template.dir/platform/mcu/stm32f103ze/libraries/STM32F1xx_HAL_Driver/Src/stm32f1xx_hal_uart.c.obj
HAL_UART_ErrorCallback                            CMakeFiles/Template.dir/platform/mcu/stm32f103ze/libraries/STM32F1xx_HAL_Driver/Src/stm32f1xx_hal_uart.c.obj
HAL_UART_GetError                                 CMakeFiles/Template.dir/platform/mcu/stm32f103ze/libraries/STM32F1xx_HAL_Driver/Src/stm32f1xx_hal_uart.c.obj
HAL_UART_GetState                                 CMakeFiles/Template.dir/platform/mcu/stm32f103ze/libraries/STM32F1xx_HAL_Driver/Src/stm32f1xx_hal_uart.c.obj
HAL_UART_IRQHandler                               CMakeFiles/Template.dir/platform/mcu/stm32f103ze/libraries/STM32F1xx_HAL_Driver/Src/stm32f1xx_hal_uart.c.obj
HAL_UART_Init                                     CMakeFiles/Template.dir/platform/mcu/stm32f103ze/libraries/STM32F1xx_HAL_Driver/Src/stm32f1xx_hal_uart.c.obj
HAL_UART_MspDeInit                                CMakeFiles/Template.dir/platform/mcu/stm32f103ze/libraries/STM32F1xx_HAL_Driver/Src/stm32f1xx_hal_uart.c.obj
HAL_UART_MspInit                                  CMakeFiles/Template.dir/platform/mcu/stm32f103ze/libraries/STM32F1xx_HAL_Driver/Src/stm32f1xx_hal_uart.c.obj
HAL_UART_Receive                                  CMakeFiles/Template.dir/platform/mcu/stm32f103ze/libraries/STM32F1xx_HAL_Driver/Src/stm32f1xx_hal_uart.c.obj
HAL_UART_Receive_DMA                              CMakeFiles/Template.dir/platform/mcu/stm32f103ze/libraries/STM32F1xx_HAL_Driver/Src/stm32f1xx_hal_uart.c.obj
HAL_UART_Receive_IT                               CMakeFiles/Template.dir/platform/mcu/stm32f103ze/libraries/STM32F1xx_HAL_Driver/Src/stm32f1xx_hal_uart.c.obj
HAL_UART_RxCpltCallback                           CMakeFiles/Template.dir/platform/mcu/stm32f103ze/libraries/STM32F1xx_HAL_Driver/Src/stm32f1xx_hal_uart.c.obj
HAL_UART_RxHalfCpltCallback                       CMakeFiles/Template.dir/platform/mcu/stm32f103ze/libraries/STM32F1xx_HAL_Driver/Src/stm32f1xx_hal_uart.c.obj
HAL_UART_Transmit                                 CMakeFiles/Template.dir/platform/mcu/stm32f103ze/libraries/STM32F1xx_HAL_Driver/Src/stm32f1xx_hal_uart.c.obj
HAL_UART_Transmit_DMA                             CMakeFiles/Template.dir/platform/mcu/stm32f103ze/libraries/STM32F1xx_HAL_Driver/Src/stm32f1xx_hal_uart.c.obj
HAL_UART_Transmit_IT                              CMakeFiles/Template.dir/platform/mcu/stm32f103ze/libraries/STM32F1xx_HAL_Driver/Src/stm32f1xx_hal_uart.c.obj
HAL_UART_TxCpltCallback                           CMakeFiles/Template.dir/platform/mcu/stm32f103ze/libraries/STM32F1xx_HAL_Driver/Src/stm32f1xx_hal_uart.c.obj
HAL_UART_TxHalfCpltCallback                       CMakeFiles/Template.dir/platform/mcu/stm32f103ze/libraries/STM32F1xx_HAL_Driver/Src/stm32f1xx_hal_uart.c.obj
HardFault_Handler                                 CMakeFiles/Template.dir/platform/mcu/stm32f103ze/bsp/it/stm32f1xx_it.c.obj
I2C1_ER_IRQHandler                                CMakeFiles/Template.dir/platform/mcu/stm32f103ze/core/GCC/startup_stm32f103xe.s.obj
I2C1_EV_IRQHandler                                CMakeFiles/Template.dir/platform/mcu/stm32f103ze/core/GCC/startup_stm32f103xe.s.obj
I2C2_ER_IRQHandler                                CMakeFiles/Template.dir/platform/mcu/stm32f103ze/core/GCC/startup_stm32f103xe.s.obj
I2C2_EV_IRQHandler                                CMakeFiles/Template.dir/platform/mcu/stm32f103ze/core/GCC/startup_stm32f103xe.s.obj
LED_blinky                                        CMakeFiles/Template.dir/app/main.c.obj
LED_blinky2                                       CMakeFiles/Template.dir/app/main.c.obj
MemManage_Handler                                 CMakeFiles/Template.dir/platform/mcu/stm32f103ze/bsp/it/stm32f1xx_it.c.obj
NMI_Handler                                       CMakeFiles/Template.dir/platform/mcu/stm32f103ze/bsp/it/stm32f1xx_it.c.obj
PVD_IRQHandler                                    CMakeFiles/Template.dir/platform/mcu/stm32f103ze/core/GCC/startup_stm32f103xe.s.obj
PendSV_Handler                                    CMakeFiles/Template.dir/platform/mcu/stm32f103ze/bsp/it/stm32f1xx_it.c.obj
RCC_IRQHandler                                    CMakeFiles/Template.dir/platform/mcu/stm32f103ze/core/GCC/startup_stm32f103xe.s.obj
RTC_Alarm_IRQHandler                              CMakeFiles/Template.dir/platform/mcu/stm32f103ze/core/GCC/startup_stm32f103xe.s.obj
RTC_IRQHandler                                    CMakeFiles/Template.dir/platform/mcu/stm32f103ze/core/GCC/startup_stm32f103xe.s.obj
Reset_Handler                                     CMakeFiles/Template.dir/platform/mcu/stm32f103ze/core/GCC/startup_stm32f103xe.s.obj
SDIO_IRQHandler                                   CMakeFiles/Template.dir/platform/mcu/stm32f103ze/core/GCC/startup_stm32f103xe.s.obj
SPI1_IRQHandler                                   CMakeFiles/Template.dir/platform/mcu/stm32f103ze/core/GCC/startup_stm32f103xe.s.obj
SPI2_IRQHandler                                   CMakeFiles/Template.dir/platform/mcu/stm32f103ze/core/GCC/startup_stm32f103xe.s.obj
SPI3_IRQHandler                                   CMakeFiles/Template.dir/platform/mcu/stm32f103ze/core/GCC/startup_stm32f103xe.s.obj
SVC_Handler                                       CMakeFiles/Template.dir/platform/mcu/stm32f103ze/bsp/it/stm32f1xx_it.c.obj
Stm32_Clock_Init                                  CMakeFiles/Template.dir/platform/mcu/stm32f103ze/bsp/sys/sys.c.obj
                                                  CMakeFiles/Template.dir/app/main.c.obj
SysTick_Handler                                   CMakeFiles/Template.dir/platform/mcu/stm32f103ze/bsp/it/stm32f1xx_it.c.obj
SystemCoreClock                                   CMakeFiles/Template.dir/platform/mcu/stm32f103ze/core/system_stm32f1xx.c.obj
                                                  CMakeFiles/Template.dir/platform/mcu/stm32f103ze/libraries/STM32F1xx_HAL_Driver/Src/stm32f1xx_hal_rcc.c.obj
                                                  CMakeFiles/Template.dir/platform/mcu/stm32f103ze/libraries/STM32F1xx_HAL_Driver/Src/stm32f1xx_hal.c.obj
SystemCoreClockUpdate                             CMakeFiles/Template.dir/platform/mcu/stm32f103ze/core/system_stm32f1xx.c.obj
SystemInit                                        CMakeFiles/Template.dir/platform/mcu/stm32f103ze/core/system_stm32f1xx.c.obj
                                                  CMakeFiles/Template.dir/platform/mcu/stm32f103ze/core/GCC/startup_stm32f103xe.s.obj
TAMPER_IRQHandler                                 CMakeFiles/Template.dir/platform/mcu/stm32f103ze/core/GCC/startup_stm32f103xe.s.obj
TIM1_BRK_IRQHandler                               CMakeFiles/Template.dir/platform/mcu/stm32f103ze/core/GCC/startup_stm32f103xe.s.obj
TIM1_CC_IRQHandler                                CMakeFiles/Template.dir/platform/mcu/stm32f103ze/core/GCC/startup_stm32f103xe.s.obj
TIM1_TRG_COM_IRQHandler                           CMakeFiles/Template.dir/platform/mcu/stm32f103ze/core/GCC/startup_stm32f103xe.s.obj
TIM1_UP_IRQHandler                                CMakeFiles/Template.dir/platform/mcu/stm32f103ze/core/GCC/startup_stm32f103xe.s.obj
TIM2_IRQHandler                                   CMakeFiles/Template.dir/platform/mcu/stm32f103ze/core/GCC/startup_stm32f103xe.s.obj
TIM3_IRQHandler                                   CMakeFiles/Template.dir/platform/mcu/stm32f103ze/core/GCC/startup_stm32f103xe.s.obj
TIM4_IRQHandler                                   CMakeFiles/Template.dir/platform/mcu/stm32f103ze/core/GCC/startup_stm32f103xe.s.obj
TIM5_IRQHandler                                   CMakeFiles/Template.dir/platform/mcu/stm32f103ze/core/GCC/startup_stm32f103xe.s.obj
TIM6_IRQHandler                                   CMakeFiles/Template.dir/platform/mcu/stm32f103ze/core/GCC/startup_stm32f103xe.s.obj
TIM7_IRQHandler                                   CMakeFiles/Template.dir/platform/mcu/stm32f103ze/core/GCC/startup_stm32f103xe.s.obj
TIM8_BRK_IRQHandler                               CMakeFiles/Template.dir/platform/mcu/stm32f103ze/core/GCC/startup_stm32f103xe.s.obj
TIM8_CC_IRQHandler                                CMakeFiles/Template.dir/platform/mcu/stm32f103ze/core/GCC/startup_stm32f103xe.s.obj
TIM8_TRG_COM_IRQHandler                           CMakeFiles/Template.dir/platform/mcu/stm32f103ze/core/GCC/startup_stm32f103xe.s.obj
TIM8_UP_IRQHandler                                CMakeFiles/Template.dir/platform/mcu/stm32f103ze/core/GCC/startup_stm32f103xe.s.obj
UART4_IRQHandler                                  CMakeFiles/Template.dir/platform/mcu/stm32f103ze/core/GCC/startup_stm32f103xe.s.obj
UART5_IRQHandler                                  CMakeFiles/Template.dir/platform/mcu/stm32f103ze/core/GCC/startup_stm32f103xe.s.obj
UART_Start_Receive_DMA                            CMakeFiles/Template.dir/platform/mcu/stm32f103ze/libraries/STM32F1xx_HAL_Driver/Src/stm32f1xx_hal_uart.c.obj
UART_Start_Receive_IT                             CMakeFiles/Template.dir/platform/mcu/stm32f103ze/libraries/STM32F1xx_HAL_Driver/Src/stm32f1xx_hal_uart.c.obj
USART1_IRQHandler                                 CMakeFiles/Template.dir/platform/mcu/stm32f103ze/core/GCC/startup_stm32f103xe.s.obj