C51 COMPILER V9.60.0.0   MAIN                                                              11/19/2024 22:32:54 PAGE 1   


C51 COMPILER V9.60.0.0, COMPILATION OF MODULE MAIN
OBJECT MODULE PLACED IN .\Objects\main.obj
COMPILER INVOKED BY: D:\software\IDE\keil\C51\BIN\C51.EXE main.c OPTIMIZE(8,SPEED) BROWSE DEBUG OBJECTEXTEND PRINT(.\Lis
                    -tings\main.lst) TABS(2) OBJECT(.\Objects\main.obj)

line level    source

   1          #include "reg52.h"
   2          #include "Extimer.h"
   3          sbit P2_0=P2^0;
   4          sbit P2_1=P2^1;
   5          sbit P2_2=P2^2;
   6          
   7          
   8          
   9          void timer0_Int() interrupt 1
  10          {
  11   1        TL0 = 0x66;   //设置定时初值
  12   1        TH0 = 0xFC;   //设置定时初值
  13   1        exTimer_tick_inc();
  14   1      }
  15          
  16          //void UartInit(void)   //9600bps@11.0592MHz
  17          //{
  18          //  PCON &= 0x7F;   //波特率不倍速
  19          //  SCON = 0x50;    //8位数据,可变波特率
  20          //  AUXR &= 0xBF;   //定时器1时钟为Fosc/12,即12T
  21          //  AUXR &= 0xFE;   //串口1选择定时器1为波特率发生器
  22          //  TMOD &= 0x0F;   //清除定时器1模式位
  23          //  TMOD |= 0x20;   //设定定时器1为8位自动重装方式
  24          //  TL1 = 0xFD;   //设定定时初值
  25          //  TH1 = 0xFD;   //设定定时器重装值
  26          //  ET1 = 0;    //禁止定时器1中断
  27          //  TR1 = 1;    //启动定时器1
  28          //}
  29          
  30          
  31          void Timer0Init(void)   //1毫秒@11.0592MHz
  32          {
  33   1        TMOD &= 0xF0;   //设置定时器模式
  34   1        TMOD |= 0x01;   //设置定时器模式
  35   1        TL0 = 0x66;   //设置定时初值
  36   1        TH0 = 0xFC;   //设置定时初值
  37   1        TF0 = 0;    //清除TF0标志
  38   1        TR0 = 1;    //定时器0开始计时
  39   1        ET0=1;
  40   1        EA=1;
  41   1      }
  42          
  43          
  44          void LED_blinky(void )
  45          {
  46   1          
  47   1          P2_0=!P2_0;
  48   1      }
  49          
  50          void LED_blinky2(void)
  51          {
  52   1      
  53   1      
  54   1          P2_1=!P2_1;
C51 COMPILER V9.60.0.0   MAIN                                                              11/19/2024 22:32:54 PAGE 2   

  55   1      }
  56          
  57          void LED_blinky3(void)
  58          {
  59   1        P2_2=!P2_2;
  60   1        
  61   1      }
  62          
  63          void main()
  64          {
  65   1        
  66   1            
  67   1          
  68   1          exTimer_t LEDtimer;
  69   1          exTimer_t LEDtimer2;
  70   1        
  71   1          exTimer_t LED3;
  72   1      
  73   1          Timer0Init();
  74   1        
  75   1          exTimerManagerCreate();
  76   1        
  77   1      
  78   1          LEDtimer.interval=1000;
  79   1          LEDtimer.Enable=1;
  80   1          LEDtimer.timer_callback=LED_blinky;
  81   1        
  82   1          LEDtimer2.interval=2000;
  83   1          LEDtimer2.Enable=1;
  84   1          LEDtimer2.timer_callback=LED_blinky2;
  85   1        
  86   1          LED3.interval=3000;
  87   1          LED3.Enable=1;
  88   1          LED3.timer_callback=LED_blinky3;
  89   1          
  90   1          exTimer_add(&LEDtimer);
  91   1          exTimer_add(&LEDtimer2);
  92   1          exTimer_add(&LED3);
  93   1      
  94   1        while(1)
  95   1        {
  96   2        pollingExTimer();
  97   2      
  98   2        }
  99   1      
 100   1      }


MODULE INFORMATION:   STATIC OVERLAYABLE
   CODE SIZE        =    187    ----
   CONSTANT SIZE    =   ----    ----
   XDATA SIZE       =   ----    ----
   PDATA SIZE       =   ----    ----
   DATA SIZE        =   ----      30
   IDATA SIZE       =   ----    ----
   BIT SIZE         =   ----    ----
END OF MODULE INFORMATION.


C51 COMPILATION COMPLETE.  0 WARNING(S),  0 ERROR(S)
